Archive member included to satisfy reference by file (symbol)

C:/ST/STM32CubeCLT_1.21.0/GNU-tools-for-STM32/bin/../lib/gcc/arm-none-eabi/14.3.1/../../../../arm-none-eabi/lib/thumb/v7e-m+dp/hard\libm.a(libm_a-wf_atan2.o)
                              ../../application/source/IMU_Control.o (atan2f)
C:/ST/STM32CubeCLT_1.21.0/GNU-tools-for-STM32/bin/../lib/gcc/arm-none-eabi/14.3.1/../../../../arm-none-eabi/lib/thumb/v7e-m+dp/hard\libm.a(libm_a-wf_sqrt.o)
                              ../../application/source/IMU_Control.o (sqrtf)
C:/ST/STM32CubeCLT_1.21.0/GNU-tools-for-STM32/bin/../lib/gcc/arm-none-eabi/14.3.1/../../../../arm-none-eabi/lib/thumb/v7e-m+dp/hard\libm.a(libm_a-ef_sqrt.o)
                              C:/ST/STM32CubeCLT_1.21.0/GNU-tools-for-STM32/bin/../lib/gcc/arm-none-eabi/14.3.1/../../../../arm-none-eabi/lib/thumb/v7e-m+dp/hard\libm.a(libm_a-wf_sqrt.o) (__ieee754_sqrtf)
C:/ST/STM32CubeCLT_1.21.0/GNU-tools-for-STM32/bin/../lib/gcc/arm-none-eabi/14.3.1/../../../../arm-none-eabi/lib/thumb/v7e-m+dp/hard\libm.a(libm_a-ef_atan2.o)
                              C:/ST/STM32CubeCLT_1.21.0/GNU-tools-for-STM32/bin/../lib/gcc/arm-none-eabi/14.3.1/../../../../arm-none-eabi/lib/thumb/v7e-m+dp/hard\libm.a(libm_a-wf_atan2.o) (__ieee754_atan2f)
C:/ST/STM32CubeCLT_1.21.0/GNU-tools-for-STM32/bin/../lib/gcc/arm-none-eabi/14.3.1/../../../../arm-none-eabi/lib/thumb/v7e-m+dp/hard\libm.a(libm_a-sf_atan.o)
                              C:/ST/STM32CubeCLT_1.21.0/GNU-tools-for-STM32/bin/../lib/gcc/arm-none-eabi/14.3.1/../../../../arm-none-eabi/lib/thumb/v7e-m+dp/hard\libm.a(libm_a-ef_atan2.o) (atanf)
C:/ST/STM32CubeCLT_1.21.0/GNU-tools-for-STM32/bin/../lib/gcc/arm-none-eabi/14.3.1/../../../../arm-none-eabi/lib/thumb/v7e-m+dp/hard\libm.a(libm_a-sf_fabs.o)
                              C:/ST/STM32CubeCLT_1.21.0/GNU-tools-for-STM32/bin/../lib/gcc/arm-none-eabi/14.3.1/../../../../arm-none-eabi/lib/thumb/v7e-m+dp/hard\libm.a(libm_a-ef_atan2.o) (fabsf)
C:/ST/STM32CubeCLT_1.21.0/GNU-tools-for-STM32/bin/../lib/gcc/arm-none-eabi/14.3.1/../../../../arm-none-eabi/lib/thumb/v7e-m+dp/hard\libc.a(libc_a-exit.o)
                              C:/ST/STM32CubeCLT_1.21.0/GNU-tools-for-STM32/bin/../lib/gcc/arm-none-eabi/14.3.1/../../../../arm-none-eabi/lib/thumb/v7e-m+dp/hard/crt0.o (exit)
C:/ST/STM32CubeCLT_1.21.0/GNU-tools-for-STM32/bin/../lib/gcc/arm-none-eabi/14.3.1/../../../../arm-none-eabi/lib/thumb/v7e-m+dp/hard\libc.a(libc_a-findfp.o)
                              C:/ST/STM32CubeCLT_1.21.0/GNU-tools-for-STM32/bin/../lib/gcc/arm-none-eabi/14.3.1/../../../../arm-none-eabi/lib/thumb/v7e-m+dp/hard\libc.a(libc_a-exit.o) (__stdio_exit_handler)
C:/ST/STM32CubeCLT_1.21.0/GNU-tools-for-STM32/bin/../lib/gcc/arm-none-eabi/14.3.1/../../../../arm-none-eabi/lib/thumb/v7e-m+dp/hard\libc.a(libc_a-fwalk.o)
                              C:/ST/STM32CubeCLT_1.21.0/GNU-tools-for-STM32/bin/../lib/gcc/arm-none-eabi/14.3.1/../../../../arm-none-eabi/lib/thumb/v7e-m+dp/hard\libc.a(libc_a-findfp.o) (_fwalk_sglue)
C:/ST/STM32CubeCLT_1.21.0/GNU-tools-for-STM32/bin/../lib/gcc/arm-none-eabi/14.3.1/../../../../arm-none-eabi/lib/thumb/v7e-m+dp/hard\libc.a(libc_a-sprintf.o)
                              ../../application/source/Bluetooth_Console.o (sprintf)
C:/ST/STM32CubeCLT_1.21.0/GNU-tools-for-STM32/bin/../lib/gcc/arm-none-eabi/14.3.1/../../../../arm-none-eabi/lib/thumb/v7e-m+dp/hard\libc.a(libc_a-stdio.o)
                              C:/ST/STM32CubeCLT_1.21.0/GNU-tools-for-STM32/bin/../lib/gcc/arm-none-eabi/14.3.1/../../../../arm-none-eabi/lib/thumb/v7e-m+dp/hard\libc.a(libc_a-findfp.o) (__sread)
C:/ST/STM32CubeCLT_1.21.0/GNU-tools-for-STM32/bin/../lib/gcc/arm-none-eabi/14.3.1/../../../../arm-none-eabi/lib/thumb/v7e-m+dp/hard\libc.a(libc_a-memset.o)
                              C:/ST/STM32CubeCLT_1.21.0/GNU-tools-for-STM32/bin/../lib/gcc/arm-none-eabi/14.3.1/../../../../arm-none-eabi/lib/thumb/v7e-m+dp/hard/crt0.o (memset)
C:/ST/STM32CubeCLT_1.21.0/GNU-tools-for-STM32/bin/../lib/gcc/arm-none-eabi/14.3.1/../../../../arm-none-eabi/lib/thumb/v7e-m+dp/hard\libc.a(libc_a-closer.o)
                              C:/ST/STM32CubeCLT_1.21.0/GNU-tools-for-STM32/bin/../lib/gcc/arm-none-eabi/14.3.1/../../../../arm-none-eabi/lib/thumb/v7e-m+dp/hard\libc.a(libc_a-stdio.o) (_close_r)
C:/ST/STM32CubeCLT_1.21.0/GNU-tools-for-STM32/bin/../lib/gcc/arm-none-eabi/14.3.1/../../../../arm-none-eabi/lib/thumb/v7e-m+dp/hard\libc.a(libc_a-reent.o)
                              C:/ST/STM32CubeCLT_1.21.0/GNU-tools-for-STM32/bin/../lib/gcc/arm-none-eabi/14.3.1/../../../../arm-none-eabi/lib/thumb/v7e-m+dp/hard\libc.a(libc_a-closer.o) (errno)
C:/ST/STM32CubeCLT_1.21.0/GNU-tools-for-STM32/bin/../lib/gcc/arm-none-eabi/14.3.1/../../../../arm-none-eabi/lib/thumb/v7e-m+dp/hard\libc.a(libc_a-impure.o)
[...]
Memory Configuration

Name             Origin             Length             Attributes
FLASH            0x08000000         0x00100000
RAM              0x20000000         0x00020000
*default*        0x00000000         0xffffffff

Linker script and memory map

LOAD C:/ST/STM32CubeCLT_1.21.0/GNU-tools-for-STM32/bin/../lib/gcc/arm-none-eabi/14.3.1/thumb/v7e-m+dp/hard/crti.o
LOAD C:/ST/STM32CubeCLT_1.21.0/GNU-tools-for-STM32/bin/../lib/gcc/arm-none-eabi/14.3.1/thumb/v7e-m+dp/hard/crtbegin.o
LOAD C:/ST/STM32CubeCLT_1.21.0/GNU-tools-for-STM32/bin/../lib/gcc/arm-none-eabi/14.3.1/../../../../arm-none-eabi/lib/thumb/v7e-m+dp/hard/crt0.o
LOAD ../port/boot.o
LOAD ../../arm_cortex/system_stm32h7xx_dualcore_boot_cm4_cm7.o
LOAD ../../FreeRTOS-Kernel/tasks.o
LOAD ../../FreeRTOS-Kernel/custom_hooks.o
LOAD ../../FreeRTOS-Kernel/list.o
LOAD ../../FreeRTOS-Kernel/queue.o
LOAD ../../FreeRTOS-Kernel/timers.o
LOAD ../../FreeRTOS-Kernel/portable/MemMang/heap_4.o
LOAD ../../FreeRTOS-Kernel/portable/GCC/ARM_CM7/r0p1/port.o
LOAD ../../application/source/Bluetooth_Console.o
LOAD ../../application/source/IMU_Control.o
LOAD ../../application/source/MotorControl.o
LOAD ../../application/source/Ultrasonic_Sensor.o
LOAD ../../STM32H7xx_HAL_Driver/Src/stm32h7xx_hal.o
LOAD ../../STM32H7xx_HAL_Driver/Src/stm32h7xx_hal_adc.o
LOAD ../../STM32H7xx_HAL_Driver/Src/stm32h7xx_hal_adc_ex.o
LOAD ../../STM32H7xx_HAL_Driver/Src/stm32h7xx_hal_cortex.o
LOAD ../../STM32H7xx_HAL_Driver/Src/stm32h7xx_hal_dma.o
LOAD ../../STM32H7xx_HAL_Driver/Src/stm32h7xx_hal_exti.o
LOAD ../../STM32H7xx_HAL_Driver/Src/stm32h7xx_hal_gpio.o
LOAD ../../STM32H7xx_HAL_Driver/Src/stm32h7xx_hal_hsem.o
LOAD ../../STM32H7xx_HAL_Driver/Src/stm32h7xx_hal_i2c.o
LOAD ../../STM32H7xx_HAL_Driver/Src/stm32h7xx_hal_i2c_ex.o
LOAD ../../STM32H7xx_HAL_Driver/Src/stm32h7xx_hal_pwr.o
LOAD ../../STM32H7xx_HAL_Driver/Src/stm32h7xx_hal_pwr_ex.o
LOAD ../../STM32H7xx_HAL_Driver/Src/stm32h7xx_hal_rcc.o
LOAD ../../STM32H7xx_HAL_Driver/Src/stm32h7xx_hal_rcc_ex.o
LOAD ../../STM32H7xx_HAL_Driver/Src/stm32h7xx_hal_tim.o
LOAD ../../STM32H7xx_HAL_Driver/Src/stm32h7xx_hal_tim_ex.o
LOAD ../../STM32H7xx_HAL_Driver/Src/stm32h7xx_hal_uart.o
LOAD ../../STM32H7xx_HAL_Driver/Src/stm32h7xx_hal_uart_ex.o
LOAD ../../STM32H7xx_HAL_Driver/Src/stm32h7xx_ll_pwr.o
LOAD ../../STM32H7xx_HAL_Driver/Src/stm32h7xx_nucleo.o
LOAD ../port/exception_handlers.o
LOAD ../port/main.o
LOAD ../port/portFunctions.o
LOAD ../port/start.o
LOAD C:/ST/STM32CubeCLT_1.21.0/GNU-tools-for-STM32/bin/../lib/gcc/arm-none-eabi/14.3.1/../../../../arm-none-eabi/lib/thumb/v7e-m+dp/hard\libm.a
LOAD C:/ST/STM32CubeCLT_1.21.0/GNU-tools-for-STM32/bin/../lib/gcc/arm-none-eabi/14.3.1/../../../../arm-none-eabi/lib/thumb/v7e-m+dp/hard\libc.a
START GROUP
LOAD C:/ST/STM32CubeCLT_1.21.0/GNU-tools-for-STM32/bin/../lib/gcc/arm-none-eabi/14.3.1/thumb/v7e-m+dp/hard\libgcc.a
LOAD C:/ST/STM32CubeCLT_1.21.0/GNU-tools-for-STM32/bin/../lib/gcc/arm-none-eabi/14.3.1/../../../../arm-none-eabi/lib/thumb/v7e-m+dp/hard\libc.a
END GROUP
START GROUP
LOAD C:/ST/STM32CubeCLT_1.21.0/GNU-tools-for-STM32/bin/../lib/gcc/arm-none-eabi/14.3.1/thumb/v7e-m+dp/hard\libgcc.a
LOAD C:/ST/STM32CubeCLT_1.21.0/GNU-tools-for-STM32/bin/../lib/gcc/arm-none-eabi/14.3.1/../../../../arm-none-eabi/lib/thumb/v7e-m+dp/hard\libc.a
LOAD C:/ST/STM32CubeCLT_1.21.0/GNU-tools-for-STM32/bin/../lib/gcc/arm-none-eabi/14.3.1/../../../../arm-none-eabi/lib/thumb/v7e-m+dp/hard\libnosys.a
END GROUP
LOAD C:/ST/STM32CubeCLT_1.21.0/GNU-tools-for-STM32/bin/../lib/gcc/arm-none-eabi/14.3.1/thumb/v7e-m+dp/hard/crtend.o
LOAD C:/ST/STM32CubeCLT_1.21.0/GNU-tools-for-STM32/bin/../lib/gcc/arm-none-eabi/14.3.1/thumb/v7e-m+dp/hard/crtn.o
                0x00002000                        STACK_SIZE = 0x2000

.text           0x08000000    0x345ac
                0x08000000                        _stext = .
 *(.vectors*)
 .vectors       0x08000000      0x4f0 ../port/boot.o
 *(.text*)
 .text          0x080004f0       0x28 ../port/boot.o
                0x080004f0                reset_handler
                0x08000512                TIM8_CC_IRQHandler
                0x08000512                HRTIM1_Master_IRQHandler
                0x08000512                UART8_IRQHandler
                0x08000512                EXTI2_IRQHandler
                0x08000512                RTC_Alarm_IRQHandler
                0x08000512                SPI4_IRQHandler
                0x08000512                TIM1_CC_IRQHandler
                0x08000512                BDMA_Channel6_IRQHandler
                0x08000512                DMA2_Stream5_IRQHandler
                0x08000512                HRTIM1_FLT_IRQHandler
                0x08000512                JPEG_IRQHandler
                0x08000512                DMA1_Stream5_IRQHandler
                0x08000512                BDMA_Channel1_IRQHandler
                0x08000512                HRTIM1_TIMD_IRQHandler
                0x08000512                TAMP_STAMP_IRQHandler
                0x08000512                EXTI3_IRQHandler
                0x08000512                LPTIM4_IRQHandler
                0x08000512                TIM8_TRG_COM_TIM14_IRQHandler
                0x08000512                LPTIM2_IRQHandler
                0x08000512                DFSDM1_FLT1_IRQHandler
                0x08000512                DMAMUX2_OVR_IRQHandler
                0x08000512                TIM8_UP_TIM13_IRQHandler
                0x08000512                I2C3_ER_IRQHandler
                0x08000512                DFSDM1_FLT2_IRQHandler
                0x08000512                MDMA_IRQHandler
                0x08000512                LPTIM3_IRQHandler
                0x08000512                HSEM1_IRQHandler
                0x08000512                EXTI0_IRQHandler
                0x08000512                I2C2_EV_IRQHandler
                0x08000512                DMA1_Stream2_IRQHandler
                0x08000512                FPU_IRQHandler
                0x08000512                OTG_HS_WKUP_IRQHandler
                0x08000512                FDCAN1_IT1_IRQHandler
                0x08000512                LTDC_ER_IRQHandler
                0x08000512                DMA2_Stream2_IRQHandler
                0x08000512                HRTIM1_TIME_IRQHandler
                0x08000512                SPI1_IRQHandler
                0x08000512                TIM6_DAC_IRQHandler
                0x08000512                DCMI_IRQHandler
                0x08000512                HRTIM1_TIMC_IRQHandler
                0x08000512                DMA2_Stream3_IRQHandler
                0x08000512                SAI2_IRQHandler
                0x08000512                DFSDM1_FLT3_IRQHandler
                0x08000512                USART6_IRQHandler
                0x08000512                TIM17_IRQHandler
                0x08000512                USART3_IRQHandler
                0x08000512                BDMA_Channel7_IRQHandler
                0x08000512                LPTIM5_IRQHandler
                0x08000512                UART5_IRQHandler
                0x08000512                ADC3_IRQHandler
                0x08000512                DMA2_Stream0_IRQHandler
                0x08000512                TIM4_IRQHandler
                0x08000512                BDMA_Channel2_IRQHandler
                0x08000512                QUADSPI_IRQHandler
                0x08000512                I2C1_EV_IRQHandler
                0x08000512                DMA1_Stream6_IRQHandler
                0x08000512                DMAMUX1_OVR_IRQHandler
                0x08000512                DMA1_Stream1_IRQHandler
                0x08000512                TIM16_IRQHandler
                0x08000512                UART4_IRQHandler
                0x08000512                BDMA_Channel5_IRQHandler
                0x08000512                TIM3_IRQHandler
                0x08000512                RCC_IRQHandler
                0x08000512                TIM8_BRK_TIM12_IRQHandler
                0x08000512                TIM1_TRG_COM_IRQHandler
                0x08000512                ECC_IRQHandler
                0x08000512                CEC_IRQHandler
                0x08000512                EXTI15_10_IRQHandler
                0x08000512                BDMA_Channel0_IRQHandler
                0x08000512                ADC_IRQHandler
                0x08000512                DMA1_Stream7_IRQHandler
                0x08000512                HRTIM1_TIMA_IRQHandler
                0x08000512                SPI5_IRQHandler
                0x08000512                TIM7_IRQHandler
                0x08000512                SDMMC1_IRQHandler
                0x08000512                TIM5_IRQHandler
                0x08000512                DMA2_Stream7_IRQHandler
                0x08000512                TIM15_IRQHandler
                0x08000512                PVD_AVD_IRQHandler
                0x08000512                I2C3_EV_IRQHandler
                0x08000512                EXTI9_5_IRQHandler
                0x08000512                RTC_WKUP_IRQHandler
                0x08000512                LTDC_IRQHandler
                0x08000512                SAI3_IRQHandler
                0x08000512                ETH_WKUP_IRQHandler
                0x08000512                SPDIF_RX_IRQHandler
                0x08000512                SPI2_IRQHandler
                0x08000512                OTG_HS_EP1_IN_IRQHandler
                0x08000512                DMA1_Stream0_IRQHandler
                0x08000512                CRS_IRQHandler
                0x08000512                CM7_SEV_IRQHandler
                0x08000512                EXTI4_IRQHandler
                0x08000512                RNG_IRQHandler
                0x08000512                CM4_SEV_IRQHandler
                0x08000512                HRTIM1_TIMB_IRQHandler
                0x08000512                FDCAN2_IT1_IRQHandler
                0x08000512                ETH_IRQHandler
                0x08000512                TIM1_UP_IRQHandler
                0x08000512                WWDG_RST_IRQHandler
                0x08000512                BDMA_Channel4_IRQHandler
                0x08000512                OTG_HS_EP1_OUT_IRQHandler
                0x08000512                WWDG_IRQHandler
                0x08000512                SPI6_IRQHandler
                0x08000512                MDIOS_IRQHandler
                0x08000512                I2C4_EV_IRQHandler
                0x08000512                FDCAN2_IT0_IRQHandler
                0x08000512                LPUART1_IRQHandler
                0x08000512                FDCAN1_IT0_IRQHandler
                0x08000512                TIM2_IRQHandler
                0x08000512                OTG_FS_WKUP_IRQHandler
                0x08000512                OTG_HS_IRQHandler
                0x08000512                HSEM2_IRQHandler
                0x08000512                DMA2D_IRQHandler
                0x08000512                TIM1_BRK_IRQHandler
                0x08000512                EXTI1_IRQHandler
                0x08000512                SDMMC2_IRQHandler
                0x08000512                OTG_FS_EP1_OUT_IRQHandler
                0x08000512                BDMA_Channel3_IRQHandler
                0x08000512                HOLD_CORE_IRQHandler
                0x08000512                UART7_IRQHandler
                0x08000512                MDIOS_WKUP_IRQHandler
                0x08000512                USART2_IRQHandler
                0x08000512                DFSDM1_FLT0_IRQHandler
                0x08000512                SAI4_IRQHandler
                0x08000512                I2C2_ER_IRQHandler
                0x08000512                DMA2_Stream1_IRQHandler
                0x08000512                FLASH_IRQHandler
                0x08000512                DMA2_Stream4_IRQHandler
                0x08000512                USART1_IRQHandler
                0x08000512                OTG_FS_IRQHandler
                0x08000512                SPI3_IRQHandler
                0x08000512                WAKEUP_PIN_IRQHandler
                0x08000512                DMA1_Stream4_IRQHandler
                0x08000512                OTG_FS_EP1_IN_IRQHandler
                0x08000512                I2C1_ER_IRQHandler
                0x08000512                FMC_IRQHandler
                0x08000512                FDCAN_CAL_IRQHandler
                0x08000512                SWPMI1_IRQHandler
                0x08000512                COMP1_IRQHandler
                0x08000512                LPTIM1_IRQHandler
                0x08000512                I2C4_ER_IRQHandler
                0x08000512                DMA2_Stream6_IRQHandler
                0x08000512                SAI1_IRQHandler
                0x08000512                DMA1_Stream3_IRQHandler
 .text          0x08000518      0x478 ../../arm_cortex/system_stm32h7xx_dualcore_boot_cm4_cm7.o
                0x08000518                SystemInit
                0x0800066c                SystemCoreClockUpdate
                0x08000960                ExitRun0Mode
 .text          0x08000990     0x25c8 ../../FreeRTOS-Kernel/tasks.o
                0x08000a08                xTaskCreate
                0x08000ca8                vTaskDelay
                0x08000d18                eTaskGetState
                0x08000e70                vTaskStartScheduler
                0x08000ef4                vTaskEndScheduler
                0x08000f24                vTaskSuspendAll
                0x08000f40                xTaskResumeAll
                0x08001158                xTaskGetTickCount
                0x08001178                xTaskGetTickCountFromISR
                0x0800119c                uxTaskGetNumberOfTasks
                0x080011b4                pcTaskGetName
                0x08001200                uxTaskGetSystemState
                0x080012d0                xTaskCatchUpTicks
                0x0800132c                xTaskIncrementTick
                0x08001564                vTaskSwitchContext
                0x08001624                vTaskPlaceOnEventList
                0x08001674                vTaskPlaceOnUnorderedEventList
                0x0800172c                xTaskRemoveFromEventList
                0x080018e0                vTaskRemoveFromUnorderedEventList
                0x08001a70                vTaskSetTimeOutState
                0x08001ac4                vTaskInternalSetTimeOutState
                0x08001af0                xTaskCheckForTimeOut
                0x08001bb8                vTaskMissedYield
                0x08001bd0                uxTaskGetTaskNumber
                0x08001bfc                vTaskSetTaskNumber
                0x08001caa                vTaskGetInfo
                0x08001e6c                xTaskGetCurrentTaskHandle
                0x08001e8c                xTaskGetCurrentTaskHandleForCore
                0x08001ebc                xTaskGetSchedulerState
                0x08001ef8                xTaskPriorityInherit
                0x0800201c                xTaskPriorityDisinherit
                0x08002158                vTaskPriorityDisinheritAfterTimeout
                0x080022bc                uxTaskResetEventItemValue
                0x080022ec                pvTaskIncrementMutexHeldCount
                0x0800231c                ulTaskGenericNotifyTake
                0x08002430                xTaskGenericNotifyWait
                0x08002574                xTaskGenericNotify
                0x080027e8                xTaskGenericNotifyFromISR
                0x08002acc                vTaskGenericNotifyGiveFromISR
                0x08002cf4                xTaskGenericNotifyStateClear
                0x08002d90                ulTaskGenericNotifyValueClear
                0x08002ec0                vTaskResetState
 .text          0x08002f58      0x168 ../../FreeRTOS-Kernel/list.o
                0x08002f58                vListInitialise
                0x08002f98                vListInitialiseItem
                0x08002fb2                vListInsertEnd
                0x08002ffa                vListInsert
                0x0800306c                uxListRemove
 .text          0x080030c0     0x1454 ../../FreeRTOS-Kernel/queue.o
                0x080030c0                xQueueGenericReset
                0x080031ec                xQueueGenericCreate
                0x08003308                xQueueCreateMutex
                0x08003338                xQueueGenericSend
                0x08003530                xQueueGenericSendFromISR
                0x08003682                xQueueGiveFromISR
                0x080037c2                xQueueReceive
                0x08003980                xQueueSemaphoreTake
                0x08003b84                xQueuePeek
                0x08003d28                xQueueReceiveFromISR
                0x08003e5e                xQueuePeekFromISR
                0x08003f22                uxQueueMessagesWaiting
                0x08003f64                uxQueueSpacesAvailable
                0x08003fb0                uxQueueMessagesWaitingFromISR
                0x08003fee                vQueueDelete
                0x08004030                uxQueueGetQueueNumber
                0x08004048                vQueueSetQueueNumber
                0x08004064                ucQueueGetQueueType
                0x0800407e                uxQueueGetQueueItemSize
                0x08004096                uxQueueGetQueueLength
                0x080042ce                xQueueIsQueueEmptyFromISR
                0x08004348                xQueueIsQueueFullFromISR
                0x08004396                vQueueAddToRegistry
                0x08004434                pcQueueGetName
                0x080044a0                vQueueUnregisterQueue
 .text          0x08004514      0x6bc ../../FreeRTOS-Kernel/portable/MemMang/heap_4.o
                0x08004514                pvPortMalloc
                0x0800477c                vPortFree
                0x08004874                xPortGetFreeHeapSize
                0x0800488c                xPortGetMinimumEverFreeHeapSize
                0x080048a4                xPortResetHeapMinimumEverFreeHeapSize
                0x080048c4                vPortInitialiseBlocks
                0x080048d2                pvPortCalloc
                0x08004ad4                vPortGetHeapStats
                0x08004b90                vPortHeapResetState
 .text          0x08004bd0      0x448 ../../FreeRTOS-Kernel/portable/GCC/ARM_CM7/r0p1/port.o
                0x08004bd0                pxPortInitialiseStack
                0x08004c84                vPortSVCHandler
                0x08004cce                xPortStartScheduler
                0x08004e0c                vPortEndScheduler
                0x08004e2c                vPortEnterCritical
                0x08004e80                vPortExitCritical
                0x08004ec0                xPortPendSVHandler
                0x08004f26                xPortSysTickHandler
                0x08004f70                vPortSetupTimerInterrupt
                0x08004fbe                vPortValidateInterruptPriority
 .text          0x08005018      0x448 ../../application/source/Bluetooth_Console.o
                0x08005018                BlueTooth_Console_Init
                0x080051d4                BlueTooth_Display
                0x08005204                HAL_UART_RxCpltCallback
                0x08005274                HAL_UART_ErrorCallback
                0x080052e8                BT_Error_Handler
                0x08005304                Terminal_Console_Init
                0x08005430                Terminal_Display
 .text          0x08005460      0x5c0 ../../application/source/IMU_Control.o
                0x08005460                MX_I2C4_Init
                0x08005634                IMU_Raw_Read
                0x08005764                Display_IMU_Euler_Angles
                0x08005776                calculate_angles_complementary
                0x080059f8                HAL_GPIO_EXTI_Callback
 .text          0x08005a20      0x84c ../../application/source/MotorControl.o
                0x08005a20                MotorControl_Init
                0x08005c80                MotorControl_ADC_Reset
                0x08005d04                MotorControl_ADC_Init
                0x08005f1c                MotorControl_ReadCurrentA
                0x080061a8                GetADCValues
 .text          0x0800626c      0x484 ../../application/source/Ultrasonic_Sensor.o
                0x0800626c                MX_TIM3_Init
                0x08006414                MX_TIM4_Init
                0x080065a8                HAL_TIM_IC_CaptureCallback
 .text          0x080066f0      0xd40 ../../STM32H7xx_HAL_Driver/Src/stm32h7xx_hal.o
                0x080066f0                HAL_Init
                0x080067ac                HAL_DeInit
                0x08006868                HAL_MspInit
                0x08006876                HAL_MspDeInit
                0x08006884                HAL_InitTick
                0x080068f0                HAL_IncTick
                0x08006918                HAL_GetTick
                0x08006930                HAL_GetTickPrio
                0x08006948                HAL_SetTickFreq
                0x08006998                HAL_GetTickFreq
                0x080069b0                HAL_Delay
                0x080069f8                HAL_SuspendTick
                0x08006a18                HAL_ResumeTick
                0x08006a38                HAL_GetHalVersion
                0x08006a4c                HAL_GetREVID
                0x08006a64                HAL_GetDEVID
                0x08006a80                HAL_GetUIDw0
                0x08006a98                HAL_GetUIDw1
                0x08006ab0                HAL_GetUIDw2
                0x08006ac8                HAL_SYSCFG_VREFBUF_VoltageScalingConfig
                0x08006af0                HAL_SYSCFG_VREFBUF_HighImpedanceConfig
                0x08006b18                HAL_SYSCFG_VREFBUF_TrimmingConfig
                0x08006b40                HAL_SYSCFG_EnableVREFBUF
                0x08006b88                HAL_SYSCFG_DisableVREFBUF
                0x08006ba8                HAL_SYSCFG_ETHInterfaceSelect
                0x08006bd0                HAL_SYSCFG_AnalogSwitchConfig
                0x08006bfc                HAL_SYSCFG_EnableBOOST
                0x08006c1c                HAL_SYSCFG_DisableBOOST
                0x08006c3c                HAL_SYSCFG_CM7BootAddConfig
                0x08006c8c                HAL_SYSCFG_CM4BootAddConfig
                0x08006cdc                HAL_SYSCFG_EnableCM7BOOT
                0x08006d00                HAL_SYSCFG_DisableCM7BOOT
                0x08006d24                HAL_SYSCFG_EnableCM4BOOT
                0x08006d48                HAL_SYSCFG_DisableCM4BOOT
                0x08006d6c                HAL_EnableCompensationCell
                0x08006d8c                HAL_DisableCompensationCell
                0x08006dac                HAL_SYSCFG_EnableIOSpeedOptimize
                0x08006dcc                HAL_SYSCFG_DisableIOSpeedOptimize
                0x08006dec                HAL_SYSCFG_CompensationCodeSelect
                0x08006e14                HAL_SYSCFG_CompensationCodeConfig
                0x08006e44                HAL_DBGMCU_EnableDBGSleepMode
                0x08006e64                HAL_DBGMCU_DisableDBGSleepMode
                0x08006e84                HAL_DBGMCU_EnableDBGStopMode
                0x08006ea4                HAL_DBGMCU_DisableDBGStopMode
                0x08006ec4                HAL_DBGMCU_EnableDBGStandbyMode
                0x08006ee4                HAL_DBGMCU_DisableDBGStandbyMode
                0x08006f04                HAL_EnableDomain2DBGSleepMode
                0x08006f24                HAL_DisableDomain2DBGSleepMode
                0x08006f44                HAL_EnableDomain2DBGStopMode
                0x08006f64                HAL_DisableDomain2DBGStopMode
                0x08006f84                HAL_EnableDomain2DBGStandbyMode
                0x08006fa4                HAL_DisableDomain2DBGStandbyMode
                0x08006fc4                HAL_SetFMCMemorySwappingConfig
                0x08006fec                HAL_GetFMCMemorySwappingConfig
                0x08007008                HAL_EXTI_EdgeConfig
                0x080070dc                HAL_EXTI_GenerateSWInterrupt
                0x0800711c                HAL_EXTI_D1_ClearFlag
                0x0800714a                HAL_EXTI_D2_ClearFlag
                0x08007178                HAL_EXTI_D1_EventInputConfig
                0x0800726c                HAL_EXTI_D2_EventInputConfig
                0x08007360                HAL_EXTI_D3_EventInputConfig
 .text          0x08007430     0x2f18 ../../STM32H7xx_HAL_Driver/Src/stm32h7xx_hal_adc.o
                0x08007aac                HAL_ADC_Init
                0x08007dee                HAL_ADC_DeInit
                0x080080e8                HAL_ADC_MspInit
                0x080080fc                HAL_ADC_MspDeInit
                0x08008110                HAL_ADC_Start
                0x080082a4                HAL_ADC_Stop
                0x0800830a                HAL_ADC_PollForConversion
                0x080084f0                HAL_ADC_PollForEvent
                0x0800864e                HAL_ADC_Start_IT
                0x080088d0                HAL_ADC_Stop_IT
                0x08008946                HAL_ADC_Start_DMA
                0x08008acc                HAL_ADC_Stop_DMA
                0x08008b8e                HAL_ADC_GetValue
                0x08008ba8                HAL_ADC_IRQHandler
                0x0800901c                HAL_ADC_ConvCpltCallback
                0x08009030                HAL_ADC_ConvHalfCpltCallback
                0x08009044                HAL_ADC_LevelOutOfWindowCallback
                0x08009058                HAL_ADC_ErrorCallback
                0x0800906c                HAL_ADC_ConfigChannel
                0x0800964c                HAL_ADC_AnalogWDGConfig
                0x08009c8e                HAL_ADC_GetState
                0x08009ca6                HAL_ADC_GetError
                0x08009cbe                ADC_ConversionStop
                0x08009e34                ADC_Enable
                0x08009f48                ADC_Disable
                0x0800a006                ADC_DMAConvCplt
                0x0800a0de                ADC_DMAHalfConvCplt
                0x0800a0fa                ADC_DMAError
                0x0800a12e                ADC_ConfigureBoostMode
 .text          0x0800a348     0x2470 ../../STM32H7xx_HAL_Driver/Src/stm32h7xx_hal_adc_ex.o
                0x0800a8a0                HAL_ADCEx_Calibration_Start
                0x0800a968                HAL_ADCEx_Calibration_GetValue
                0x0800a988                HAL_ADCEx_LinearCalibration_GetValue
                0x0800aa2c                HAL_ADCEx_Calibration_SetValue
                0x0800aac4                HAL_ADCEx_LinearCalibration_SetValue
                0x0800ac3c                HAL_ADCEx_LinearCalibration_FactorLoad
                0x0800accc                HAL_ADCEx_InjectedStart
                0x0800ae48                HAL_ADCEx_InjectedStop
                0x0800aecc                HAL_ADCEx_InjectedPollForConversion
                0x0800b070                HAL_ADCEx_InjectedStart_IT
                0x0800b258                HAL_ADCEx_InjectedStop_IT
                0x0800b2ec                HAL_ADCEx_MultiModeStart_DMA
                0x0800b4a8                HAL_ADCEx_MultiModeStop_DMA
                0x0800b638                HAL_ADCEx_MultiModeGetValue
                0x0800b67c                HAL_ADCEx_InjectedGetValue
                0x0800b6ec                HAL_ADCEx_InjectedConvCpltCallback
                0x0800b700                HAL_ADCEx_InjectedQueueOverflowCallback
                0x0800b714                HAL_ADCEx_LevelOutOfWindow2Callback
                0x0800b728                HAL_ADCEx_LevelOutOfWindow3Callback
                0x0800b73c                HAL_ADCEx_EndOfSamplingCallback
                0x0800b750                HAL_ADCEx_RegularStop
                0x0800b7e0                HAL_ADCEx_RegularStop_IT
                0x0800b880                HAL_ADCEx_RegularStop_DMA
                0x0800b95e                HAL_ADCEx_RegularMultiModeStop_DMA
                0x0800bb08                HAL_ADCEx_InjectedConfigChannel
                0x0800c4dc                HAL_ADCEx_MultiModeConfigChannel
                0x0800c6a0                HAL_ADCEx_EnableInjectedQueue
                0x0800c6fc                HAL_ADCEx_DisableInjectedQueue
                0x0800c74a                HAL_ADCEx_DisableVoltageRegulator
                0x0800c780                HAL_ADCEx_EnterADCDeepPowerDownMode
 .text          0x0800c7b8      0x6e0 ../../STM32H7xx_HAL_Driver/Src/stm32h7xx_hal_cortex.o
                0x0800cb88                HAL_NVIC_SetPriorityGrouping
                0x0800cb9e                HAL_NVIC_SetPriority
                0x0800cbd2                HAL_NVIC_EnableIRQ
                0x0800cbee                HAL_NVIC_DisableIRQ
                0x0800cc0a                HAL_NVIC_SystemReset
                0x0800cc12                HAL_SYSTICK_Config
                0x0800cc2a                HAL_MPU_Disable
                0x0800cc58                HAL_MPU_Enable
                0x0800cc98                HAL_MPU_EnableRegion
                0x0800ccc4                HAL_MPU_DisableRegion
                0x0800ccf0                HAL_MPU_ConfigRegion
                0x0800cd70                HAL_NVIC_GetPriorityGrouping
                0x0800cd7e                HAL_NVIC_GetPriority
                0x0800cdaa                HAL_NVIC_SetPendingIRQ
                0x0800cdc6                HAL_NVIC_GetPendingIRQ
                0x0800cde4                HAL_NVIC_ClearPendingIRQ
                0x0800ce00                HAL_NVIC_GetActive
                0x0800ce1e                HAL_SYSTICK_CLKSourceConfig
                0x0800ce58                HAL_SYSTICK_IRQHandler
                0x0800ce64                HAL_SYSTICK_Callback
                0x0800ce72                HAL_GetCurrentCPUID
 .text          0x0800ce98     0x3b34 ../../STM32H7xx_HAL_Driver/Src/stm32h7xx_hal_dma.o
                0x0800ce98                HAL_DMA_Init
                0x0800d54c                HAL_DMA_DeInit
                0x0800d8b8                HAL_DMA_Start
                0x0800daf8                HAL_DMA_Start_IT
                0x0800dfcc                HAL_DMA_Abort
                0x0800e608                HAL_DMA_Abort_IT
                0x0800ea92                HAL_DMA_PollForTransfer
                0x0800f1e4                HAL_DMA_IRQHandler
                0x08010038                HAL_DMA_RegisterCallback
                0x080100ec                HAL_DMA_UnRegisterCallback
                0x080101c6                HAL_DMA_GetState
                0x080101e2                HAL_DMA_GetError
 .text          0x080109cc      0x868 ../../STM32H7xx_HAL_Driver/Src/stm32h7xx_hal_exti.o
                0x080109cc                HAL_EXTI_SetConfigLine
                0x08010c88                HAL_EXTI_GetConfigLine
                0x08010e94                HAL_EXTI_ClearConfigLine
                0x08011058                HAL_EXTI_RegisterCallback
                0x08011096                HAL_EXTI_GetHandle
                0x080110be                HAL_EXTI_IRQHandler
                0x08011132                HAL_EXTI_GetPending
                0x0801119a                HAL_EXTI_ClearPending
                0x080111f2                HAL_EXTI_GenerateSWI
 .text          0x08011234      0x6a4 ../../STM32H7xx_HAL_Driver/Src/stm32h7xx_hal_gpio.o
                0x08011234                HAL_GPIO_Init
                0x08011594                HAL_GPIO_DeInit
                0x080117a8                HAL_GPIO_ReadPin
                0x080117d8                HAL_GPIO_WritePin
                0x0801180a                HAL_GPIO_TogglePin
                0x0801183e                HAL_GPIO_LockPin
                0x0801188e                HAL_GPIO_EXTI_IRQHandler
 .text          0x080118d8      0x1d8 ../../STM32H7xx_HAL_Driver/Src/stm32h7xx_hal_hsem.o
                0x080118d8                HAL_HSEM_Take
                0x08011920                HAL_HSEM_FastTake
                0x08011954                HAL_HSEM_IsSemTaken
                0x08011980                HAL_HSEM_Release
                0x080119a8                HAL_HSEM_ReleaseAll
                0x080119d4                HAL_HSEM_SetClearKey
                0x08011a00                HAL_HSEM_GetClearKey
                0x08011a1c                HAL_HSEM_ActivateNotification
                0x08011a40                HAL_HSEM_DeactivateNotification
                0x08011a68                HAL_HSEM_IRQHandler
                0x08011a9c                HAL_HSEM_FreeCallback
 .text          0x08011ab0     0x5c50 ../../STM32H7xx_HAL_Driver/Src/stm32h7xx_hal_i2c.o
                0x08011ab0                HAL_I2C_Init
                0x08011be6                HAL_I2C_DeInit
                0x08011c44                HAL_I2C_MspInit
                0x08011c58                HAL_I2C_MspDeInit
                0x08011c6c                HAL_I2C_Master_Transmit
                0x08011e9c                HAL_I2C_Master_Receive
                0x08012088                HAL_I2C_Slave_Transmit
                0x08012322                HAL_I2C_Slave_Receive
                0x08012542                HAL_I2C_Master_Transmit_IT
                0x08012674                HAL_I2C_Master_Receive_IT
                0x08012754                HAL_I2C_Slave_Transmit_IT
                0x08012830                HAL_I2C_Slave_Receive_IT
                0x080128d0                HAL_I2C_Master_Transmit_DMA
                0x08012af8                HAL_I2C_Master_Receive_DMA
                0x08012cd8                HAL_I2C_Slave_Transmit_DMA
                0x08012eb0                HAL_I2C_Slave_Receive_DMA
                0x0801301c                HAL_I2C_Mem_Write
                0x08013244                HAL_I2C_Mem_Read
                0x08013478                HAL_I2C_Mem_Write_IT
                0x0801358c                HAL_I2C_Mem_Read_IT
                0x08013698                HAL_I2C_Mem_Write_DMA
                0x08013864                HAL_I2C_Mem_Read_DMA
                0x08013a30                HAL_I2C_IsDeviceReady
                0x08013c3a                HAL_I2C_Master_Seq_Transmit_IT
                0x08013db4                HAL_I2C_Master_Seq_Transmit_DMA
                0x08014052                HAL_I2C_Master_Seq_Receive_IT
                0x08014158                HAL_I2C_Master_Seq_Receive_DMA
                0x08014360                HAL_I2C_Slave_Seq_Transmit_IT
                0x080144c4                HAL_I2C_Slave_Seq_Transmit_DMA
                0x08014750                HAL_I2C_Slave_Seq_Receive_IT
                0x080148b4                HAL_I2C_Slave_Seq_Receive_DMA
                0x08014b40                HAL_I2C_EnableListen_IT
                0x08014b80                HAL_I2C_DisableListen_IT
                0x08014be2                HAL_I2C_Master_Abort_IT
                0x08014c8c                HAL_I2C_EV_IRQHandler
                0x08014cc0                HAL_I2C_ER_IRQHandler
                0x08014d82                HAL_I2C_MasterTxCpltCallback
                0x08014d96                HAL_I2C_MasterRxCpltCallback
                0x08014daa                HAL_I2C_SlaveTxCpltCallback
                0x08014dbe                HAL_I2C_SlaveRxCpltCallback
                0x08014dd2                HAL_I2C_AddrCallback
                0x08014dee                HAL_I2C_ListenCpltCallback
                0x08014e02                HAL_I2C_MemTxCpltCallback
                0x08014e16                HAL_I2C_MemRxCpltCallback
                0x08014e2a                HAL_I2C_ErrorCallback
                0x08014e3e                HAL_I2C_AbortCpltCallback
                0x08014e52                HAL_I2C_GetState
                0x08014e6e                HAL_I2C_GetMode
                0x08014e8a                HAL_I2C_GetError
 .text          0x08017700      0x2c4 ../../STM32H7xx_HAL_Driver/Src/stm32h7xx_hal_i2c_ex.o
                0x08017700                HAL_I2CEx_ConfigAnalogFilter
                0x08017796                HAL_I2CEx_ConfigDigitalFilter
                0x0801782e                HAL_I2CEx_EnableWakeUp
                0x080178b2                HAL_I2CEx_DisableWakeUp
                0x08017936                HAL_I2CEx_EnableFastModePlus
                0x0801797c                HAL_I2CEx_DisableFastModePlus
 .text          0x080179c4      0x37c ../../STM32H7xx_HAL_Driver/Src/stm32h7xx_hal_pwr.o
                0x080179c4                HAL_PWR_DeInit
                0x080179d2                HAL_PWR_EnableBkUpAccess
                0x080179f0                HAL_PWR_DisableBkUpAccess
                0x08017a10                HAL_PWR_ConfigPVD
                0x08017a9c                HAL_PWR_EnablePVD
                0x08017abc                HAL_PWR_DisablePVD
                0x08017adc                HAL_PWR_EnableWakeUpPin
                0x08017b08                HAL_PWR_DisableWakeUpPin
                0x08017b34                HAL_PWR_EnterSLEEPMode
                0x08017b68                HAL_PWR_EnterSTOPMode
                0x08017be8                HAL_PWR_EnterSTANDBYMode
                0x08017c50                HAL_PWR_EnableSleepOnExit
                0x08017c70                HAL_PWR_DisableSleepOnExit
                0x08017c90                HAL_PWR_EnableSEVOnPend
                0x08017cb0                HAL_PWR_DisableSEVOnPend
                0x08017cd0                HAL_PWR_PVD_IRQHandler
                0x08017d30                HAL_PWR_PVDCallback
 .text          0x08017d40      0xc58 ../../STM32H7xx_HAL_Driver/Src/stm32h7xx_hal_pwr_ex.o
                0x08017d40                HAL_PWREx_ConfigSupply
                0x08017df4                HAL_PWREx_GetSupplyConfig
                0x08017e10                HAL_PWREx_ControlVoltageScaling
                0x08017f20                HAL_PWREx_GetVoltageRange
                0x08017f3c                HAL_PWREx_ControlStopModeVoltageScaling
                0x08017f68                HAL_PWREx_GetStopModeVoltageRange
                0x08017f84                HAL_PWREx_EnterSTOPMode
                0x08018078                HAL_PWREx_ClearPendingEvent
                0x08018092                HAL_PWREx_EnterSTANDBYMode
                0x08018138                HAL_PWREx_ConfigD3Domain
                0x08018160                HAL_PWREx_ClearDomainFlags
                0x080181b8                HAL_PWREx_HoldCore
                0x08018220                HAL_PWREx_ReleaseCore
                0x08018258                HAL_PWREx_EnableFlashPowerDown
                0x08018278                HAL_PWREx_DisableFlashPowerDown
                0x08018298                HAL_PWREx_EnableWakeUpPin
                0x080183a4                HAL_PWREx_DisableWakeUpPin
                0x080183cc                HAL_PWREx_GetWakeupFlag
                0x080183ec                HAL_PWREx_ClearWakeupFlag
                0x08018424                HAL_PWREx_WAKEUP_PIN_IRQHandler
                0x080184d8                HAL_PWREx_WKUP1_Callback
                0x080184e6                HAL_PWREx_WKUP2_Callback
                0x080184f4                HAL_PWREx_WKUP3_Callback
                0x08018502                HAL_PWREx_WKUP4_Callback
                0x08018510                HAL_PWREx_WKUP5_Callback
                0x0801851e                HAL_PWREx_WKUP6_Callback
                0x0801852c                HAL_PWREx_EnableBkUpReg
                0x08018578                HAL_PWREx_DisableBkUpReg
                0x080185c4                HAL_PWREx_EnableUSBReg
                0x08018610                HAL_PWREx_DisableUSBReg
                0x0801865c                HAL_PWREx_EnableUSBVoltageDetector
                0x0801867c                HAL_PWREx_DisableUSBVoltageDetector
                0x0801869c                HAL_PWREx_EnableBatteryCharging
                0x080186d0                HAL_PWREx_DisableBatteryCharging
                0x080186f0                HAL_PWREx_EnableMonitoring
                0x08018710                HAL_PWREx_DisableMonitoring
                0x08018730                HAL_PWREx_GetTemperatureLevel
                0x08018778                HAL_PWREx_GetVBATLevel
                0x080187c0                HAL_PWREx_ConfigAVD
                0x08018844                HAL_PWREx_EnableAVD
                0x08018864                HAL_PWREx_DisableAVD
                0x08018884                HAL_PWREx_PVD_AVD_IRQHandler
                0x08018988                HAL_PWREx_AVDCallback
 .text          0x08018998     0x15d0 ../../STM32H7xx_HAL_Driver/Src/stm32h7xx_hal_rcc.o
                0x08018998                HAL_RCC_DeInit
                0x08018bec                HAL_RCC_OscConfig
                0x080194a0                HAL_RCC_ClockConfig
                0x0801980c                HAL_RCC_MCOConfig
                0x080198e0                HAL_RCC_EnableCSS
                0x08019900                HAL_RCC_DisableCSS
                0x08019920                HAL_RCC_GetSysClockFreq
                0x08019c14                HAL_RCC_GetHCLKFreq
                0x08019c78                HAL_RCC_GetPCLK1Freq
                0x08019ca4                HAL_RCC_GetPCLK2Freq
                0x08019cd0                HAL_RCC_GetOscConfig
                0x08019eac                HAL_RCC_GetClockConfig
                0x08019f30                HAL_RCC_NMI_IRQHandler
                0x08019f58                HAL_RCC_CSSCallback
 .text          0x08019f68     0x3230 ../../STM32H7xx_HAL_Driver/Src/stm32h7xx_hal_rcc_ex.o
                0x08019f68                HAL_RCCEx_PeriphCLKConfig
                0x0801b37c                HAL_RCCEx_GetPeriphCLKConfig
                0x0801b6a0                HAL_RCCEx_GetPeriphCLKFreq
                0x0801c1a0                HAL_RCCEx_GetD1PCLK1Freq
                0x0801c1cc                HAL_RCCEx_GetD3PCLK1Freq
                0x0801c1f8                HAL_RCCEx_GetPLL2ClockFreq
                0x0801c4a0                HAL_RCCEx_GetPLL3ClockFreq
                0x0801c748                HAL_RCCEx_GetPLL1ClockFreq
                0x0801c9ec                HAL_RCCEx_GetD1SysClockFreq
                0x0801ca4c                HAL_RCCEx_EnableLSECSS
                0x0801ca6c                HAL_RCCEx_DisableLSECSS
                0x0801ca98                HAL_RCCEx_EnableLSECSS_IT
                0x0801cae8                HAL_RCCEx_WakeUpStopCLKConfig
                0x0801cb10                HAL_RCCEx_KerWakeUpStopCLKConfig
                0x0801cb38                HAL_RCCEx_EnableBootCore
                0x0801cb60                HAL_RCCEx_WWDGxSysResetConfig
                0x0801cb88                HAL_RCCEx_CRSConfig
                0x0801cc34                HAL_RCCEx_CRSSoftwareSynchronizationGenerate
                0x0801cc54                HAL_RCCEx_CRSGetSynchronizationInfo
                0x0801cc9c                HAL_RCCEx_CRSWaitSynchronization
                0x0801cd80                HAL_RCCEx_CRS_IRQHandler
                0x0801ce5c                HAL_RCCEx_CRS_SyncOkCallback
                0x0801ce6a                HAL_RCCEx_CRS_SyncWarnCallback
                0x0801ce78                HAL_RCCEx_CRS_ExpectedSyncCallback
                0x0801ce86                HAL_RCCEx_CRS_ErrorCallback
                0x0801d160                HAL_RCCEx_LSECSS_IRQHandler
                0x0801d188                HAL_RCCEx_LSECSS_Callback
 .text          0x0801d198     0x6bd8 ../../STM32H7xx_HAL_Driver/Src/stm32h7xx_hal_tim.o
                0x0801d198                HAL_TIM_Base_Init
                0x0801d246                HAL_TIM_Base_DeInit
                0x0801d2fe                HAL_TIM_Base_MspInit
                0x0801d312                HAL_TIM_Base_MspDeInit
                0x0801d326                HAL_TIM_Base_Start
                0x0801d404                HAL_TIM_Base_Stop
                0x0801d452                HAL_TIM_Base_Start_IT
                0x0801d540                HAL_TIM_Base_Stop_IT
                0x0801d59e                HAL_TIM_Base_Start_DMA
                0x0801d6f4                HAL_TIM_Base_Stop_DMA
                0x0801d758                HAL_TIM_OC_Init
                0x0801d806                HAL_TIM_OC_DeInit
                0x0801d8be                HAL_TIM_OC_MspInit
                0x0801d8d2                HAL_TIM_OC_MspDeInit
                0x0801d8e6                HAL_TIM_OC_Start
                0x0801db00                HAL_TIM_OC_Stop
                0x0801dc2c                HAL_TIM_OC_Start_IT
                0x0801dee0                HAL_TIM_OC_Stop_IT
                0x0801e0a8                HAL_TIM_OC_Start_DMA
                0x0801e4f4                HAL_TIM_OC_Stop_DMA
                0x0801e6e4                HAL_TIM_PWM_Init
                0x0801e792                HAL_TIM_PWM_DeInit
                0x0801e84a                HAL_TIM_PWM_MspInit
                0x0801e85e                HAL_TIM_PWM_MspDeInit
                0x0801e872                HAL_TIM_PWM_Start
                0x0801ea8c                HAL_TIM_PWM_Stop
                0x0801ebb8                HAL_TIM_PWM_Start_IT
                0x0801ee6c                HAL_TIM_PWM_Stop_IT
                0x0801f034                HAL_TIM_PWM_Start_DMA
                0x0801f480                HAL_TIM_PWM_Stop_DMA
                0x0801f670                HAL_TIM_IC_Init
                0x0801f71e                HAL_TIM_IC_DeInit
                0x0801f7d6                HAL_TIM_IC_MspInit
                0x0801f7ea                HAL_TIM_IC_MspDeInit
                0x0801f7fe                HAL_TIM_IC_Start
                0x0801fa04                HAL_TIM_IC_Stop
                0x0801fae6                HAL_TIM_IC_Start_IT
                0x0801fd84                HAL_TIM_IC_Stop_IT
                0x0801ff00                HAL_TIM_IC_Start_DMA
                0x080202a4                HAL_TIM_IC_Stop_DMA
                0x08020446                HAL_TIM_OnePulse_Init
                0x080204e6                HAL_TIM_OnePulse_DeInit
                0x0802056e                HAL_TIM_OnePulse_MspInit
                0x08020582                HAL_TIM_OnePulse_MspDeInit
                0x08020596                HAL_TIM_OnePulse_Start
                0x08020684                HAL_TIM_OnePulse_Stop
                0x08020784                HAL_TIM_OnePulse_Start_IT
                0x08020890                HAL_TIM_OnePulse_Stop_IT
                0x080209b0                HAL_TIM_Encoder_Init
                0x08020afc                HAL_TIM_Encoder_DeInit
                0x08020b84                HAL_TIM_Encoder_MspInit
                0x08020b98                HAL_TIM_Encoder_MspDeInit
                0x08020bac                HAL_TIM_Encoder_Start
                0x08020cc8                HAL_TIM_Encoder_Stop
                0x08020e16                HAL_TIM_Encoder_Start_IT
                0x08020f72                HAL_TIM_Encoder_Stop_IT
                0x080210fc                HAL_TIM_Encoder_Start_DMA
                0x080213d4                HAL_TIM_Encoder_Stop_DMA
                0x08021586                HAL_TIM_IRQHandler
                0x08021794                HAL_TIM_OC_ConfigChannel
                0x08021888                HAL_TIM_IC_ConfigChannel
                0x080219c0                HAL_TIM_PWM_ConfigChannel
                0x08021be6                HAL_TIM_OnePulse_ConfigChannel
                0x08021d9c                HAL_TIM_DMABurst_WriteStart
                0x08021dd0                HAL_TIM_DMABurst_MultiWriteStart
                0x08022078                HAL_TIM_DMABurst_WriteStop
                0x0802216c                HAL_TIM_DMABurst_ReadStart
                0x080221a0                HAL_TIM_DMABurst_MultiReadStart
                0x08022448                HAL_TIM_DMABurst_ReadStop
                0x0802253c                HAL_TIM_GenerateEvent
                0x0802258a                HAL_TIM_ConfigOCrefClear
                0x080227a4                HAL_TIM_ConfigClockSource
                0x08022994                HAL_TIM_ConfigTI1Input
                0x080229cc                HAL_TIM_SlaveConfigSynchro
                0x08022a50                HAL_TIM_SlaveConfigSynchro_IT
                0x08022ad4                HAL_TIM_ReadCapturedValue
                0x08022b5c                HAL_TIM_PeriodElapsedCallback
                0x08022b70                HAL_TIM_PeriodElapsedHalfCpltCallback
                0x08022b84                HAL_TIM_OC_DelayElapsedCallback
                0x08022bac                HAL_TIM_IC_CaptureHalfCpltCallback
                0x08022bc0                HAL_TIM_PWM_PulseFinishedCallback
                0x08022bd4                HAL_TIM_PWM_PulseFinishedHalfCpltCallback
                0x08022be8                HAL_TIM_TriggerCallback
                0x08022bfc                HAL_TIM_TriggerHalfCpltCallback
                0x08022c10                HAL_TIM_ErrorCallback
                0x08022c24                HAL_TIM_Base_GetState
                0x08022c40                HAL_TIM_OC_GetState
                0x08022c5c                HAL_TIM_PWM_GetState
                0x08022c78                HAL_TIM_IC_GetState
                0x08022c94                HAL_TIM_OnePulse_GetState
                0x08022cb0                HAL_TIM_Encoder_GetState
                0x08022ccc                HAL_TIM_GetActiveChannel
                0x08022ce4                HAL_TIM_GetChannelState
                0x08022d56                HAL_TIM_DMABurstState
                0x08022d72                TIM_DMAError
                0x08022eac                TIM_DMADelayPulseHalfCplt
                0x08022f14                TIM_DMACaptureCplt
                0x08022fdc                TIM_DMACaptureHalfCplt
                0x080230d8                TIM_Base_SetConfig
                0x08023338                TIM_OC2_SetConfig
                0x08023998                TIM_TI1_SetConfig
                0x08023ce4                TIM_ETR_SetConfig
                0x08023d24                TIM_CCxChannelCmd
 .text          0x08023d70     0x27f0 ../../STM32H7xx_HAL_Driver/Src/stm32h7xx_hal_tim_ex.o
                0x08023d70                HAL_TIMEx_HallSensor_Init
                0x08023eca                HAL_TIMEx_HallSensor_DeInit
                0x08023f52                HAL_TIMEx_HallSensor_MspInit
                0x08023f66                HAL_TIMEx_HallSensor_MspDeInit
                0x08023f7a                HAL_TIMEx_HallSensor_Start
                0x080240a8                HAL_TIMEx_HallSensor_Stop
                0x08024118                HAL_TIMEx_HallSensor_Start_IT
                0x08024254                HAL_TIMEx_HallSensor_Stop_IT
                0x080242d4                HAL_TIMEx_HallSensor_Start_DMA
                0x08024450                HAL_TIMEx_HallSensor_Stop_DMA
                0x080244ca                HAL_TIMEx_OCN_Start
                0x0802464c                HAL_TIMEx_OCN_Stop
                0x08024706                HAL_TIMEx_OCN_Start_IT
                0x080248f8                HAL_TIMEx_OCN_Stop_IT
                0x08024a36                HAL_TIMEx_OCN_Start_DMA
                0x08024d44                HAL_TIMEx_OCN_Stop_DMA
                0x08024e7c                HAL_TIMEx_PWMN_Start
                0x08025000                HAL_TIMEx_PWMN_Stop
                0x080250ba                HAL_TIMEx_PWMN_Start_IT
                0x080252ac                HAL_TIMEx_PWMN_Stop_IT
                0x080253ea                HAL_TIMEx_PWMN_Start_DMA
                0x080256f8                HAL_TIMEx_PWMN_Stop_DMA
                0x08025830                HAL_TIMEx_OnePulseN_Start
                0x080258da                HAL_TIMEx_OnePulseN_Stop
                0x08025998                HAL_TIMEx_OnePulseN_Start_IT
                0x08025a62                HAL_TIMEx_OnePulseN_Stop_IT
                0x08025b40                HAL_TIMEx_ConfigCommutEvent
                0x08025c18                HAL_TIMEx_ConfigCommutEvent_IT
                0x08025cf0                HAL_TIMEx_ConfigCommutEvent_DMA
                0x08025dec                HAL_TIMEx_MasterConfigSynchronization
                0x08025f08                HAL_TIMEx_ConfigBreakDeadTime
                0x08026004                HAL_TIMEx_ConfigBreakInput
                0x08026190                HAL_TIMEx_RemapConfig
                0x080261da                HAL_TIMEx_TISelection
                0x080262b4                HAL_TIMEx_GroupChannel5
                0x0802631a                HAL_TIMEx_CommutCallback
                0x0802632e                HAL_TIMEx_CommutHalfCpltCallback
                0x08026342                HAL_TIMEx_BreakCallback
                0x08026356                HAL_TIMEx_Break2Callback
                0x0802636a                HAL_TIMEx_HallSensor_GetState
                0x08026386                HAL_TIMEx_GetChannelNState
                0x080263d8                TIMEx_DMACommutationCplt
                0x080263fc                TIMEx_DMACommutationHalfCplt
 .text          0x08026560     0x48c0 ../../STM32H7xx_HAL_Driver/Src/stm32h7xx_hal_uart.o
                0x08026560                HAL_UART_Init
                0x08026600                HAL_HalfDuplex_Init
                0x080266b0                HAL_LIN_Init
                0x08026790                HAL_MultiProcessor_Init
                0x08026868                HAL_UART_DeInit
                0x080268e6                HAL_UART_MspInit
                0x080268fa                HAL_UART_MspDeInit
                0x0802690e                HAL_UART_Transmit
                0x08026a2a                HAL_UART_Receive
                0x08026bba                HAL_UART_Transmit_IT
                0x08026ce4                HAL_UART_Receive_IT
                0x08026d7c                HAL_UART_Transmit_DMA
                0x08026e7c                HAL_UART_Receive_DMA
                0x08026f14                HAL_UART_DMAPause
                0x08027030                HAL_UART_DMAResume
                0x08027138                HAL_UART_DMAStop
                0x08027264                HAL_UART_Abort
                0x0802747e                HAL_UART_AbortTransmit
                0x0802759e                HAL_UART_AbortReceive
                0x08027708                HAL_UART_Abort_IT
                0x08027980                HAL_UART_AbortTransmit_IT
                0x08027ac4                HAL_UART_AbortReceive_IT
                0x08027c60                HAL_UART_IRQHandler
                0x0802840c                HAL_UART_TxCpltCallback
                0x08028420                HAL_UART_TxHalfCpltCallback
                0x08028448                HAL_UART_RxHalfCpltCallback
                0x08028470                HAL_UART_AbortCpltCallback
                0x08028484                HAL_UART_AbortTransmitCpltCallback
                0x08028498                HAL_UART_AbortReceiveCpltCallback
                0x080284ac                HAL_UARTEx_RxEventCallback
                0x080284c4                HAL_UART_ReceiverTimeout_Config
                0x080284fc                HAL_UART_EnableReceiverTimeout
                0x08028570                HAL_UART_DisableReceiverTimeout
                0x080285e4                HAL_MultiProcessor_EnableMuteMode
                0x08028654                HAL_MultiProcessor_DisableMuteMode
                0x080286c4                HAL_MultiProcessor_EnterMuteMode
                0x080286e8                HAL_HalfDuplex_EnableTransmitter
                0x08028790                HAL_HalfDuplex_EnableReceiver
                0x08028838                HAL_LIN_SendBreak
                0x0802888c                HAL_UART_GetState
                0x080288b6                HAL_UART_GetError
                0x080288d0                UART_SetConfig
                0x080293a0                UART_AdvFeatureConfig
                0x080294e4                UART_CheckIdleState
                0x08029638                UART_WaitOnFlagUntilTimeout
                0x08029712                UART_Start_Receive_IT
                0x08029954                UART_Start_Receive_DMA
 .text          0x0802ae20      0x914 ../../STM32H7xx_HAL_Driver/Src/stm32h7xx_hal_uart_ex.o
                0x0802ae20                HAL_RS485Ex_Init
                0x0802aef2                HAL_UARTEx_WakeupCallback
                0x0802af06                HAL_UARTEx_RxFifoFullCallback
                0x0802af1a                HAL_UARTEx_TxFifoEmptyCallback
                0x0802af2e                HAL_MultiProcessorEx_AddressLength_Set
                0x0802af8e                HAL_UARTEx_StopModeWakeUpSourceConfig
                0x0802b044                HAL_UARTEx_EnableStopMode
                0x0802b0aa                HAL_UARTEx_DisableStopMode
                0x0802b110                HAL_UARTEx_EnableFifoMode
                0x0802b186                HAL_UARTEx_DisableFifoMode
                0x0802b1f8                HAL_UARTEx_SetTxFifoThreshold
                0x0802b274                HAL_UARTEx_SetRxFifoThreshold
                0x0802b2f0                HAL_UARTEx_ReceiveToIdle
                0x0802b4f4                HAL_UARTEx_ReceiveToIdle_IT
                0x0802b594                HAL_UARTEx_ReceiveToIdle_DMA
                0x0802b63c                HAL_UARTEx_GetRxEventType
 .text          0x0802b734      0x6e0 ../../STM32H7xx_HAL_Driver/Src/stm32h7xx_nucleo.o
                0x0802b734                BSP_GetVersion
                0x0802b748                BSP_LED_Init
                0x0802b834                BSP_LED_DeInit
                0x0802b8a4                BSP_LED_On
                0x0802b8f8                BSP_LED_Off
                0x0802b94c                BSP_LED_Toggle
                0x0802b9a0                BSP_LED_GetState
                0x0802b9f4                BSP_PB_Init
                0x0802bad8                BSP_PB_DeInit
                0x0802bb10                BSP_PB_GetState
                0x0802bb3c                BSP_PB_IRQHandler
                0x0802bb60                BSP_PB_Callback
                0x0802bb76                BSP_COM_Init
                0x0802bbd4                BSP_COM_DeInit
                0x0802bc48                MX_USART3_Init
                0x0802bcac                BSP_COM_SelectLogPort
                0x0802bcd8                __io_putchar
 .text          0x0802be14      0x1a8 ../port/exception_handlers.o
                0x0802be14                NMI_Handler
                0x0802be1c                HardFault_Handler
                0x0802bf4c                MemManage_Handler
                0x0802bf70                BusFault_Handler
                0x0802bf94                UsageFault_Handler
                0x0802bfac                DebugMon_Handler
                0x0802bfb4                Default_Handler
 .text          0x0802bfbc      0x5b0 ../port/main.o
                0x0802bfbc                SystemClock_Config
                0x0802c160                configureTimerForRunTimeStats
                0x0802c178                getRunTimeCounterValue
                0x0802c2e0                Error_Handler
                0x0802c2fc                BoardStartUp
                0x0802c4a4                main
 .text          0x0802c56c      0x124 ../port/portFunctions.o
                0x0802c56c                memcpy
                0x0802c5ac                strcpy
                0x0802c5e8                strlen
                0x0802c618                SysTick_Handler
                0x0802c632                snprintf
 .text          0x0802c690       0x60 ../port/start.o
                0x0802c690                start
 .text.atan2f   0x0802c6f0        0x4 C:/ST/STM32CubeCLT_1.21.0/GNU-tools-for-STM32/bin/../lib/gcc/arm-none-eabi/14.3.1/../../../../arm-none-eabi/lib/thumb/v7e-m+dp/hard\libm.a(libm_a-wf_atan2.o)
                0x0802c6f0                atan2f
 .text.sqrtf    0x0802c6f4       0x44 C:/ST/STM32CubeCLT_1.21.0/GNU-tools-for-STM32/bin/../lib/gcc/arm-none-eabi/14.3.1/../../../../arm-none-eabi/lib/thumb/v7e-m+dp/hard\libm.a(libm_a-wf_sqrt.o)
                0x0802c6f4                sqrtf
 .text.__ieee754_sqrtf
                0x0802c738        0x8 C:/ST/STM32CubeCLT_1.21.0/GNU-tools-for-STM32/bin/../lib/gcc/arm-none-eabi/14.3.1/../../../../arm-none-eabi/lib/thumb/v7e-m+dp/hard\libm.a(libm_a-ef_sqrt.o)
                0x0802c738                __ieee754_sqrtf
 .text.__ieee754_atan2f
                0x0802c740      0x14c C:/ST/STM32CubeCLT_1.21.0/GNU-tools-for-STM32/bin/../lib/gcc/arm-none-eabi/14.3.1/../../../../arm-none-eabi/lib/thumb/v7e-m+dp/hard\libm.a(libm_a-ef_atan2.o)
                0x0802c740                __ieee754_atan2f
 .text.atanf    0x0802c88c      0x1a4 C:/ST/STM32CubeCLT_1.21.0/GNU-tools-for-STM32/bin/../lib/gcc/arm-none-eabi/14.3.1/../../../../arm-none-eabi/lib/thumb/v7e-m+dp/hard\libm.a(libm_a-sf_atan.o)
                0x0802c88c                atanf
 .text.fabsf    0x0802ca30       0x10 C:/ST/STM32CubeCLT_1.21.0/GNU-tools-for-STM32/bin/../lib/gcc/arm-none-eabi/14.3.1/../../../../arm-none-eabi/lib/thumb/v7e-m+dp/hard\libm.a(libm_a-sf_fabs.o)
                0x0802ca30                fabsf
 .text.stdio_exit_handler
                0x0802ca40       0x18 C:/ST/STM32CubeCLT_1.21.0/GNU-tools-for-STM32/bin/../lib/gcc/arm-none-eabi/14.3.1/../../../../arm-none-eabi/lib/thumb/v7e-m+dp/hard\libc.a(libc_a-findfp.o)
 .text.cleanup_stdio
                0x0802ca58       0x40 C:/ST/STM32CubeCLT_1.21.0/GNU-tools-for-STM32/bin/../lib/gcc/arm-none-eabi/14.3.1/../../../../arm-none-eabi/lib/thumb/v7e-m+dp/hard\libc.a(libc_a-findfp.o)
 .text.global_stdio_init.part.0
                0x0802ca98       0xf0 C:/ST/STM32CubeCLT_1.21.0/GNU-tools-for-STM32/bin/../lib/gcc/arm-none-eabi/14.3.1/../../../../arm-none-eabi/lib/thumb/v7e-m+dp/hard\libc.a(libc_a-findfp.o)
 .text.__sinit  0x0802cb88       0x3c C:/ST/STM32CubeCLT_1.21.0/GNU-tools-for-STM32/bin/../lib/gcc/arm-none-eabi/14.3.1/../../../../arm-none-eabi/lib/thumb/v7e-m+dp/hard\libc.a(libc_a-findfp.o)
                0x0802cb88                __sinit
 .text.__sfp_lock_acquire
                0x0802cbc4        0xc C:/ST/STM32CubeCLT_1.21.0/GNU-tools-for-STM32/bin/../lib/gcc/arm-none-eabi/14.3.1/../../../../arm-none-eabi/lib/thumb/v7e-m+dp/hard\libc.a(libc_a-findfp.o)
                0x0802cbc4                __sfp_lock_acquire
 .text.__sfp_lock_release
                0x0802cbd0        0xc C:/ST/STM32CubeCLT_1.21.0/GNU-tools-for-STM32/bin/../lib/gcc/arm-none-eabi/14.3.1/../../../../arm-none-eabi/lib/thumb/v7e-m+dp/hard\libc.a(libc_a-findfp.o)
                0x0802cbd0                __sfp_lock_release
 .text._fwalk_sglue
                0x0802cbdc       0x44 C:/ST/STM32CubeCLT_1.21.0/GNU-tools-for-STM32/bin/../lib/gcc/arm-none-eabi/14.3.1/../../../../arm-none-eabi/lib/thumb/v7e-m+dp/hard\libc.a(libc_a-fwalk.o)
                0x0802cbdc                _fwalk_sglue
 .text.sprintf  0x0802cc20       0x44 C:/ST/STM32CubeCLT_1.21.0/GNU-tools-for-STM32/bin/../lib/gcc/arm-none-eabi/14.3.1/../../../../arm-none-eabi/lib/thumb/v7e-m+dp/hard\libc.a(libc_a-sprintf.o)
                0x0802cc20                sprintf
 .text.__sread  0x0802cc64       0x24 C:/ST/STM32CubeCLT_1.21.0/GNU-tools-for-STM32/bin/../lib/gcc/arm-none-eabi/14.3.1/../../../../arm-none-eabi/lib/thumb/v7e-m+dp/hard\libc.a(libc_a-stdio.o)
                0x0802cc64                __sread
 .text.__swrite
                0x0802cc88       0x40 C:/ST/STM32CubeCLT_1.21.0/GNU-tools-for-STM32/bin/../lib/gcc/arm-none-eabi/14.3.1/../../../../arm-none-eabi/lib/thumb/v7e-m+dp/hard\libc.a(libc_a-stdio.o)
                0x0802cc88                __swrite
 .text.__sseek  0x0802ccc8       0x24 C:/ST/STM32CubeCLT_1.21.0/GNU-tools-for-STM32/bin/../lib/gcc/arm-none-eabi/14.3.1/../../../../arm-none-eabi/lib/thumb/v7e-m+dp/hard\libc.a(libc_a-stdio.o)
                0x0802ccc8                __sseek
 .text.__sclose
                0x0802ccec        0x8 C:/ST/STM32CubeCLT_1.21.0/GNU-tools-for-STM32/bin/../lib/gcc/arm-none-eabi/14.3.1/../../../../arm-none-eabi/lib/thumb/v7e-m+dp/hard\libc.a(libc_a-stdio.o)
                0x0802ccec                __sclose
 .text.memset   0x0802ccf4       0x9c C:/ST/STM32CubeCLT_1.21.0/GNU-tools-for-STM32/bin/../lib/gcc/arm-none-eabi/14.3.1/../../../../arm-none-eabi/lib/thumb/v7e-m+dp/hard\libc.a(libc_a-memset.o)
                0x0802ccf4                memset
 .text._close_r
                0x0802cd90       0x24 C:/ST/STM32CubeCLT_1.21.0/GNU-tools-for-STM32/bin/../lib/gcc/arm-none-eabi/14.3.1/../../../../arm-none-eabi/lib/thumb/v7e-m+dp/hard\libc.a(libc_a-closer.o)
                0x0802cd90                _close_r
 .text._lseek_r
                0x0802cdb4       0x2c C:/ST/STM32CubeCLT_1.21.0/GNU-tools-for-STM32/bin/../lib/gcc/arm-none-eabi/14.3.1/../../../../arm-none-eabi/lib/thumb/v7e-m+dp/hard\libc.a(libc_a-lseekr.o)
                0x0802cdb4                _lseek_r
 .text._read_r  0x0802cde0       0x2c C:/ST/STM32CubeCLT_1.21.0/GNU-tools-for-STM32/bin/../lib/gcc/arm-none-eabi/14.3.1/../../../../arm-none-eabi/lib/thumb/v7e-m+dp/hard\libc.a(libc_a-readr.o)
                0x0802cde0                _read_r
 .text._write_r
                0x0802ce0c       0x2c C:/ST/STM32CubeCLT_1.21.0/GNU-tools-for-STM32/bin/../lib/gcc/arm-none-eabi/14.3.1/../../../../arm-none-eabi/lib/thumb/v7e-m+dp/hard\libc.a(libc_a-writer.o)
                0x0802ce0c                _write_r
 .text.__errno  0x0802ce38        0xc C:/ST/STM32CubeCLT_1.21.0/GNU-tools-for-STM32/bin/../lib/gcc/arm-none-eabi/14.3.1/../../../../arm-none-eabi/lib/thumb/v7e-m+dp/hard\libc.a(libc_a-errno.o)
                0x0802ce38                __errno
 .text.__retarget_lock_init_recursive
                0x0802ce44        0x4 C:/ST/STM32CubeCLT_1.21.0/GNU-tools-for-STM32/bin/../lib/gcc/arm-none-eabi/14.3.1/../../../../arm-none-eabi/lib/thumb/v7e-m+dp/hard\libc.a(libc_a-lock.o)
                0x0802ce44                __retarget_lock_init_recursive
 .text.__retarget_lock_close_recursive
                0x0802ce48        0x4 C:/ST/STM32CubeCLT_1.21.0/GNU-tools-for-STM32/bin/../lib/gcc/arm-none-eabi/14.3.1/../../../../arm-none-eabi/lib/thumb/v7e-m+dp/hard\libc.a(libc_a-lock.o)
                0x0802ce48                __retarget_lock_close_recursive
 .text.__retarget_lock_acquire_recursive
                0x0802ce4c        0x4 C:/ST/STM32CubeCLT_1.21.0/GNU-tools-for-STM32/bin/../lib/gcc/arm-none-eabi/14.3.1/../../../../arm-none-eabi/lib/thumb/v7e-m+dp/hard\libc.a(libc_a-lock.o)
                0x0802ce4c                __retarget_lock_acquire_recursive
 .text.__retarget_lock_release_recursive
                0x0802ce50        0x4 C:/ST/STM32CubeCLT_1.21.0/GNU-tools-for-STM32/bin/../lib/gcc/arm-none-eabi/14.3.1/../../../../arm-none-eabi/lib/thumb/v7e-m+dp/hard\libc.a(libc_a-lock.o)
                0x0802ce50                __retarget_lock_release_recursive
 .text._malloc_trim_r
                0x0802ce54       0xb8 C:/ST/STM32CubeCLT_1.21.0/GNU-tools-for-STM32/bin/../lib/gcc/arm-none-eabi/14.3.1/../../../../arm-none-eabi/lib/thumb/v7e-m+dp/hard\libc.a(libc_a-freer.o)
                0x0802ce54                _malloc_trim_r
 .text._free_r  0x0802cf0c      0x1f0 C:/ST/STM32CubeCLT_1.21.0/GNU-tools-for-STM32/bin/../lib/gcc/arm-none-eabi/14.3.1/../../../../arm-none-eabi/lib/thumb/v7e-m+dp/hard\libc.a(libc_a-freer.o)
                0x0802cf0c                _free_r
 .text._malloc_r
                0x0802d0fc      0x598 C:/ST/STM32CubeCLT_1.21.0/GNU-tools-for-STM32/bin/../lib/gcc/arm-none-eabi/14.3.1/../../../../arm-none-eabi/lib/thumb/v7e-m+dp/hard\libc.a(libc_a-mallocr.o)
                0x0802d0fc                _malloc_r
 .text.__malloc_lock
                0x0802d694        0xc C:/ST/STM32CubeCLT_1.21.0/GNU-tools-for-STM32/bin/../lib/gcc/arm-none-eabi/14.3.1/../../../../arm-none-eabi/lib/thumb/v7e-m+dp/hard\libc.a(libc_a-mlock.o)
                0x0802d694                __malloc_lock
 .text.__malloc_unlock
                0x0802d6a0        0xc C:/ST/STM32CubeCLT_1.21.0/GNU-tools-for-STM32/bin/../lib/gcc/arm-none-eabi/14.3.1/../../../../arm-none-eabi/lib/thumb/v7e-m+dp/hard\libc.a(libc_a-mlock.o)
                0x0802d6a0                __malloc_unlock
 *fill*         0x0802d6ac        0x4 
 .text._svfprintf_r
                0x0802d6b0     0x1f58 C:/ST/STM32CubeCLT_1.21.0/GNU-tools-for-STM32/bin/../lib/gcc/arm-none-eabi/14.3.1/../../../../arm-none-eabi/lib/thumb/v7e-m+dp/hard\libc.a(libc_a-svfprintf.o)
                0x0802d6b0                _svfprintf_r
 .text.__ssprint_r
                0x0802f608       0x58 C:/ST/STM32CubeCLT_1.21.0/GNU-tools-for-STM32/bin/../lib/gcc/arm-none-eabi/14.3.1/../../../../arm-none-eabi/lib/thumb/v7e-m+dp/hard\libc.a(libc_a-ssprint_r.o)
                0x0802f608                __ssprint_r
 .text._fclose_r
                0x0802f660       0xc0 C:/ST/STM32CubeCLT_1.21.0/GNU-tools-for-STM32/bin/../lib/gcc/arm-none-eabi/14.3.1/../../../../arm-none-eabi/lib/thumb/v7e-m+dp/hard\libc.a(libc_a-fclose.o)
                0x0802f660                _fclose_r
 .text.__sflush_r
                0x0802f720      0x138 C:/ST/STM32CubeCLT_1.21.0/GNU-tools-for-STM32/bin/../lib/gcc/arm-none-eabi/14.3.1/../../../../arm-none-eabi/lib/thumb/v7e-m+dp/hard\libc.a(libc_a-fflush.o)
                0x0802f720                __sflush_r
 .text._fflush_r
                0x0802f858       0x54 C:/ST/STM32CubeCLT_1.21.0/GNU-tools-for-STM32/bin/../lib/gcc/arm-none-eabi/14.3.1/../../../../arm-none-eabi/lib/thumb/v7e-m+dp/hard\libc.a(libc_a-fflush.o)
                0x0802f858                _fflush_r
 .text.strncpy  0x0802f8ac       0x68 C:/ST/STM32CubeCLT_1.21.0/GNU-tools-for-STM32/bin/../lib/gcc/arm-none-eabi/14.3.1/../../../../arm-none-eabi/lib/thumb/v7e-m+dp/hard\libc.a(libc_a-strncpy.o)
                0x0802f8ac                strncpy
 .text._localeconv_r
                0x0802f914        0x8 C:/ST/STM32CubeCLT_1.21.0/GNU-tools-for-STM32/bin/../lib/gcc/arm-none-eabi/14.3.1/../../../../arm-none-eabi/lib/thumb/v7e-m+dp/hard\libc.a(libc_a-localeconv.o)
                0x0802f914                _localeconv_r
 .text._sbrk_r  0x0802f91c       0x24 C:/ST/STM32CubeCLT_1.21.0/GNU-tools-for-STM32/bin/../lib/gcc/arm-none-eabi/14.3.1/../../../../arm-none-eabi/lib/thumb/v7e-m+dp/hard\libc.a(libc_a-sbrkr.o)
                0x0802f91c                _sbrk_r
 .text.sysconf  0x0802f940       0x1c C:/ST/STM32CubeCLT_1.21.0/GNU-tools-for-STM32/bin/../lib/gcc/arm-none-eabi/14.3.1/../../../../arm-none-eabi/lib/thumb/v7e-m+dp/hard\libc.a(libc_a-sysconf.o)
                0x0802f940                sysconf
 *fill*         0x0802f95c        0x4 
 .text          0x0802f960       0xa0 C:/ST/STM32CubeCLT_1.21.0/GNU-tools-for-STM32/bin/../lib/gcc/arm-none-eabi/14.3.1/../../../../arm-none-eabi/lib/thumb/v7e-m+dp/hard\libc.a(libc_a-memchr.o)
                0x0802f960                memchr
 .text.frexp    0x0802fa00       0x78 C:/ST/STM32CubeCLT_1.21.0/GNU-tools-for-STM32/bin/../lib/gcc/arm-none-eabi/14.3.1/../../../../arm-none-eabi/lib/thumb/v7e-m+dp/hard\libc.a(libm_a-s_frexp.o)
                0x0802fa00                frexp
 .text.quorem   0x0802fa78      0x12c C:/ST/STM32CubeCLT_1.21.0/GNU-tools-for-STM32/bin/../lib/gcc/arm-none-eabi/14.3.1/../../../../arm-none-eabi/lib/thumb/v7e-m+dp/hard\libc.a(libc_a-dtoa.o)
 *fill*         0x0802fba4        0x4 
 .text._dtoa_r  0x0802fba8      0xe1c C:/ST/STM32CubeCLT_1.21.0/GNU-tools-for-STM32/bin/../lib/gcc/arm-none-eabi/14.3.1/../../../../arm-none-eabi/lib/thumb/v7e-m+dp/hard\libc.a(libc_a-dtoa.o)
                0x0802fba8                _dtoa_r
 .text._Balloc  0x080309c4       0x4c C:/ST/STM32CubeCLT_1.21.0/GNU-tools-for-STM32/bin/../lib/gcc/arm-none-eabi/14.3.1/../../../../arm-none-eabi/lib/thumb/v7e-m+dp/hard\libc.a(libc_a-mprec.o)
                0x080309c4                _Balloc
 .text._Bfree   0x08030a10       0x14 C:/ST/STM32CubeCLT_1.21.0/GNU-tools-for-STM32/bin/../lib/gcc/arm-none-eabi/14.3.1/../../../../arm-none-eabi/lib/thumb/v7e-m+dp/hard\libc.a(libc_a-mprec.o)
                0x08030a10                _Bfree
 .text.__multadd
                0x08030a24       0xa0 C:/ST/STM32CubeCLT_1.21.0/GNU-tools-for-STM32/bin/../lib/gcc/arm-none-eabi/14.3.1/../../../../arm-none-eabi/lib/thumb/v7e-m+dp/hard\libc.a(libc_a-mprec.o)
                0x08030a24                __multadd
 .text.__hi0bits
                0x08030ac4       0x54 C:/ST/STM32CubeCLT_1.21.0/GNU-tools-for-STM32/bin/../lib/gcc/arm-none-eabi/14.3.1/../../../../arm-none-eabi/lib/thumb/v7e-m+dp/hard\libc.a(libc_a-mprec.o)
                0x08030ac4                __hi0bits
 .text.__lo0bits
                0x08030b18       0x80 C:/ST/STM32CubeCLT_1.21.0/GNU-tools-for-STM32/bin/../lib/gcc/arm-none-eabi/14.3.1/../../../../arm-none-eabi/lib/thumb/v7e-m+dp/hard\libc.a(libc_a-mprec.o)
                0x08030b18                __lo0bits
 .text.__i2b    0x08030b98       0x5c C:/ST/STM32CubeCLT_1.21.0/GNU-tools-for-STM32/bin/../lib/gcc/arm-none-eabi/14.3.1/../../../../arm-none-eabi/lib/thumb/v7e-m+dp/hard\libc.a(libc_a-mprec.o)
                0x08030b98                __i2b
 .text.__multiply
                0x08030bf4      0x16c C:/ST/STM32CubeCLT_1.21.0/GNU-tools-for-STM32/bin/../lib/gcc/arm-none-eabi/14.3.1/../../../../arm-none-eabi/lib/thumb/v7e-m+dp/hard\libc.a(libc_a-mprec.o)
                0x08030bf4                __multiply
 .text.__pow5mult
                0x08030d60       0xc0 C:/ST/STM32CubeCLT_1.21.0/GNU-tools-for-STM32/bin/../lib/gcc/arm-none-eabi/14.3.1/../../../../arm-none-eabi/lib/thumb/v7e-m+dp/hard\libc.a(libc_a-mprec.o)
                0x08030d60                __pow5mult
 .text.__lshift
                0x08030e20       0xe8 C:/ST/STM32CubeCLT_1.21.0/GNU-tools-for-STM32/bin/../lib/gcc/arm-none-eabi/14.3.1/../../../../arm-none-eabi/lib/thumb/v7e-m+dp/hard\libc.a(libc_a-mprec.o)
                0x08030e20                __lshift
 .text.__mcmp   0x08030f08       0x44 C:/ST/STM32CubeCLT_1.21.0/GNU-tools-for-STM32/bin/../lib/gcc/arm-none-eabi/14.3.1/../../../../arm-none-eabi/lib/thumb/v7e-m+dp/hard\libc.a(libc_a-mprec.o)
                0x08030f08                __mcmp
 .text.__mdiff  0x08030f4c      0x174 C:/ST/STM32CubeCLT_1.21.0/GNU-tools-for-STM32/bin/../lib/gcc/arm-none-eabi/14.3.1/../../../../arm-none-eabi/lib/thumb/v7e-m+dp/hard\libc.a(libc_a-mprec.o)
                0x08030f4c                __mdiff
 .text.__d2b    0x080310c0       0xbc C:/ST/STM32CubeCLT_1.21.0/GNU-tools-for-STM32/bin/../lib/gcc/arm-none-eabi/14.3.1/../../../../arm-none-eabi/lib/thumb/v7e-m+dp/hard\libc.a(libc_a-mprec.o)
                0x080310c0                __d2b
 .text.__ssputs_r
                0x0803117c       0xc0 C:/ST/STM32CubeCLT_1.21.0/GNU-tools-for-STM32/bin/../lib/gcc/arm-none-eabi/14.3.1/../../../../arm-none-eabi/lib/thumb/v7e-m+dp/hard\libc.a(libc_a-ssputs_r.o)
                0x0803117c                __ssputs_r
 .text.memmove  0x0803123c      0x130 C:/ST/STM32CubeCLT_1.21.0/GNU-tools-for-STM32/bin/../lib/gcc/arm-none-eabi/14.3.1/../../../../arm-none-eabi/lib/thumb/v7e-m+dp/hard\libc.a(libc_a-memmove.o)
                0x0803123c                memmove
 .text.__assert_func
                0x0803136c       0x40 C:/ST/STM32CubeCLT_1.21.0/GNU-tools-for-STM32/bin/../lib/gcc/arm-none-eabi/14.3.1/../../../../arm-none-eabi/lib/thumb/v7e-m+dp/hard\libc.a(libc_a-assert.o)
                0x0803136c                __assert_func
 .text._calloc_r
                0x080313ac       0x6c C:/ST/STM32CubeCLT_1.21.0/GNU-tools-for-STM32/bin/../lib/gcc/arm-none-eabi/14.3.1/../../../../arm-none-eabi/lib/thumb/v7e-m+dp/hard\libc.a(libc_a-callocr.o)
                0x080313ac                _calloc_r
 .text.__ascii_mbtowc
                0x08031418       0x2c C:/ST/STM32CubeCLT_1.21.0/GNU-tools-for-STM32/bin/../lib/gcc/arm-none-eabi/14.3.1/../../../../arm-none-eabi/lib/thumb/v7e-m+dp/hard\libc.a(libc_a-mbtowc_r.o)
                0x08031418                __ascii_mbtowc
 .text._realloc_r
                0x08031444      0x348 C:/ST/STM32CubeCLT_1.21.0/GNU-tools-for-STM32/bin/../lib/gcc/arm-none-eabi/14.3.1/../../../../arm-none-eabi/lib/thumb/v7e-m+dp/hard\libc.a(libc_a-reallocr.o)
                0x08031444                _realloc_r
 .text.__ascii_wctomb
                0x0803178c       0x1c C:/ST/STM32CubeCLT_1.21.0/GNU-tools-for-STM32/bin/../lib/gcc/arm-none-eabi/14.3.1/../../../../arm-none-eabi/lib/thumb/v7e-m+dp/hard\libc.a(libc_a-wctomb_r.o)
                0x0803178c                __ascii_wctomb
 .text.fiprintf
                0x080317a8       0x28 C:/ST/STM32CubeCLT_1.21.0/GNU-tools-for-STM32/bin/../lib/gcc/arm-none-eabi/14.3.1/../../../../arm-none-eabi/lib/thumb/v7e-m+dp/hard\libc.a(libc_a-fiprintf.o)
                0x080317a8                fiprintf
 .text._vfiprintf_r
                0x080317d0      0xff4 C:/ST/STM32CubeCLT_1.21.0/GNU-tools-for-STM32/bin/../lib/gcc/arm-none-eabi/14.3.1/../../../../arm-none-eabi/lib/thumb/v7e-m+dp/hard\libc.a(libc_a-vfiprintf.o)
                0x080317d0                _vfiprintf_r
 .text.__sbprintf
                0x080327c4       0x84 C:/ST/STM32CubeCLT_1.21.0/GNU-tools-for-STM32/bin/../lib/gcc/arm-none-eabi/14.3.1/../../../../arm-none-eabi/lib/thumb/v7e-m+dp/hard\libc.a(libc_a-vfiprintf.o)
 .text.__sprint_r
                0x08032848       0x20 C:/ST/STM32CubeCLT_1.21.0/GNU-tools-for-STM32/bin/../lib/gcc/arm-none-eabi/14.3.1/../../../../arm-none-eabi/lib/thumb/v7e-m+dp/hard\libc.a(libc_a-sprint_r.o)
                0x08032848                __sprint_r
 .text.__sfvwrite_r
                0x08032868      0x2ec C:/ST/STM32CubeCLT_1.21.0/GNU-tools-for-STM32/bin/../lib/gcc/arm-none-eabi/14.3.1/../../../../arm-none-eabi/lib/thumb/v7e-m+dp/hard\libc.a(libc_a-fvwrite.o)
                0x08032868                __sfvwrite_r
 .text.__swsetup_r
                0x08032b54       0xfc C:/ST/STM32CubeCLT_1.21.0/GNU-tools-for-STM32/bin/../lib/gcc/arm-none-eabi/14.3.1/../../../../arm-none-eabi/lib/thumb/v7e-m+dp/hard\libc.a(libc_a-wsetup.o)
                0x08032b54                __swsetup_r
 .text.abort    0x08032c50       0x10 C:/ST/STM32CubeCLT_1.21.0/GNU-tools-for-STM32/bin/../lib/gcc/arm-none-eabi/14.3.1/../../../../arm-none-eabi/lib/thumb/v7e-m+dp/hard\libc.a(libc_a-abort.o)
                0x08032c50                abort
 .text.__smakebuf_r
                0x08032c60       0xd0 C:/ST/STM32CubeCLT_1.21.0/GNU-tools-for-STM32/bin/../lib/gcc/arm-none-eabi/14.3.1/../../../../arm-none-eabi/lib/thumb/v7e-m+dp/hard\libc.a(libc_a-makebuf.o)
                0x08032c60                __smakebuf_r
 .text.raise    0x08032d30       0x58 C:/ST/STM32CubeCLT_1.21.0/GNU-tools-for-STM32/bin/../lib/gcc/arm-none-eabi/14.3.1/../../../../arm-none-eabi/lib/thumb/v7e-m+dp/hard\libc.a(libc_a-signal.o)
                0x08032d30                raise
 .text._fstat_r
                0x08032d88       0x2c C:/ST/STM32CubeCLT_1.21.0/GNU-tools-for-STM32/bin/../lib/gcc/arm-none-eabi/14.3.1/../../../../arm-none-eabi/lib/thumb/v7e-m+dp/hard\libc.a(libc_a-fstatr.o)
                0x08032d88                _fstat_r
 .text._isatty_r
                0x08032db4       0x24 C:/ST/STM32CubeCLT_1.21.0/GNU-tools-for-STM32/bin/../lib/gcc/arm-none-eabi/14.3.1/../../../../arm-none-eabi/lib/thumb/v7e-m+dp/hard\libc.a(libc_a-isattyr.o)
                0x08032db4                _isatty_r
 .text._kill_r  0x08032dd8       0x2c C:/ST/STM32CubeCLT_1.21.0/GNU-tools-for-STM32/bin/../lib/gcc/arm-none-eabi/14.3.1/../../../../arm-none-eabi/lib/thumb/v7e-m+dp/hard\libc.a(libc_a-signalr.o)
                0x08032dd8                _kill_r
 .text._getpid_r
                0x08032e04        0x4 C:/ST/STM32CubeCLT_1.21.0/GNU-tools-for-STM32/bin/../lib/gcc/arm-none-eabi/14.3.1/../../../../arm-none-eabi/lib/thumb/v7e-m+dp/hard\libc.a(libc_a-signalr.o)
                0x08032e04                _getpid_r
 .text          0x08032e08      0x378 C:/ST/STM32CubeCLT_1.21.0/GNU-tools-for-STM32/bin/../lib/gcc/arm-none-eabi/14.3.1/thumb/v7e-m+dp/hard\libgcc.a(_arm_addsubdf3.o)
                0x08032e08                __aeabi_drsub
                0x08032e10                __aeabi_dsub
                0x08032e10                __subdf3
                0x08032e14                __aeabi_dadd
                0x08032e14                __adddf3
                0x0803308c                __floatunsidf
                0x0803308c                __aeabi_ui2d
                0x080330ac                __floatsidf
                0x080330ac                __aeabi_i2d
                0x080330d0                __aeabi_f2d
                0x080330d0                __extendsfdf2
                0x08033114                __floatundidf
                0x08033114                __aeabi_ul2d
                0x08033124                __floatdidf
                0x08033124                __aeabi_l2d
 .text          0x08033180      0x424 C:/ST/STM32CubeCLT_1.21.0/GNU-tools-for-STM32/bin/../lib/gcc/arm-none-eabi/14.3.1/thumb/v7e-m+dp/hard\libgcc.a(_arm_muldivdf3.o)
                0x08033180                __aeabi_dmul
                0x08033180                __muldf3
                0x080333d4                __divdf3
                0x080333d4                __aeabi_ddiv
 .text          0x080335a4       0xa0 C:/ST/STM32CubeCLT_1.21.0/GNU-tools-for-STM32/bin/../lib/gcc/arm-none-eabi/14.3.1/thumb/v7e-m+dp/hard\libgcc.a(_arm_truncdfsf2.o)
                0x080335a4                __truncdfsf2
                0x080335a4                __aeabi_d2f
 .text          0x08033644       0x30 C:/ST/STM32CubeCLT_1.21.0/GNU-tools-for-STM32/bin/../lib/gcc/arm-none-eabi/14.3.1/thumb/v7e-m+dp/hard\libgcc.a(_aeabi_uldivmod.o)
                0x08033644                __aeabi_uldivmod
 .text          0x08033674      0x2f8 C:/ST/STM32CubeCLT_1.21.0/GNU-tools-for-STM32/bin/../lib/gcc/arm-none-eabi/14.3.1/thumb/v7e-m+dp/hard\libgcc.a(_udivmoddi4.o)
                0x08033674                __udivmoddi4
 .text          0x0803396c        0x4 C:/ST/STM32CubeCLT_1.21.0/GNU-tools-for-STM32/bin/../lib/gcc/arm-none-eabi/14.3.1/thumb/v7e-m+dp/hard\libgcc.a(_dvmd_tls.o)
                0x0803396c                __aeabi_idiv0
                0x0803396c                __aeabi_ldiv0
 .text._close   0x08033970       0x10 C:/ST/STM32CubeCLT_1.21.0/GNU-tools-for-STM32/bin/../lib/gcc/arm-none-eabi/14.3.1/../../../../arm-none-eabi/lib/thumb/v7e-m+dp/hard\libnosys.a(close.o)
                0x08033970                _close
 .text._fstat   0x08033980       0x10 C:/ST/STM32CubeCLT_1.21.0/GNU-tools-for-STM32/bin/../lib/gcc/arm-none-eabi/14.3.1/../../../../arm-none-eabi/lib/thumb/v7e-m+dp/hard\libnosys.a(fstat.o)
                0x08033980                _fstat
 .text._getpid  0x08033990       0x10 C:/ST/STM32CubeCLT_1.21.0/GNU-tools-for-STM32/bin/../lib/gcc/arm-none-eabi/14.3.1/../../../../arm-none-eabi/lib/thumb/v7e-m+dp/hard\libnosys.a(getpid.o)
                0x08033990                _getpid
 .text._isatty  0x080339a0       0x10 C:/ST/STM32CubeCLT_1.21.0/GNU-tools-for-STM32/bin/../lib/gcc/arm-none-eabi/14.3.1/../../../../arm-none-eabi/lib/thumb/v7e-m+dp/hard\libnosys.a(isatty.o)
                0x080339a0                _isatty
 .text._kill    0x080339b0       0x10 C:/ST/STM32CubeCLT_1.21.0/GNU-tools-for-STM32/bin/../lib/gcc/arm-none-eabi/14.3.1/../../../../arm-none-eabi/lib/thumb/v7e-m+dp/hard\libnosys.a(kill.o)
                0x080339b0                _kill
 .text._lseek   0x080339c0       0x10 C:/ST/STM32CubeCLT_1.21.0/GNU-tools-for-STM32/bin/../lib/gcc/arm-none-eabi/14.3.1/../../../../arm-none-eabi/lib/thumb/v7e-m+dp/hard\libnosys.a(lseek.o)
                0x080339c0                _lseek
 .text._read    0x080339d0       0x10 C:/ST/STM32CubeCLT_1.21.0/GNU-tools-for-STM32/bin/../lib/gcc/arm-none-eabi/14.3.1/../../../../arm-none-eabi/lib/thumb/v7e-m+dp/hard\libnosys.a(read.o)
                0x080339d0                _read
 .text._sbrk    0x080339e0       0x1c C:/ST/STM32CubeCLT_1.21.0/GNU-tools-for-STM32/bin/../lib/gcc/arm-none-eabi/14.3.1/../../../../arm-none-eabi/lib/thumb/v7e-m+dp/hard\libnosys.a(sbrk.o)
                0x080339e0                _sbrk
 .text._write   0x080339fc       0x10 C:/ST/STM32CubeCLT_1.21.0/GNU-tools-for-STM32/bin/../lib/gcc/arm-none-eabi/14.3.1/../../../../arm-none-eabi/lib/thumb/v7e-m+dp/hard\libnosys.a(write.o)
                0x080339fc                _write
 .text._exit    0x08033a0c        0x4 C:/ST/STM32CubeCLT_1.21.0/GNU-tools-for-STM32/bin/../lib/gcc/arm-none-eabi/14.3.1/../../../../arm-none-eabi/lib/thumb/v7e-m+dp/hard\libnosys.a(_exit.o)
                0x08033a0c                _exit
 *(.rodata)
 .rodata        0x08033a10       0x10 ../../arm_cortex/system_stm32h7xx_dualcore_boot_cm4_cm7.o
                0x08033a10                D1CorePrescTable
 .rodata        0x08033a20        0x5 ../../FreeRTOS-Kernel/tasks.o
 *fill*         0x08033a25        0x3 
 .rodata        0x08033a28       0xef ../../application/source/Bluetooth_Console.o
 *fill*         0x08033b17        0x1 
 .rodata        0x08033b18       0x20 ../../application/source/IMU_Control.o
 .rodata        0x08033b38      0x57e ../../application/source/MotorControl.o
 *fill*         0x080340b6        0x2 
 .rodata        0x080340b8       0x53 ../../application/source/Ultrasonic_Sensor.o
 *fill*         0x0803410b        0x1 
 .rodata        0x0803410c        0x8 ../../STM32H7xx_HAL_Driver/Src/stm32h7xx_hal_dma.o
 .rodata        0x08034114       0x18 ../../STM32H7xx_HAL_Driver/Src/stm32h7xx_hal_uart.o
                0x08034114                UARTPrescTable
 .rodata        0x0803412c       0x10 ../../STM32H7xx_HAL_Driver/Src/stm32h7xx_hal_uart_ex.o
 .rodata        0x0803413c       0x14 ../../STM32H7xx_HAL_Driver/Src/stm32h7xx_nucleo.o
 .rodata        0x08034150       0x77 ../port/main.o
 *(.rodata*)
 *fill*         0x080341c7        0x1 
 .rodata.CSWTCH.9
                0x080341c8        0xc C:/ST/STM32CubeCLT_1.21.0/GNU-tools-for-STM32/bin/../lib/gcc/arm-none-eabi/14.3.1/../../../../arm-none-eabi/lib/thumb/v7e-m+dp/hard\libm.a(libm_a-ef_atan2.o)
 .rodata.CSWTCH.8
                0x080341d4        0xc C:/ST/STM32CubeCLT_1.21.0/GNU-tools-for-STM32/bin/../lib/gcc/arm-none-eabi/14.3.1/../../../../arm-none-eabi/lib/thumb/v7e-m+dp/hard\libm.a(libm_a-ef_atan2.o)
 .rodata.atanlo
                0x080341e0       0x10 C:/ST/STM32CubeCLT_1.21.0/GNU-tools-for-STM32/bin/../lib/gcc/arm-none-eabi/14.3.1/../../../../arm-none-eabi/lib/thumb/v7e-m+dp/hard\libm.a(libm_a-sf_atan.o)
 .rodata.atanhi
                0x080341f0       0x10 C:/ST/STM32CubeCLT_1.21.0/GNU-tools-for-STM32/bin/../lib/gcc/arm-none-eabi/14.3.1/../../../../arm-none-eabi/lib/thumb/v7e-m+dp/hard\libm.a(libm_a-sf_atan.o)
 .rodata._svfprintf_r.str1.4
                0x08034200      0x16b C:/ST/STM32CubeCLT_1.21.0/GNU-tools-for-STM32/bin/../lib/gcc/arm-none-eabi/14.3.1/../../../../arm-none-eabi/lib/thumb/v7e-m+dp/hard\libc.a(libc_a-svfprintf.o)
                                 0x42 (size before relaxing)
 *fill*         0x0803436b        0x1 
 .rodata.zeroes.0
                0x0803436c       0x10 C:/ST/STM32CubeCLT_1.21.0/GNU-tools-for-STM32/bin/../lib/gcc/arm-none-eabi/14.3.1/../../../../arm-none-eabi/lib/thumb/v7e-m+dp/hard\libc.a(libc_a-svfprintf.o)
 .rodata.blanks.1
                0x0803437c       0x10 C:/ST/STM32CubeCLT_1.21.0/GNU-tools-for-STM32/bin/../lib/gcc/arm-none-eabi/14.3.1/../../../../arm-none-eabi/lib/thumb/v7e-m+dp/hard\libc.a(libc_a-svfprintf.o)
 .rodata._dtoa_r.str1.4
                0x0803438c       0x80 C:/ST/STM32CubeCLT_1.21.0/GNU-tools-for-STM32/bin/../lib/gcc/arm-none-eabi/14.3.1/../../../../arm-none-eabi/lib/thumb/v7e-m+dp/hard\libc.a(libc_a-dtoa.o)
 .rodata.__multadd.str1.4
                0x0803438c       0x6d C:/ST/STM32CubeCLT_1.21.0/GNU-tools-for-STM32/bin/../lib/gcc/arm-none-eabi/14.3.1/../../../../arm-none-eabi/lib/thumb/v7e-m+dp/hard\libc.a(libc_a-mprec.o)
 .rodata.p05.0  0x0803438c        0xc C:/ST/STM32CubeCLT_1.21.0/GNU-tools-for-STM32/bin/../lib/gcc/arm-none-eabi/14.3.1/../../../../arm-none-eabi/lib/thumb/v7e-m+dp/hard\libc.a(libc_a-mprec.o)
 .rodata.__mprec_bigtens
                0x08034398       0x28 C:/ST/STM32CubeCLT_1.21.0/GNU-tools-for-STM32/bin/../lib/gcc/arm-none-eabi/14.3.1/../../../../arm-none-eabi/lib/thumb/v7e-m+dp/hard\libc.a(libc_a-mprec.o)
                0x08034398                __mprec_bigtens
 .rodata.__mprec_tens
                0x080343c0       0xc8 C:/ST/STM32CubeCLT_1.21.0/GNU-tools-for-STM32/bin/../lib/gcc/arm-none-eabi/14.3.1/../../../../arm-none-eabi/lib/thumb/v7e-m+dp/hard\libc.a(libc_a-mprec.o)
                0x080343c0                __mprec_tens
 .rodata._setlocale_r.str1.4
                0x08034488        0xd C:/ST/STM32CubeCLT_1.21.0/GNU-tools-for-STM32/bin/../lib/gcc/arm-none-eabi/14.3.1/../../../../arm-none-eabi/lib/thumb/v7e-m+dp/hard\libc.a(libc_a-locale.o)
 .rodata.str1.4
                0x08034488        0x2 C:/ST/STM32CubeCLT_1.21.0/GNU-tools-for-STM32/bin/../lib/gcc/arm-none-eabi/14.3.1/../../../../arm-none-eabi/lib/thumb/v7e-m+dp/hard\libc.a(libc_a-locale.o)
 .rodata.__assert_func.str1.4
                0x08034488       0x43 C:/ST/STM32CubeCLT_1.21.0/GNU-tools-for-STM32/bin/../lib/gcc/arm-none-eabi/14.3.1/../../../../arm-none-eabi/lib/thumb/v7e-m+dp/hard\libc.a(libc_a-assert.o)
 .rodata._ctype_
                0x08034488      0x101 C:/ST/STM32CubeCLT_1.21.0/GNU-tools-for-STM32/bin/../lib/gcc/arm-none-eabi/14.3.1/../../../../arm-none-eabi/lib/thumb/v7e-m+dp/hard\libc.a(libc_a-ctype_.o)
                0x08034488                _ctype_
 .rodata._vfiprintf_r.str1.4
                0x08034589       0x2f C:/ST/STM32CubeCLT_1.21.0/GNU-tools-for-STM32/bin/../lib/gcc/arm-none-eabi/14.3.1/../../../../arm-none-eabi/lib/thumb/v7e-m+dp/hard\libc.a(libc_a-vfiprintf.o)
 *fill*         0x08034589        0x3 
 .rodata.zeroes.0
                0x0803458c       0x10 C:/ST/STM32CubeCLT_1.21.0/GNU-tools-for-STM32/bin/../lib/gcc/arm-none-eabi/14.3.1/../../../../arm-none-eabi/lib/thumb/v7e-m+dp/hard\libc.a(libc_a-vfiprintf.o)
 .rodata.blanks.1
                0x0803459c       0x10 C:/ST/STM32CubeCLT_1.21.0/GNU-tools-for-STM32/bin/../lib/gcc/arm-none-eabi/14.3.1/../../../../arm-none-eabi/lib/thumb/v7e-m+dp/hard\libc.a(libc_a-vfiprintf.o)
                0x080345ac                        _etext = .

.glue_7         0x080345ac        0x0
 .glue_7        0x080345ac        0x0 linker stubs

.glue_7t        0x080345ac        0x0
 .glue_7t       0x080345ac        0x0 linker stubs

.vfp11_veneer   0x080345ac        0x0
 .vfp11_veneer  0x080345ac        0x0 linker stubs

.v4_bx          0x080345ac        0x0
 .v4_bx         0x080345ac        0x0 linker stubs

.init           0x080345ac        0x4
 .init          0x080345ac        0x4 C:/ST/STM32CubeCLT_1.21.0/GNU-tools-for-STM32/bin/../lib/gcc/arm-none-eabi/14.3.1/thumb/v7e-m+dp/hard/crti.o
                0x080345ac                _init

.fini           0x080345b0        0x4
 .fini          0x080345b0        0x4 C:/ST/STM32CubeCLT_1.21.0/GNU-tools-for-STM32/bin/../lib/gcc/arm-none-eabi/14.3.1/thumb/v7e-m+dp/hard/crti.o
                0x080345b0                _fini

.iplt           0x080345b4        0x0
 .iplt          0x080345b4        0x0 ../port/boot.o

.rel.dyn        0x080345b4        0x0
 .rel.iplt      0x080345b4        0x0 ../port/boot.o

.ARM.exidx      0x080345b4        0x8
 .ARM.exidx     0x080345b4        0x8 C:/ST/STM32CubeCLT_1.21.0/GNU-tools-for-STM32/bin/../lib/gcc/arm-none-eabi/14.3.1/../../../../arm-none-eabi/lib/thumb/v7e-m+dp/hard\libc.a(libc_a-memchr.o)
 .ARM.exidx     0x080345bc        0x0 C:/ST/STM32CubeCLT_1.21.0/GNU-tools-for-STM32/bin/../lib/gcc/arm-none-eabi/14.3.1/thumb/v7e-m+dp/hard\libgcc.a(_udivmoddi4.o)
                                  0x8 (size before relaxing)

.data           0x20000000      0x6e4 load address 0x080345bc
                0x20000000                        _sdata = .
                0x080345bc                        _sidata = LOADADDR (.data)
 *(.data*)
 .data          0x20000000        0x8 ../../arm_cortex/system_stm32h7xx_dualcore_boot_cm4_cm7.o
                0x20000000                SystemCoreClock
                0x20000004                SystemD2Clock
 .data          0x20000008        0x4 ../../FreeRTOS-Kernel/tasks.o
 .data          0x2000000c        0x4 ../../FreeRTOS-Kernel/portable/GCC/ARM_CM7/r0p1/port.o
 .data          0x20000010        0x5 ../../STM32H7xx_HAL_Driver/Src/stm32h7xx_hal.o