Archive member included to satisfy reference by file (symbol)

C:/ST/STM32CubeCLT_1.21.0/GNU-tools-for-STM32/bin/../lib/gcc/arm-none-eabi/14.3.1/../../../../arm-none-eabi/lib/thumb/v7e-m+dp/hard\libm.a(libm_a-wf_atan2.o)
                              ../../application/source/IMU_Control.o (atan2f)
C:/ST/STM32CubeCLT_1.21.0/GNU-tools-for-STM32/bin/../lib/gcc/arm-none-eabi/14.3.1/../../../../arm-none-eabi/lib/thumb/v7e-m+dp/hard\libm.a(libm_a-wf_sqrt.o)
                              ../../application/source/IMU_Control.o (sqrtf)
C:/ST/STM32CubeCLT_1.21.0/GNU-tools-for-STM32/bin/../lib/gcc/arm-none-eabi/14.3.1/../../../../arm-none-eabi/lib/thumb/v7e-m+dp/hard\libm.a(libm_a-ef_sqrt.o)
                              C:/ST/STM32CubeCLT_1.21.0/GNU-tools-for-STM32/bin/../lib/gcc/arm-none-eabi/14.3.1/../../../../arm-none-eabi/lib/thumb/v7e-m+dp/hard\libm.a(libm_a-wf_sqrt.o) (__ieee754_sqrtf)
C:/ST/STM32CubeCLT_1.21.0/GNU-tools-for-STM32/bin/../lib/gcc/arm-none-eabi/14.3.1/../../../../arm-none-eabi/lib/thumb/v7e-m+dp/hard\libm.a(libm_a-ef_atan2.o)
                              C:/ST/STM32CubeCLT_1.21.0/GNU-tools-for-STM32/bin/../lib/gcc/arm-none-eabi/14.3.1/../../../../arm-none-eabi/lib/thumb/v7e-m+dp/hard\libm.a(libm_a-wf_atan2.o) (__ieee754_atan2f)
C:/ST/STM32CubeCLT_1.21.0/GNU-tools-for-STM32/bin/../lib/gcc/arm-none-eabi/14.3.1/../../../../arm-none-eabi/lib/thumb/v7e-m+dp/hard\libm.a(libm_a-sf_atan.o)
                              C:/ST/STM32CubeCLT_1.21.0/GNU-tools-for-STM32/bin/../lib/gcc/arm-none-eabi/14.3.1/../../../../arm-none-eabi/lib/thumb/v7e-m+dp/hard\libm.a(libm_a-ef_atan2.o) (atanf)
C:/ST/STM32CubeCLT_1.21.0/GNU-tools-for-STM32/bin/../lib/gcc/arm-none-eabi/14.3.1/../../../../arm-none-eabi/lib/thumb/v7e-m+dp/hard\libm.a(libm_a-sf_fabs.o)
                              C:/ST/STM32CubeCLT_1.21.0/GNU-tools-for-STM32/bin/../lib/gcc/arm-none-eabi/14.3.1/../../../../arm-none-eabi/lib/thumb/v7e-m+dp/hard\libm.a(libm_a-ef_atan2.o) (fabsf)
C:/ST/STM32CubeCLT_1.21.0/GNU-tools-for-STM32/bin/../lib/gcc/arm-none-eabi/14.3.1/../../../../arm-none-eabi/lib/thumb/v7e-m+dp/hard\libc.a(libc_a-exit.o)
                              C:/ST/STM32CubeCLT_1.21.0/GNU-tools-for-STM32/bin/../lib/gcc/arm-none-eabi/14.3.1/../../../../arm-none-eabi/lib/thumb/v7e-m+dp/hard/crt0.o (exit)
C:/ST/STM32CubeCLT_1.21.0/GNU-tools-for-STM32/bin/../lib/gcc/arm-none-eabi/14.3.1/../../../../arm-none-eabi/lib/thumb/v7e-m+dp/hard\libc.a(libc_a-findfp.o)
                              C:/ST/STM32CubeCLT_1.21.0/GNU-tools-for-STM32/bin/../lib/gcc/arm-none-eabi/14.3.1/../../../../arm-none-eabi/lib/thumb/v7e-m+dp/hard\libc.a(libc_a-exit.o) (__stdio_exit_handler)
C:/ST/STM32CubeCLT_1.21.0/GNU-tools-for-STM32/bin/../lib/gcc/arm-none-eabi/14.3.1/../../../../arm-none-eabi/lib/thumb/v7e-m+dp/hard\libc.a(libc_a-fwalk.o)
                              C:/ST/STM32CubeCLT_1.21.0/GNU-tools-for-STM32/bin/../lib/gcc/arm-none-eabi/14.3.1/../../../../arm-none-eabi/lib/thumb/v7e-m+dp/hard\libc.a(libc_a-findfp.o) (_fwalk_sglue)
C:/ST/STM32CubeCLT_1.21.0/GNU-tools-for-STM32/bin/../lib/gcc/arm-none-eabi/14.3.1/../../../../arm-none-eabi/lib/thumb/v7e-m+dp/hard\libc.a(libc_a-sprintf.o)
                              ../../application/source/Bluetooth_Console.o (sprintf)
C:/ST/STM32CubeCLT_1.21.0/GNU-tools-for-STM32/bin/../lib/gcc/arm-none-eabi/14.3.1/../../../../arm-none-eabi/lib/thumb/v7e-m+dp/hard\libc.a(libc_a-stdio.o)
                              C:/ST/STM32CubeCLT_1.21.0/GNU-tools-for-STM32/bin/../lib/gcc/arm-none-eabi/14.3.1/../../../../arm-none-eabi/lib/thumb/v7e-m+dp/hard\libc.a(libc_a-findfp.o) (__sread)
C:/ST/STM32CubeCLT_1.21.0/GNU-tools-for-STM32/bin/../lib/gcc/arm-none-eabi/14.3.1/../../../../arm-none-eabi/lib/thumb/v7e-m+dp/hard\libc.a(libc_a-memset.o)
                              C:/ST/STM32CubeCLT_1.21.0/GNU-tools-for-STM32/bin/../lib/gcc/arm-none-eabi/14.3.1/../../../../arm-none-eabi/lib/thumb/v7e-m+dp/hard/crt0.o (memset)
C:/ST/STM32CubeCLT_1.21.0/GNU-tools-for-STM32/bin/../lib/gcc/arm-none-eabi/14.3.1/../../../../arm-none-eabi/lib/thumb/v7e-m+dp/hard\libc.a(libc_a-closer.o)
                              C:/ST/STM32CubeCLT_1.21.0/GNU-tools-for-STM32/bin/../lib/gcc/arm-none-eabi/14.3.1/../../../../arm-none-eabi/lib/thumb/v7e-m+dp/hard\libc.a(libc_a-stdio.o) (_close_r)
C:/ST/STM32CubeCLT_1.21.0/GNU-tools-for-STM32/bin/../lib/gcc/arm-none-eabi/14.3.1/../../../../arm-none-eabi/lib/thumb/v7e-m+dp/hard\libc.a(libc_a-reent.o)
                              C:/ST/STM32CubeCLT_1.21.0/GNU-tools-for-STM32/bin/../lib/gcc/arm-none-eabi/14.3.1/../../../../arm-none-eabi/lib/thumb/v7e-m+dp/hard\libc.a(libc_a-closer.o) (errno)
C:/ST/STM32CubeCLT_1.21.0/GNU-tools-for-STM32/bin/../lib/gcc/arm-none-eabi/14.3.1/../../../../arm-none-eabi/lib/thumb/v7e-m+dp/hard\libc.a(libc_a-impure.o)
[...]
Memory Configuration

Name             Origin             Length             Attributes
FLASH            0x08000000         0x00100000
RAM              0x20000000         0x00020000
*default*        0x00000000         0xffffffff

Linker script and memory map

LOAD C:/ST/STM32CubeCLT_1.21.0/GNU-tools-for-STM32/bin/../lib/gcc/arm-none-eabi/14.3.1/thumb/v7e-m+dp/hard/crti.o
LOAD C:/ST/STM32CubeCLT_1.21.0/GNU-tools-for-STM32/bin/../lib/gcc/arm-none-eabi/14.3.1/thumb/v7e-m+dp/hard/crtbegin.o
LOAD C:/ST/STM32CubeCLT_1.21.0/GNU-tools-for-STM32/bin/../lib/gcc/arm-none-eabi/14.3.1/../../../../arm-none-eabi/lib/thumb/v7e-m+dp/hard/crt0.o
LOAD ../port/boot.o
LOAD ../../arm_cortex/system_stm32h7xx_dualcore_boot_cm4_cm7.o
LOAD ../../FreeRTOS-Kernel/tasks.o
LOAD ../../FreeRTOS-Kernel/custom_hooks.o
LOAD ../../FreeRTOS-Kernel/list.o
LOAD ../../FreeRTOS-Kernel/queue.o
LOAD ../../FreeRTOS-Kernel/timers.o
LOAD ../../FreeRTOS-Kernel/portable/MemMang/heap_4.o
LOAD ../../FreeRTOS-Kernel/portable/GCC/ARM_CM7/r0p1/port.o
LOAD ../../application/source/Bluetooth_Console.o
LOAD ../../application/source/FreeRTOS_task.o
LOAD ../../application/source/IMU_Control.o
LOAD ../../application/source/MotorControl.o
LOAD ../../application/source/Ultrasonic_Sensor.o
LOAD ../../STM32H7xx_HAL_Driver/Src/stm32h7xx_hal.o
LOAD ../../STM32H7xx_HAL_Driver/Src/stm32h7xx_hal_adc.o
LOAD ../../STM32H7xx_HAL_Driver/Src/stm32h7xx_hal_adc_ex.o
LOAD ../../STM32H7xx_HAL_Driver/Src/stm32h7xx_hal_cortex.o
LOAD ../../STM32H7xx_HAL_Driver/Src/stm32h7xx_hal_dma.o
LOAD ../../STM32H7xx_HAL_Driver/Src/stm32h7xx_hal_exti.o
LOAD ../../STM32H7xx_HAL_Driver/Src/stm32h7xx_hal_gpio.o
LOAD ../../STM32H7xx_HAL_Driver/Src/stm32h7xx_hal_hsem.o
LOAD ../../STM32H7xx_HAL_Driver/Src/stm32h7xx_hal_i2c.o
LOAD ../../STM32H7xx_HAL_Driver/Src/stm32h7xx_hal_i2c_ex.o
LOAD ../../STM32H7xx_HAL_Driver/Src/stm32h7xx_hal_pwr.o
LOAD ../../STM32H7xx_HAL_Driver/Src/stm32h7xx_hal_pwr_ex.o
LOAD ../../STM32H7xx_HAL_Driver/Src/stm32h7xx_hal_rcc.o
LOAD ../../STM32H7xx_HAL_Driver/Src/stm32h7xx_hal_rcc_ex.o
LOAD ../../STM32H7xx_HAL_Driver/Src/stm32h7xx_hal_tim.o
LOAD ../../STM32H7xx_HAL_Driver/Src/stm32h7xx_hal_tim_ex.o
LOAD ../../STM32H7xx_HAL_Driver/Src/stm32h7xx_hal_uart.o
LOAD ../../STM32H7xx_HAL_Driver/Src/stm32h7xx_hal_uart_ex.o
LOAD ../../STM32H7xx_HAL_Driver/Src/stm32h7xx_ll_pwr.o
LOAD ../../STM32H7xx_HAL_Driver/Src/stm32h7xx_nucleo.o
LOAD ../port/exception_handlers.o
LOAD ../port/main.o
LOAD ../port/portFunctions.o
LOAD ../port/start.o
LOAD C:/ST/STM32CubeCLT_1.21.0/GNU-tools-for-STM32/bin/../lib/gcc/arm-none-eabi/14.3.1/../../../../arm-none-eabi/lib/thumb/v7e-m+dp/hard\libm.a
LOAD C:/ST/STM32CubeCLT_1.21.0/GNU-tools-for-STM32/bin/../lib/gcc/arm-none-eabi/14.3.1/../../../../arm-none-eabi/lib/thumb/v7e-m+dp/hard\libc.a
START GROUP
LOAD C:/ST/STM32CubeCLT_1.21.0/GNU-tools-for-STM32/bin/../lib/gcc/arm-none-eabi/14.3.1/thumb/v7e-m+dp/hard\libgcc.a
LOAD C:/ST/STM32CubeCLT_1.21.0/GNU-tools-for-STM32/bin/../lib/gcc/arm-none-eabi/14.3.1/../../../../arm-none-eabi/lib/thumb/v7e-m+dp/hard\libc.a
END GROUP
START GROUP
LOAD C:/ST/STM32CubeCLT_1.21.0/GNU-tools-for-STM32/bin/../lib/gcc/arm-none-eabi/14.3.1/thumb/v7e-m+dp/hard\libgcc.a
LOAD C:/ST/STM32CubeCLT_1.21.0/GNU-tools-for-STM32/bin/../lib/gcc/arm-none-eabi/14.3.1/../../../../arm-none-eabi/lib/thumb/v7e-m+dp/hard\libc.a
LOAD C:/ST/STM32CubeCLT_1.21.0/GNU-tools-for-STM32/bin/../lib/gcc/arm-none-eabi/14.3.1/../../../../arm-none-eabi/lib/thumb/v7e-m+dp/hard\libnosys.a
END GROUP
LOAD C:/ST/STM32CubeCLT_1.21.0/GNU-tools-for-STM32/bin/../lib/gcc/arm-none-eabi/14.3.1/thumb/v7e-m+dp/hard/crtend.o
LOAD C:/ST/STM32CubeCLT_1.21.0/GNU-tools-for-STM32/bin/../lib/gcc/arm-none-eabi/14.3.1/thumb/v7e-m+dp/hard/crtn.o
                0x00002000                        STACK_SIZE = 0x2000

.text           0x08000000    0x2d434
                0x08000000                        _stext = .
 *(.vectors*)
 .vectors       0x08000000      0x4f0 ../port/boot.o
 *(.text*)
 .text          0x080004f0       0x10 ../port/boot.o
                0x080004f0                reset_handler
                0x080004fe                TIM8_CC_IRQHandler
                0x080004fe                HRTIM1_Master_IRQHandler
                0x080004fe                UART8_IRQHandler
                0x080004fe                EXTI2_IRQHandler
                0x080004fe                RTC_Alarm_IRQHandler
                0x080004fe                SPI4_IRQHandler
                0x080004fe                TIM1_CC_IRQHandler
                0x080004fe                BDMA_Channel6_IRQHandler
                0x080004fe                DMA2_Stream5_IRQHandler
                0x080004fe                HRTIM1_FLT_IRQHandler
                0x080004fe                JPEG_IRQHandler
                0x080004fe                DMA1_Stream5_IRQHandler
                0x080004fe                BDMA_Channel1_IRQHandler
                0x080004fe                HRTIM1_TIMD_IRQHandler
                0x080004fe                TAMP_STAMP_IRQHandler
                0x080004fe                EXTI3_IRQHandler
                0x080004fe                LPTIM4_IRQHandler
                0x080004fe                TIM8_TRG_COM_TIM14_IRQHandler
                0x080004fe                LPTIM2_IRQHandler
                0x080004fe                DFSDM1_FLT1_IRQHandler
                0x080004fe                DMAMUX2_OVR_IRQHandler
                0x080004fe                TIM8_UP_TIM13_IRQHandler
                0x080004fe                I2C3_ER_IRQHandler
                0x080004fe                DFSDM1_FLT2_IRQHandler
                0x080004fe                MDMA_IRQHandler
                0x080004fe                LPTIM3_IRQHandler
                0x080004fe                HSEM1_IRQHandler
                0x080004fe                EXTI0_IRQHandler
                0x080004fe                I2C2_EV_IRQHandler
                0x080004fe                DMA1_Stream2_IRQHandler
                0x080004fe                FPU_IRQHandler
                0x080004fe                OTG_HS_WKUP_IRQHandler
                0x080004fe                FDCAN1_IT1_IRQHandler
                0x080004fe                LTDC_ER_IRQHandler
                0x080004fe                DMA2_Stream2_IRQHandler
                0x080004fe                HRTIM1_TIME_IRQHandler
                0x080004fe                SPI1_IRQHandler
                0x080004fe                TIM6_DAC_IRQHandler
                0x080004fe                DCMI_IRQHandler
                0x080004fe                HRTIM1_TIMC_IRQHandler
                0x080004fe                DMA2_Stream3_IRQHandler
                0x080004fe                SAI2_IRQHandler
                0x080004fe                DFSDM1_FLT3_IRQHandler
                0x080004fe                USART6_IRQHandler
                0x080004fe                TIM17_IRQHandler
                0x080004fe                USART3_IRQHandler
                0x080004fe                BDMA_Channel7_IRQHandler
                0x080004fe                LPTIM5_IRQHandler
                0x080004fe                UART5_IRQHandler
                0x080004fe                ADC3_IRQHandler
                0x080004fe                DMA2_Stream0_IRQHandler
                0x080004fe                TIM4_IRQHandler
                0x080004fe                BDMA_Channel2_IRQHandler
                0x080004fe                QUADSPI_IRQHandler
                0x080004fe                I2C1_EV_IRQHandler
                0x080004fe                DMA1_Stream6_IRQHandler
                0x080004fe                DMAMUX1_OVR_IRQHandler
                0x080004fe                DMA1_Stream1_IRQHandler
                0x080004fe                TIM16_IRQHandler
                0x080004fe                UART4_IRQHandler
                0x080004fe                BDMA_Channel5_IRQHandler
                0x080004fe                TIM3_IRQHandler
                0x080004fe                RCC_IRQHandler
                0x080004fe                TIM8_BRK_TIM12_IRQHandler
                0x080004fe                TIM1_TRG_COM_IRQHandler
                0x080004fe                ECC_IRQHandler
                0x080004fe                CEC_IRQHandler
                0x080004fe                EXTI15_10_IRQHandler
                0x080004fe                BDMA_Channel0_IRQHandler
                0x080004fe                ADC_IRQHandler
                0x080004fe                DMA1_Stream7_IRQHandler
                0x080004fe                HRTIM1_TIMA_IRQHandler
                0x080004fe                SPI5_IRQHandler
                0x080004fe                TIM7_IRQHandler
                0x080004fe                SDMMC1_IRQHandler
                0x080004fe                TIM5_IRQHandler
                0x080004fe                DMA2_Stream7_IRQHandler
                0x080004fe                TIM15_IRQHandler
                0x080004fe                PVD_AVD_IRQHandler
                0x080004fe                I2C3_EV_IRQHandler
                0x080004fe                EXTI9_5_IRQHandler
                0x080004fe                RTC_WKUP_IRQHandler
                0x080004fe                LTDC_IRQHandler
                0x080004fe                SAI3_IRQHandler
                0x080004fe                ETH_WKUP_IRQHandler
                0x080004fe                SPDIF_RX_IRQHandler
                0x080004fe                SPI2_IRQHandler
                0x080004fe                OTG_HS_EP1_IN_IRQHandler
                0x080004fe                DMA1_Stream0_IRQHandler
                0x080004fe                CRS_IRQHandler
                0x080004fe                CM7_SEV_IRQHandler
                0x080004fe                EXTI4_IRQHandler
                0x080004fe                RNG_IRQHandler
                0x080004fe                CM4_SEV_IRQHandler
                0x080004fe                HRTIM1_TIMB_IRQHandler
                0x080004fe                FDCAN2_IT1_IRQHandler
                0x080004fe                ETH_IRQHandler
                0x080004fe                TIM1_UP_IRQHandler
                0x080004fe                WWDG_RST_IRQHandler
                0x080004fe                BDMA_Channel4_IRQHandler
                0x080004fe                OTG_HS_EP1_OUT_IRQHandler
                0x080004fe                WWDG_IRQHandler
                0x080004fe                SPI6_IRQHandler
                0x080004fe                MDIOS_IRQHandler
                0x080004fe                I2C4_EV_IRQHandler
                0x080004fe                FDCAN2_IT0_IRQHandler
                0x080004fe                LPUART1_IRQHandler
                0x080004fe                FDCAN1_IT0_IRQHandler
                0x080004fe                TIM2_IRQHandler
                0x080004fe                OTG_FS_WKUP_IRQHandler
                0x080004fe                OTG_HS_IRQHandler
                0x080004fe                HSEM2_IRQHandler
                0x080004fe                DMA2D_IRQHandler
                0x080004fe                TIM1_BRK_IRQHandler
                0x080004fe                EXTI1_IRQHandler
                0x080004fe                SDMMC2_IRQHandler
                0x080004fe                OTG_FS_EP1_OUT_IRQHandler
                0x080004fe                BDMA_Channel3_IRQHandler
                0x080004fe                HOLD_CORE_IRQHandler
                0x080004fe                UART7_IRQHandler
                0x080004fe                MDIOS_WKUP_IRQHandler
                0x080004fe                USART2_IRQHandler
                0x080004fe                DFSDM1_FLT0_IRQHandler
                0x080004fe                SAI4_IRQHandler
                0x080004fe                I2C2_ER_IRQHandler
                0x080004fe                DMA2_Stream1_IRQHandler
                0x080004fe                FLASH_IRQHandler
                0x080004fe                DMA2_Stream4_IRQHandler
                0x080004fe                USART1_IRQHandler
                0x080004fe                OTG_FS_IRQHandler
                0x080004fe                SPI3_IRQHandler
                0x080004fe                WAKEUP_PIN_IRQHandler
                0x080004fe                DMA1_Stream4_IRQHandler
                0x080004fe                OTG_FS_EP1_IN_IRQHandler
                0x080004fe                I2C1_ER_IRQHandler
                0x080004fe                FMC_IRQHandler
                0x080004fe                FDCAN_CAL_IRQHandler
                0x080004fe                SWPMI1_IRQHandler
                0x080004fe                COMP1_IRQHandler
                0x080004fe                LPTIM1_IRQHandler
                0x080004fe                I2C4_ER_IRQHandler
                0x080004fe                DMA2_Stream6_IRQHandler
                0x080004fe                SAI1_IRQHandler
                0x080004fe                DMA1_Stream3_IRQHandler
 .text          0x08000500      0x480 ../../arm_cortex/system_stm32h7xx_dualcore_boot_cm4_cm7.o
                0x08000500                SystemInit
                0x0800065c                SystemCoreClockUpdate
                0x08000950                ExitRun0Mode
 .text          0x08000980     0x21f8 ../../FreeRTOS-Kernel/tasks.o
                0x080009f8                xTaskCreate
                0x08000c68                vTaskDelay
                0x08000cc0                eTaskGetState
                0x08000df4                vTaskStartScheduler
                0x08000e64                vTaskEndScheduler
                0x08000e98                vTaskSuspendAll
                0x08000eb4                xTaskResumeAll
                0x080010b4                xTaskGetTickCount
                0x080010d4                xTaskGetTickCountFromISR
                0x080010f8                uxTaskGetNumberOfTasks
                0x08001110                pcTaskGetName
                0x08001148                uxTaskGetSystemState
                0x08001218                xTaskCatchUpTicks
                0x0800125c                xTaskIncrementTick
                0x0800147c                vTaskSwitchContext
                0x08001528                vTaskPlaceOnEventList
                0x08001560                vTaskPlaceOnUnorderedEventList
                0x080015e8                xTaskRemoveFromEventList
                0x08001788                vTaskRemoveFromUnorderedEventList
                0x080018ec                vTaskSetTimeOutState
                0x08001928                vTaskInternalSetTimeOutState
                0x08001954                xTaskCheckForTimeOut
                0x080019ec                vTaskMissedYield
                0x08001a04                uxTaskGetTaskNumber
                0x08001a30                vTaskSetTaskNumber
                0x08001ade                vTaskGetInfo
                0x08001c88                xTaskGetCurrentTaskHandle
                0x08001ca8                xTaskGetCurrentTaskHandleForCore
                0x08001cd8                xTaskGetSchedulerState
                0x08001d14                xTaskPriorityInherit
                0x08001e38                xTaskPriorityDisinherit
                0x08001f44                vTaskPriorityDisinheritAfterTimeout
                0x08002078                uxTaskResetEventItemValue
                0x080020a8                pvTaskIncrementMutexHeldCount
                0x080020d8                ulTaskGenericNotifyTake
                0x080021d4                xTaskGenericNotifyWait
                0x08002300                xTaskGenericNotify
                0x08002508                xTaskGenericNotifyFromISR
                0x08002790                vTaskGenericNotifyGiveFromISR
                0x08002974                xTaskGenericNotifyStateClear
                0x080029e0                ulTaskGenericNotifyValueClear
                0x08002ae0                vTaskResetState
 .text          0x08002b78      0x168 ../../FreeRTOS-Kernel/list.o
                0x08002b78                vListInitialise
                0x08002bb8                vListInitialiseItem
                0x08002bd2                vListInsertEnd
                0x08002c1a                vListInsert
                0x08002c8c                uxListRemove
 .text          0x08002ce0     0x1130 ../../FreeRTOS-Kernel/queue.o
                0x08002ce0                xQueueGenericReset
                0x08002ddc                xQueueGenericCreate
                0x08002ee0                xQueueCreateMutex
                0x08002f10                xQueueGenericSend
                0x080030a8                xQueueGenericSendFromISR
                0x080031b6                xQueueGiveFromISR
                0x080032ae                xQueueReceive
                0x08003424                xQueueSemaphoreTake
                0x080035e0                xQueuePeek
                0x08003754                xQueueReceiveFromISR
                0x08003846                xQueuePeekFromISR
                0x080038de                uxQueueMessagesWaiting
                0x08003908                uxQueueSpacesAvailable
                0x0800393c                uxQueueMessagesWaitingFromISR
                0x08003966                vQueueDelete
                0x08003990                uxQueueGetQueueNumber
                0x080039a8                vQueueSetQueueNumber
                0x080039c4                ucQueueGetQueueType
                0x080039de                uxQueueGetQueueItemSize
                0x080039f6                uxQueueGetQueueLength
                0x08003c2e                xQueueIsQueueEmptyFromISR
                0x08003c94                xQueueIsQueueFullFromISR
                0x08003cce                vQueueAddToRegistry
                0x08003d58                pcQueueGetName
                0x08003db0                vQueueUnregisterQueue
 .text          0x08003e10      0x5c8 ../../FreeRTOS-Kernel/portable/MemMang/heap_4.o
                0x08003e10                pvPortMalloc
                0x08003fe8                vPortFree
                0x08004090                xPortGetFreeHeapSize
                0x080040a8                xPortGetMinimumEverFreeHeapSize
                0x080040c0                xPortResetHeapMinimumEverFreeHeapSize
                0x080040e0                vPortInitialiseBlocks
                0x080040ee                pvPortCalloc
                0x080042dc                vPortGetHeapStats
                0x08004398                vPortHeapResetState
 .text          0x080043d8      0x444 ../../FreeRTOS-Kernel/portable/GCC/ARM_CM7/r0p1/port.o
                0x080043d8                pxPortInitialiseStack
                0x0800448c                vPortSVCHandler
                0x080044d6                xPortStartScheduler
                0x08004614                vPortEndScheduler
                0x08004634                vPortEnterCritical
                0x08004688                vPortExitCritical
                0x080046c8                xPortPendSVHandler
                0x0800472a                xPortSysTickHandler
                0x08004774                vPortSetupTimerInterrupt
                0x080047c2                vPortValidateInterruptPriority
 .text          0x0800481c      0x44c ../../application/source/Bluetooth_Console.o
                0x0800481c                BlueTooth_Console_Init
                0x080049d8                BlueTooth_Display
                0x08004a08                HAL_UART_RxCpltCallback
                0x08004a78                HAL_UART_ErrorCallback
                0x08004aec                BT_Error_Handler
                0x08004b08                Terminal_Console_Init
                0x08004c34                Terminal_Display
 .text          0x08004c68      0x138 ../../application/source/FreeRTOS_task.o
                0x08004c68                SM_Task_TerminalPrint
                0x08004ca0                SM_Task_RedLedBlink
                0x08004d34                SM_Task_YellowLedBlink
 .text          0x08004da0      0x5c8 ../../application/source/IMU_Control.o
                0x08004da0                Error_Handler_IMU
                0x08004db4                MX_I2C4_Init
                0x08004f88                IMU_Raw_Read
                0x080050c8                Display_IMU_Euler_Angles
                0x080050da                calculate_angles_complementary
                0x08005340                HAL_GPIO_EXTI_Callback
 .text          0x08005368      0x498 ../../application/source/Ultrasonic_Sensor.o
                0x08005368                US_Error_Handler
                0x0800537c                MX_TIM3_Init
                0x08005524                MX_TIM4_Init
                0x080056b8                HAL_TIM_IC_CaptureCallback
 .text          0x08005800      0xcf4 ../../STM32H7xx_HAL_Driver/Src/stm32h7xx_hal.o
                0x08005800                HAL_Init
                0x08005878                HAL_DeInit
                0x08005934                HAL_MspInit
                0x08005942                HAL_MspDeInit
                0x08005950                HAL_InitTick
                0x080059bc                HAL_IncTick
                0x080059e4                HAL_GetTick
                0x080059fc                HAL_GetTickPrio
                0x08005a14                HAL_SetTickFreq
                0x08005a64                HAL_GetTickFreq
                0x08005a7c                HAL_Delay
                0x08005ac4                HAL_SuspendTick
                0x08005ae4                HAL_ResumeTick
                0x08005b04                HAL_GetHalVersion
                0x08005b18                HAL_GetREVID
                0x08005b30                HAL_GetDEVID
                0x08005b4c                HAL_GetUIDw0
                0x08005b64                HAL_GetUIDw1
                0x08005b7c                HAL_GetUIDw2
                0x08005b94                HAL_SYSCFG_VREFBUF_VoltageScalingConfig
                0x08005bbc                HAL_SYSCFG_VREFBUF_HighImpedanceConfig
                0x08005be4                HAL_SYSCFG_VREFBUF_TrimmingConfig
                0x08005c0c                HAL_SYSCFG_EnableVREFBUF
                0x08005c54                HAL_SYSCFG_DisableVREFBUF
                0x08005c74                HAL_SYSCFG_ETHInterfaceSelect
                0x08005c9c                HAL_SYSCFG_AnalogSwitchConfig
                0x08005cc8                HAL_SYSCFG_EnableBOOST
                0x08005ce8                HAL_SYSCFG_DisableBOOST
                0x08005d08                HAL_SYSCFG_CM7BootAddConfig
                0x08005d5c                HAL_SYSCFG_CM4BootAddConfig
                0x08005db0                HAL_SYSCFG_EnableCM7BOOT
                0x08005dd4                HAL_SYSCFG_DisableCM7BOOT
                0x08005df8                HAL_SYSCFG_EnableCM4BOOT
                0x08005e1c                HAL_SYSCFG_DisableCM4BOOT
                0x08005e40                HAL_EnableCompensationCell
                0x08005e60                HAL_DisableCompensationCell
                0x08005e80                HAL_SYSCFG_EnableIOSpeedOptimize
                0x08005ea0                HAL_SYSCFG_DisableIOSpeedOptimize
                0x08005ec0                HAL_SYSCFG_CompensationCodeSelect
                0x08005ee8                HAL_SYSCFG_CompensationCodeConfig
                0x08005f18                HAL_DBGMCU_EnableDBGSleepMode
                0x08005f38                HAL_DBGMCU_DisableDBGSleepMode
                0x08005f58                HAL_DBGMCU_EnableDBGStopMode
                0x08005f78                HAL_DBGMCU_DisableDBGStopMode
                0x08005f98                HAL_DBGMCU_EnableDBGStandbyMode
                0x08005fb8                HAL_DBGMCU_DisableDBGStandbyMode
                0x08005fd8                HAL_EnableDomain2DBGSleepMode
                0x08005ff8                HAL_DisableDomain2DBGSleepMode
                0x08006018                HAL_EnableDomain2DBGStopMode
                0x08006038                HAL_DisableDomain2DBGStopMode
                0x08006058                HAL_EnableDomain2DBGStandbyMode
                0x08006078                HAL_DisableDomain2DBGStandbyMode
                0x08006098                HAL_SetFMCMemorySwappingConfig
                0x080060c0                HAL_GetFMCMemorySwappingConfig
                0x080060dc                HAL_EXTI_EdgeConfig
                0x080061ac                HAL_EXTI_GenerateSWInterrupt
                0x080061ec                HAL_EXTI_D1_ClearFlag
                0x0800621c                HAL_EXTI_D2_ClearFlag
                0x0800624c                HAL_EXTI_D1_EventInputConfig
                0x08006338                HAL_EXTI_D2_EventInputConfig
                0x08006424                HAL_EXTI_D3_EventInputConfig
 .text          0x080064f4      0x6e0 ../../STM32H7xx_HAL_Driver/Src/stm32h7xx_hal_cortex.o
                0x080068c4                HAL_NVIC_SetPriorityGrouping
                0x080068da                HAL_NVIC_SetPriority
                0x0800690e                HAL_NVIC_EnableIRQ
                0x0800692a                HAL_NVIC_DisableIRQ
                0x08006946                HAL_NVIC_SystemReset
                0x0800694e                HAL_SYSTICK_Config
                0x08006966                HAL_MPU_Disable
                0x08006994                HAL_MPU_Enable
                0x080069d4                HAL_MPU_EnableRegion
                0x08006a00                HAL_MPU_DisableRegion
                0x08006a2c                HAL_MPU_ConfigRegion
                0x08006aac                HAL_NVIC_GetPriorityGrouping
                0x08006aba                HAL_NVIC_GetPriority
                0x08006ae6                HAL_NVIC_SetPendingIRQ
                0x08006b02                HAL_NVIC_GetPendingIRQ
                0x08006b20                HAL_NVIC_ClearPendingIRQ
                0x08006b3c                HAL_NVIC_GetActive
                0x08006b5a                HAL_SYSTICK_CLKSourceConfig
                0x08006b94                HAL_SYSTICK_IRQHandler
                0x08006ba0                HAL_SYSTICK_Callback
                0x08006bae                HAL_GetCurrentCPUID
 .text          0x08006bd4     0x3b38 ../../STM32H7xx_HAL_Driver/Src/stm32h7xx_hal_dma.o
                0x08006bd4                HAL_DMA_Init
                0x0800728c                HAL_DMA_DeInit
                0x080075f8                HAL_DMA_Start
                0x08007838                HAL_DMA_Start_IT
                0x08007d0c                HAL_DMA_Abort
                0x08008348                HAL_DMA_Abort_IT
                0x080087d2                HAL_DMA_PollForTransfer
                0x08008f24                HAL_DMA_IRQHandler
                0x08009d78                HAL_DMA_RegisterCallback
                0x08009e2c                HAL_DMA_UnRegisterCallback
                0x08009f06                HAL_DMA_GetState
                0x08009f22                HAL_DMA_GetError
 .text          0x0800a70c      0x8a8 ../../STM32H7xx_HAL_Driver/Src/stm32h7xx_hal_exti.o
                0x0800a70c                HAL_EXTI_SetConfigLine
                0x0800a9d8                HAL_EXTI_GetConfigLine
                0x0800abf4                HAL_EXTI_ClearConfigLine
                0x0800adc8                HAL_EXTI_RegisterCallback
                0x0800ae06                HAL_EXTI_GetHandle
                0x0800ae2e                HAL_EXTI_IRQHandler
                0x0800aea8                HAL_EXTI_GetPending
                0x0800af14                HAL_EXTI_ClearPending
                0x0800af70                HAL_EXTI_GenerateSWI
 .text          0x0800afb4      0x6a4 ../../STM32H7xx_HAL_Driver/Src/stm32h7xx_hal_gpio.o
                0x0800afb4                HAL_GPIO_Init
                0x0800b314                HAL_GPIO_DeInit
                0x0800b528                HAL_GPIO_ReadPin
                0x0800b558                HAL_GPIO_WritePin
                0x0800b58a                HAL_GPIO_TogglePin
                0x0800b5be                HAL_GPIO_LockPin
                0x0800b60e                HAL_GPIO_EXTI_IRQHandler
 .text          0x0800b658      0x1d4 ../../STM32H7xx_HAL_Driver/Src/stm32h7xx_hal_hsem.o
                0x0800b658                HAL_HSEM_Take
                0x0800b69c                HAL_HSEM_FastTake
                0x0800b6d0                HAL_HSEM_IsSemTaken
                0x0800b6fc                HAL_HSEM_Release
                0x0800b724                HAL_HSEM_ReleaseAll
                0x0800b750                HAL_HSEM_SetClearKey
                0x0800b77c                HAL_HSEM_GetClearKey
                0x0800b798                HAL_HSEM_ActivateNotification
                0x0800b7bc                HAL_HSEM_DeactivateNotification
                0x0800b7e4                HAL_HSEM_IRQHandler
                0x0800b818                HAL_HSEM_FreeCallback
 .text          0x0800b82c     0x5c54 ../../STM32H7xx_HAL_Driver/Src/stm32h7xx_hal_i2c.o
                0x0800b82c                HAL_I2C_Init
                0x0800b964                HAL_I2C_DeInit
                0x0800b9c2                HAL_I2C_MspInit
                0x0800b9d6                HAL_I2C_MspDeInit
                0x0800b9ea                HAL_I2C_Master_Transmit
                0x0800bc18                HAL_I2C_Master_Receive
                0x0800be04                HAL_I2C_Slave_Transmit
                0x0800c09e                HAL_I2C_Slave_Receive
                0x0800c2be                HAL_I2C_Master_Transmit_IT
                0x0800c3f0                HAL_I2C_Master_Receive_IT
                0x0800c4d0                HAL_I2C_Slave_Transmit_IT
                0x0800c5ac                HAL_I2C_Slave_Receive_IT
                0x0800c64c                HAL_I2C_Master_Transmit_DMA
                0x0800c874                HAL_I2C_Master_Receive_DMA
                0x0800ca54                HAL_I2C_Slave_Transmit_DMA
                0x0800cc2c                HAL_I2C_Slave_Receive_DMA
                0x0800cd98                HAL_I2C_Mem_Write
                0x0800cfc0                HAL_I2C_Mem_Read
                0x0800d1f4                HAL_I2C_Mem_Write_IT
                0x0800d308                HAL_I2C_Mem_Read_IT
                0x0800d414                HAL_I2C_Mem_Write_DMA
                0x0800d5e0                HAL_I2C_Mem_Read_DMA
                0x0800d7ac                HAL_I2C_IsDeviceReady
                0x0800d9b8                HAL_I2C_Master_Seq_Transmit_IT
                0x0800db34                HAL_I2C_Master_Seq_Transmit_DMA
                0x0800ddd2                HAL_I2C_Master_Seq_Receive_IT
                0x0800ded8                HAL_I2C_Master_Seq_Receive_DMA
                0x0800e0e0                HAL_I2C_Slave_Seq_Transmit_IT
                0x0800e244                HAL_I2C_Slave_Seq_Transmit_DMA
                0x0800e4d0                HAL_I2C_Slave_Seq_Receive_IT
                0x0800e634                HAL_I2C_Slave_Seq_Receive_DMA
                0x0800e8c0                HAL_I2C_EnableListen_IT
                0x0800e900                HAL_I2C_DisableListen_IT
                0x0800e962                HAL_I2C_Master_Abort_IT
                0x0800ea0c                HAL_I2C_EV_IRQHandler
                0x0800ea40                HAL_I2C_ER_IRQHandler
                0x0800eb02                HAL_I2C_MasterTxCpltCallback
                0x0800eb16                HAL_I2C_MasterRxCpltCallback
                0x0800eb2a                HAL_I2C_SlaveTxCpltCallback
                0x0800eb3e                HAL_I2C_SlaveRxCpltCallback
                0x0800eb52                HAL_I2C_AddrCallback
                0x0800eb6e                HAL_I2C_ListenCpltCallback
                0x0800eb82                HAL_I2C_MemTxCpltCallback
                0x0800eb96                HAL_I2C_MemRxCpltCallback
                0x0800ebaa                HAL_I2C_ErrorCallback
                0x0800ebbe                HAL_I2C_AbortCpltCallback
                0x0800ebd2                HAL_I2C_GetState
                0x0800ebee                HAL_I2C_GetMode
                0x0800ec0a                HAL_I2C_GetError
 .text          0x08011480      0x2c4 ../../STM32H7xx_HAL_Driver/Src/stm32h7xx_hal_i2c_ex.o
                0x08011480                HAL_I2CEx_ConfigAnalogFilter
                0x08011516                HAL_I2CEx_ConfigDigitalFilter
                0x080115ae                HAL_I2CEx_EnableWakeUp
                0x08011632                HAL_I2CEx_DisableWakeUp
                0x080116b6                HAL_I2CEx_EnableFastModePlus
                0x080116fc                HAL_I2CEx_DisableFastModePlus
 .text          0x08011744      0x37c ../../STM32H7xx_HAL_Driver/Src/stm32h7xx_hal_pwr.o
                0x08011744                HAL_PWR_DeInit
                0x08011752                HAL_PWR_EnableBkUpAccess
                0x08011770                HAL_PWR_DisableBkUpAccess
                0x08011790                HAL_PWR_ConfigPVD
                0x0801181c                HAL_PWR_EnablePVD
                0x0801183c                HAL_PWR_DisablePVD
                0x0801185c                HAL_PWR_EnableWakeUpPin
                0x08011888                HAL_PWR_DisableWakeUpPin
                0x080118b4                HAL_PWR_EnterSLEEPMode
                0x080118e8                HAL_PWR_EnterSTOPMode
                0x08011968                HAL_PWR_EnterSTANDBYMode
                0x080119d0                HAL_PWR_EnableSleepOnExit
                0x080119f0                HAL_PWR_DisableSleepOnExit
                0x08011a10                HAL_PWR_EnableSEVOnPend
                0x08011a30                HAL_PWR_DisableSEVOnPend
                0x08011a50                HAL_PWR_PVD_IRQHandler
                0x08011ab0                HAL_PWR_PVDCallback
 .text          0x08011ac0      0xc58 ../../STM32H7xx_HAL_Driver/Src/stm32h7xx_hal_pwr_ex.o
                0x08011ac0                HAL_PWREx_ConfigSupply
                0x08011b74                HAL_PWREx_GetSupplyConfig
                0x08011b90                HAL_PWREx_ControlVoltageScaling
                0x08011ca0                HAL_PWREx_GetVoltageRange
                0x08011cbc                HAL_PWREx_ControlStopModeVoltageScaling
                0x08011ce8                HAL_PWREx_GetStopModeVoltageRange
                0x08011d04                HAL_PWREx_EnterSTOPMode
                0x08011df8                HAL_PWREx_ClearPendingEvent
                0x08011e12                HAL_PWREx_EnterSTANDBYMode
                0x08011eb8                HAL_PWREx_ConfigD3Domain
                0x08011ee0                HAL_PWREx_ClearDomainFlags
                0x08011f38                HAL_PWREx_HoldCore
                0x08011fa0                HAL_PWREx_ReleaseCore
                0x08011fd8                HAL_PWREx_EnableFlashPowerDown
                0x08011ff8                HAL_PWREx_DisableFlashPowerDown
                0x08012018                HAL_PWREx_EnableWakeUpPin
                0x08012124                HAL_PWREx_DisableWakeUpPin
                0x0801214c                HAL_PWREx_GetWakeupFlag
                0x0801216c                HAL_PWREx_ClearWakeupFlag
                0x080121a4                HAL_PWREx_WAKEUP_PIN_IRQHandler
                0x08012258                HAL_PWREx_WKUP1_Callback
                0x08012266                HAL_PWREx_WKUP2_Callback
                0x08012274                HAL_PWREx_WKUP3_Callback
                0x08012282                HAL_PWREx_WKUP4_Callback
                0x08012290                HAL_PWREx_WKUP5_Callback
                0x0801229e                HAL_PWREx_WKUP6_Callback
                0x080122ac                HAL_PWREx_EnableBkUpReg
                0x080122f8                HAL_PWREx_DisableBkUpReg
                0x08012344                HAL_PWREx_EnableUSBReg
                0x08012390                HAL_PWREx_DisableUSBReg
                0x080123dc                HAL_PWREx_EnableUSBVoltageDetector
                0x080123fc                HAL_PWREx_DisableUSBVoltageDetector
                0x0801241c                HAL_PWREx_EnableBatteryCharging
                0x08012450                HAL_PWREx_DisableBatteryCharging
                0x08012470                HAL_PWREx_EnableMonitoring
                0x08012490                HAL_PWREx_DisableMonitoring
                0x080124b0                HAL_PWREx_GetTemperatureLevel
                0x080124f8                HAL_PWREx_GetVBATLevel
                0x08012540                HAL_PWREx_ConfigAVD
                0x080125c4                HAL_PWREx_EnableAVD
                0x080125e4                HAL_PWREx_DisableAVD
                0x08012604                HAL_PWREx_PVD_AVD_IRQHandler
                0x08012708                HAL_PWREx_AVDCallback
 .text          0x08012718     0x15cc ../../STM32H7xx_HAL_Driver/Src/stm32h7xx_hal_rcc.o
                0x08012718                HAL_RCC_DeInit
                0x0801296c                HAL_RCC_OscConfig
                0x08013220                HAL_RCC_ClockConfig
                0x0801358c                HAL_RCC_MCOConfig
                0x08013660                HAL_RCC_EnableCSS
                0x08013680                HAL_RCC_DisableCSS
                0x080136a0                HAL_RCC_GetSysClockFreq
                0x08013994                HAL_RCC_GetHCLKFreq
                0x080139f4                HAL_RCC_GetPCLK1Freq
                0x08013a20                HAL_RCC_GetPCLK2Freq
                0x08013a4c                HAL_RCC_GetOscConfig
                0x08013c28                HAL_RCC_GetClockConfig
                0x08013cac                HAL_RCC_NMI_IRQHandler
                0x08013cd4                HAL_RCC_CSSCallback
 .text          0x08013ce4     0x3230 ../../STM32H7xx_HAL_Driver/Src/stm32h7xx_hal_rcc_ex.o
                0x08013ce4                HAL_RCCEx_PeriphCLKConfig
                0x080150f8                HAL_RCCEx_GetPeriphCLKConfig
                0x0801541c                HAL_RCCEx_GetPeriphCLKFreq
                0x08015f1c                HAL_RCCEx_GetD1PCLK1Freq
                0x08015f48                HAL_RCCEx_GetD3PCLK1Freq
                0x08015f74                HAL_RCCEx_GetPLL2ClockFreq
                0x0801621c                HAL_RCCEx_GetPLL3ClockFreq
                0x080164c4                HAL_RCCEx_GetPLL1ClockFreq
                0x08016768                HAL_RCCEx_GetD1SysClockFreq
                0x080167c8                HAL_RCCEx_EnableLSECSS
                0x080167e8                HAL_RCCEx_DisableLSECSS
                0x08016814                HAL_RCCEx_EnableLSECSS_IT
                0x08016864                HAL_RCCEx_WakeUpStopCLKConfig
                0x0801688c                HAL_RCCEx_KerWakeUpStopCLKConfig
                0x080168b4                HAL_RCCEx_EnableBootCore
                0x080168dc                HAL_RCCEx_WWDGxSysResetConfig
                0x08016904                HAL_RCCEx_CRSConfig
                0x080169b0                HAL_RCCEx_CRSSoftwareSynchronizationGenerate
                0x080169d0                HAL_RCCEx_CRSGetSynchronizationInfo
                0x08016a18                HAL_RCCEx_CRSWaitSynchronization
                0x08016afc                HAL_RCCEx_CRS_IRQHandler
                0x08016bd8                HAL_RCCEx_CRS_SyncOkCallback
                0x08016be6                HAL_RCCEx_CRS_SyncWarnCallback
                0x08016bf4                HAL_RCCEx_CRS_ExpectedSyncCallback
                0x08016c02                HAL_RCCEx_CRS_ErrorCallback
                0x08016edc                HAL_RCCEx_LSECSS_IRQHandler
                0x08016f04                HAL_RCCEx_LSECSS_Callback
 .text          0x08016f14     0x6bcc ../../STM32H7xx_HAL_Driver/Src/stm32h7xx_hal_tim.o
                0x08016f14                HAL_TIM_Base_Init
                0x08016fc2                HAL_TIM_Base_DeInit
                0x0801707a                HAL_TIM_Base_MspInit
                0x0801708e                HAL_TIM_Base_MspDeInit
                0x080170a2                HAL_TIM_Base_Start
                0x08017180                HAL_TIM_Base_Stop
                0x080171ce                HAL_TIM_Base_Start_IT
                0x080172bc                HAL_TIM_Base_Stop_IT
                0x0801731a                HAL_TIM_Base_Start_DMA
                0x08017470                HAL_TIM_Base_Stop_DMA
                0x080174d4                HAL_TIM_OC_Init
                0x08017582                HAL_TIM_OC_DeInit
                0x0801763a                HAL_TIM_OC_MspInit
                0x0801764e                HAL_TIM_OC_MspDeInit
                0x08017662                HAL_TIM_OC_Start
                0x0801787c                HAL_TIM_OC_Stop
                0x080179a8                HAL_TIM_OC_Start_IT
                0x08017c5c                HAL_TIM_OC_Stop_IT
                0x08017e24                HAL_TIM_OC_Start_DMA
                0x08018270                HAL_TIM_OC_Stop_DMA
                0x08018460                HAL_TIM_PWM_Init
                0x0801850e                HAL_TIM_PWM_DeInit
                0x080185c6                HAL_TIM_PWM_MspInit
                0x080185da                HAL_TIM_PWM_MspDeInit
                0x080185ee                HAL_TIM_PWM_Start
                0x08018808                HAL_TIM_PWM_Stop
                0x08018934                HAL_TIM_PWM_Start_IT
                0x08018be8                HAL_TIM_PWM_Stop_IT
                0x08018db0                HAL_TIM_PWM_Start_DMA
                0x080191fc                HAL_TIM_PWM_Stop_DMA
                0x080193ec                HAL_TIM_IC_Init
                0x0801949a                HAL_TIM_IC_DeInit
                0x08019552                HAL_TIM_IC_MspInit
                0x08019566                HAL_TIM_IC_MspDeInit
                0x0801957a                HAL_TIM_IC_Start
                0x08019780                HAL_TIM_IC_Stop
                0x08019862                HAL_TIM_IC_Start_IT
                0x08019b00                HAL_TIM_IC_Stop_IT
                0x08019c7c                HAL_TIM_IC_Start_DMA
                0x0801a020                HAL_TIM_IC_Stop_DMA
                0x0801a1c2                HAL_TIM_OnePulse_Init
                0x0801a262                HAL_TIM_OnePulse_DeInit
                0x0801a2ea                HAL_TIM_OnePulse_MspInit
                0x0801a2fe                HAL_TIM_OnePulse_MspDeInit
                0x0801a312                HAL_TIM_OnePulse_Start
                0x0801a400                HAL_TIM_OnePulse_Stop
                0x0801a500                HAL_TIM_OnePulse_Start_IT
                0x0801a60c                HAL_TIM_OnePulse_Stop_IT
                0x0801a72c                HAL_TIM_Encoder_Init
                0x0801a878                HAL_TIM_Encoder_DeInit
                0x0801a900                HAL_TIM_Encoder_MspInit
                0x0801a914                HAL_TIM_Encoder_MspDeInit
                0x0801a928                HAL_TIM_Encoder_Start
                0x0801aa44                HAL_TIM_Encoder_Stop
                0x0801ab92                HAL_TIM_Encoder_Start_IT
                0x0801acee                HAL_TIM_Encoder_Stop_IT
                0x0801ae78                HAL_TIM_Encoder_Start_DMA
                0x0801b150                HAL_TIM_Encoder_Stop_DMA
                0x0801b302                HAL_TIM_IRQHandler
                0x0801b510                HAL_TIM_OC_ConfigChannel
                0x0801b604                HAL_TIM_IC_ConfigChannel
                0x0801b73c                HAL_TIM_PWM_ConfigChannel
                0x0801b962                HAL_TIM_OnePulse_ConfigChannel
                0x0801bb10                HAL_TIM_DMABurst_WriteStart
                0x0801bb44                HAL_TIM_DMABurst_MultiWriteStart
                0x0801bdec                HAL_TIM_DMABurst_WriteStop
                0x0801bee0                HAL_TIM_DMABurst_ReadStart
                0x0801bf14                HAL_TIM_DMABurst_MultiReadStart
                0x0801c1bc                HAL_TIM_DMABurst_ReadStop
                0x0801c2b0                HAL_TIM_GenerateEvent
                0x0801c2fe                HAL_TIM_ConfigOCrefClear
                0x0801c514                HAL_TIM_ConfigClockSource
                0x0801c704                HAL_TIM_ConfigTI1Input
                0x0801c73c                HAL_TIM_SlaveConfigSynchro
                0x0801c7c0                HAL_TIM_SlaveConfigSynchro_IT
                0x0801c844                HAL_TIM_ReadCapturedValue
                0x0801c8cc                HAL_TIM_PeriodElapsedCallback
                0x0801c8e0                HAL_TIM_PeriodElapsedHalfCpltCallback
                0x0801c8f4                HAL_TIM_OC_DelayElapsedCallback
                0x0801c91c                HAL_TIM_IC_CaptureHalfCpltCallback
                0x0801c930                HAL_TIM_PWM_PulseFinishedCallback
                0x0801c944                HAL_TIM_PWM_PulseFinishedHalfCpltCallback
                0x0801c958                HAL_TIM_TriggerCallback
                0x0801c96c                HAL_TIM_TriggerHalfCpltCallback
                0x0801c980                HAL_TIM_ErrorCallback
                0x0801c994                HAL_TIM_Base_GetState
                0x0801c9b0                HAL_TIM_OC_GetState
                0x0801c9cc                HAL_TIM_PWM_GetState
                0x0801c9e8                HAL_TIM_IC_GetState
                0x0801ca04                HAL_TIM_OnePulse_GetState
                0x0801ca20                HAL_TIM_Encoder_GetState
                0x0801ca3c                HAL_TIM_GetActiveChannel
                0x0801ca54                HAL_TIM_GetChannelState
                0x0801cac6                HAL_TIM_DMABurstState
                0x0801cae2                TIM_DMAError
                0x0801cc1c                TIM_DMADelayPulseHalfCplt
                0x0801cc84                TIM_DMACaptureCplt
                0x0801cd4c                TIM_DMACaptureHalfCplt
                0x0801ce48                TIM_Base_SetConfig
                0x0801d0a8                TIM_OC2_SetConfig
                0x0801d708                TIM_TI1_SetConfig
                0x0801da54                TIM_ETR_SetConfig
                0x0801da94                TIM_CCxChannelCmd
 .text          0x0801dae0     0x27f0 ../../STM32H7xx_HAL_Driver/Src/stm32h7xx_hal_tim_ex.o
                0x0801dae0                HAL_TIMEx_HallSensor_Init
                0x0801dc3c                HAL_TIMEx_HallSensor_DeInit
                0x0801dcc4                HAL_TIMEx_HallSensor_MspInit
                0x0801dcd8                HAL_TIMEx_HallSensor_MspDeInit
                0x0801dcec                HAL_TIMEx_HallSensor_Start
                0x0801de18                HAL_TIMEx_HallSensor_Stop
                0x0801de88                HAL_TIMEx_HallSensor_Start_IT
                0x0801dfc4                HAL_TIMEx_HallSensor_Stop_IT
                0x0801e044                HAL_TIMEx_HallSensor_Start_DMA
                0x0801e1c0                HAL_TIMEx_HallSensor_Stop_DMA
                0x0801e23a                HAL_TIMEx_OCN_Start
                0x0801e3bc                HAL_TIMEx_OCN_Stop
                0x0801e476                HAL_TIMEx_OCN_Start_IT
                0x0801e668                HAL_TIMEx_OCN_Stop_IT
                0x0801e7a6                HAL_TIMEx_OCN_Start_DMA
                0x0801eab4                HAL_TIMEx_OCN_Stop_DMA
                0x0801ebec                HAL_TIMEx_PWMN_Start
                0x0801ed70                HAL_TIMEx_PWMN_Stop
                0x0801ee2a                HAL_TIMEx_PWMN_Start_IT
                0x0801f01c                HAL_TIMEx_PWMN_Stop_IT
                0x0801f15a                HAL_TIMEx_PWMN_Start_DMA
                0x0801f468                HAL_TIMEx_PWMN_Stop_DMA
                0x0801f5a0                HAL_TIMEx_OnePulseN_Start
                0x0801f64a                HAL_TIMEx_OnePulseN_Stop
                0x0801f708                HAL_TIMEx_OnePulseN_Start_IT
                0x0801f7d2                HAL_TIMEx_OnePulseN_Stop_IT
                0x0801f8b0                HAL_TIMEx_ConfigCommutEvent
                0x0801f988                HAL_TIMEx_ConfigCommutEvent_IT
                0x0801fa60                HAL_TIMEx_ConfigCommutEvent_DMA
                0x0801fb5c                HAL_TIMEx_MasterConfigSynchronization
                0x0801fc78                HAL_TIMEx_ConfigBreakDeadTime
                0x0801fd74                HAL_TIMEx_ConfigBreakInput
                0x0801ff00                HAL_TIMEx_RemapConfig
                0x0801ff4a                HAL_TIMEx_TISelection
                0x08020024                HAL_TIMEx_GroupChannel5
                0x0802008a                HAL_TIMEx_CommutCallback
                0x0802009e                HAL_TIMEx_CommutHalfCpltCallback
                0x080200b2                HAL_TIMEx_BreakCallback
                0x080200c6                HAL_TIMEx_Break2Callback
                0x080200da                HAL_TIMEx_HallSensor_GetState
                0x080200f6                HAL_TIMEx_GetChannelNState
                0x08020148                TIMEx_DMACommutationCplt
                0x0802016c                TIMEx_DMACommutationHalfCplt
 .text          0x080202d0     0x48c4 ../../STM32H7xx_HAL_Driver/Src/stm32h7xx_hal_uart.o
                0x080202d0                HAL_UART_Init
                0x08020370                HAL_HalfDuplex_Init
                0x08020420                HAL_LIN_Init
                0x08020500                HAL_MultiProcessor_Init
                0x080205d8                HAL_UART_DeInit
                0x08020656                HAL_UART_MspInit
                0x0802066a                HAL_UART_MspDeInit
                0x0802067e                HAL_UART_Transmit
                0x0802079a                HAL_UART_Receive
                0x0802092a                HAL_UART_Transmit_IT
                0x08020a54                HAL_UART_Receive_IT
                0x08020aec                HAL_UART_Transmit_DMA
                0x08020bec                HAL_UART_Receive_DMA
                0x08020c84                HAL_UART_DMAPause
                0x08020da0                HAL_UART_DMAResume
                0x08020ea8                HAL_UART_DMAStop
                0x08020fd4                HAL_UART_Abort
                0x080211f0                HAL_UART_AbortTransmit
                0x08021310                HAL_UART_AbortReceive
                0x0802147c                HAL_UART_Abort_IT
                0x080216f4                HAL_UART_AbortTransmit_IT
                0x08021838                HAL_UART_AbortReceive_IT
                0x080219d4                HAL_UART_IRQHandler
                0x08022180                HAL_UART_TxCpltCallback
                0x08022194                HAL_UART_TxHalfCpltCallback
                0x080221bc                HAL_UART_RxHalfCpltCallback
                0x080221e4                HAL_UART_AbortCpltCallback
                0x080221f8                HAL_UART_AbortTransmitCpltCallback
                0x0802220c                HAL_UART_AbortReceiveCpltCallback
                0x08022220                HAL_UARTEx_RxEventCallback
                0x08022238                HAL_UART_ReceiverTimeout_Config
                0x08022270                HAL_UART_EnableReceiverTimeout
                0x080222e4                HAL_UART_DisableReceiverTimeout
                0x08022358                HAL_MultiProcessor_EnableMuteMode
                0x080223c8                HAL_MultiProcessor_DisableMuteMode
                0x08022438                HAL_MultiProcessor_EnterMuteMode
                0x0802245c                HAL_HalfDuplex_EnableTransmitter
                0x08022504                HAL_HalfDuplex_EnableReceiver
                0x080225ac                HAL_LIN_SendBreak
                0x08022600                HAL_UART_GetState
                0x0802262a                HAL_UART_GetError
                0x08022644                UART_SetConfig
                0x08023114                UART_AdvFeatureConfig
                0x08023258                UART_CheckIdleState
                0x080233ac                UART_WaitOnFlagUntilTimeout
                0x08023486                UART_Start_Receive_IT
                0x080236c8                UART_Start_Receive_DMA
 .text          0x08024b94      0x918 ../../STM32H7xx_HAL_Driver/Src/stm32h7xx_hal_uart_ex.o
                0x08024b94                HAL_RS485Ex_Init
                0x08024c68                HAL_UARTEx_WakeupCallback
                0x08024c7c                HAL_UARTEx_RxFifoFullCallback
                0x08024c90                HAL_UARTEx_TxFifoEmptyCallback
                0x08024ca4                HAL_MultiProcessorEx_AddressLength_Set
                0x08024d04                HAL_UARTEx_StopModeWakeUpSourceConfig
                0x08024dba                HAL_UARTEx_EnableStopMode
                0x08024e20                HAL_UARTEx_DisableStopMode
                0x08024e86                HAL_UARTEx_EnableFifoMode
                0x08024efc                HAL_UARTEx_DisableFifoMode
                0x08024f6e                HAL_UARTEx_SetTxFifoThreshold
                0x08024fea                HAL_UARTEx_SetRxFifoThreshold
                0x08025066                HAL_UARTEx_ReceiveToIdle
                0x0802526a                HAL_UARTEx_ReceiveToIdle_IT
                0x0802530a                HAL_UARTEx_ReceiveToIdle_DMA
                0x080253b2                HAL_UARTEx_GetRxEventType
 .text          0x080254ac      0x6e0 ../../STM32H7xx_HAL_Driver/Src/stm32h7xx_nucleo.o
                0x080254ac                BSP_GetVersion
                0x080254c0                BSP_LED_Init
                0x080255ac                BSP_LED_DeInit
                0x0802561c                BSP_LED_On
                0x08025670                BSP_LED_Off
                0x080256c4                BSP_LED_Toggle
                0x08025718                BSP_LED_GetState
                0x0802576c                BSP_PB_Init
                0x08025850                BSP_PB_DeInit
                0x08025888                BSP_PB_GetState
                0x080258b4                BSP_PB_IRQHandler
                0x080258d8                BSP_PB_Callback
                0x080258ee                BSP_COM_Init
                0x0802594c                BSP_COM_DeInit
                0x080259c0                MX_USART3_Init
                0x08025a24                BSP_COM_SelectLogPort
                0x08025a50                __io_putchar
 .text          0x08025b8c      0x1a0 ../port/exception_handlers.o
                0x08025b8c                NMI_Handler
                0x08025b94                HardFault_Handler
                0x08025cbc                MemManage_Handler
                0x08025ce0                BusFault_Handler
                0x08025d04                UsageFault_Handler
                0x08025d1c                DebugMon_Handler
                0x08025d24                Default_Handler
 .text          0x08025d2c      0x42c ../port/main.o
                0x08025d2c                SystemClock_Config
                0x08025ed0                configureTimerForRunTimeStats
                0x08025ee8                getRunTimeCounterValue
                0x08025ef6                Error_Handler
                0x08025f14                BoardStartUp
                0x08026084                main
 .text          0x08026158      0x124 ../port/portFunctions.o
                0x08026158                memcpy
                0x08026198                strcpy
                0x080261d4                strlen
                0x08026204                SysTick_Handler
                0x0802621e                snprintf
 .text          0x0802627c       0x60 ../port/start.o
                0x0802627c                start
 .text.atan2f   0x080262dc        0x4 C:/ST/STM32CubeCLT_1.21.0/GNU-tools-for-STM32/bin/../lib/gcc/arm-none-eabi/14.3.1/../../../../arm-none-eabi/lib/thumb/v7e-m+dp/hard\libm.a(libm_a-wf_atan2.o)
                0x080262dc                atan2f
 .text.sqrtf    0x080262e0       0x44 C:/ST/STM32CubeCLT_1.21.0/GNU-tools-for-STM32/bin/../lib/gcc/arm-none-eabi/14.3.1/../../../../arm-none-eabi/lib/thumb/v7e-m+dp/hard\libm.a(libm_a-wf_sqrt.o)
                0x080262e0                sqrtf
 .text.__ieee754_sqrtf
                0x08026324        0x8 C:/ST/STM32CubeCLT_1.21.0/GNU-tools-for-STM32/bin/../lib/gcc/arm-none-eabi/14.3.1/../../../../arm-none-eabi/lib/thumb/v7e-m+dp/hard\libm.a(libm_a-ef_sqrt.o)
                0x08026324                __ieee754_sqrtf
 .text.__ieee754_atan2f
                0x0802632c      0x14c C:/ST/STM32CubeCLT_1.21.0/GNU-tools-for-STM32/bin/../lib/gcc/arm-none-eabi/14.3.1/../../../../arm-none-eabi/lib/thumb/v7e-m+dp/hard\libm.a(libm_a-ef_atan2.o)
                0x0802632c                __ieee754_atan2f
 .text.atanf    0x08026478      0x1a4 C:/ST/STM32CubeCLT_1.21.0/GNU-tools-for-STM32/bin/../lib/gcc/arm-none-eabi/14.3.1/../../../../arm-none-eabi/lib/thumb/v7e-m+dp/hard\libm.a(libm_a-sf_atan.o)
                0x08026478                atanf
 .text.fabsf    0x0802661c       0x10 C:/ST/STM32CubeCLT_1.21.0/GNU-tools-for-STM32/bin/../lib/gcc/arm-none-eabi/14.3.1/../../../../arm-none-eabi/lib/thumb/v7e-m+dp/hard\libm.a(libm_a-sf_fabs.o)
                0x0802661c                fabsf
 .text.stdio_exit_handler
                0x0802662c       0x18 C:/ST/STM32CubeCLT_1.21.0/GNU-tools-for-STM32/bin/../lib/gcc/arm-none-eabi/14.3.1/../../../../arm-none-eabi/lib/thumb/v7e-m+dp/hard\libc.a(libc_a-findfp.o)
 .text.cleanup_stdio
                0x08026644       0x40 C:/ST/STM32CubeCLT_1.21.0/GNU-tools-for-STM32/bin/../lib/gcc/arm-none-eabi/14.3.1/../../../../arm-none-eabi/lib/thumb/v7e-m+dp/hard\libc.a(libc_a-findfp.o)
 .text.global_stdio_init.part.0
                0x08026684       0xf0 C:/ST/STM32CubeCLT_1.21.0/GNU-tools-for-STM32/bin/../lib/gcc/arm-none-eabi/14.3.1/../../../../arm-none-eabi/lib/thumb/v7e-m+dp/hard\libc.a(libc_a-findfp.o)
 .text.__sinit  0x08026774       0x3c C:/ST/STM32CubeCLT_1.21.0/GNU-tools-for-STM32/bin/../lib/gcc/arm-none-eabi/14.3.1/../../../../arm-none-eabi/lib/thumb/v7e-m+dp/hard\libc.a(libc_a-findfp.o)
                0x08026774                __sinit
 .text.__sfp_lock_acquire
                0x080267b0        0xc C:/ST/STM32CubeCLT_1.21.0/GNU-tools-for-STM32/bin/../lib/gcc/arm-none-eabi/14.3.1/../../../../arm-none-eabi/lib/thumb/v7e-m+dp/hard\libc.a(libc_a-findfp.o)
                0x080267b0                __sfp_lock_acquire
 .text.__sfp_lock_release
                0x080267bc        0xc C:/ST/STM32CubeCLT_1.21.0/GNU-tools-for-STM32/bin/../lib/gcc/arm-none-eabi/14.3.1/../../../../arm-none-eabi/lib/thumb/v7e-m+dp/hard\libc.a(libc_a-findfp.o)
                0x080267bc                __sfp_lock_release
 .text._fwalk_sglue
                0x080267c8       0x44 C:/ST/STM32CubeCLT_1.21.0/GNU-tools-for-STM32/bin/../lib/gcc/arm-none-eabi/14.3.1/../../../../arm-none-eabi/lib/thumb/v7e-m+dp/hard\libc.a(libc_a-fwalk.o)
                0x080267c8                _fwalk_sglue
 .text.sprintf  0x0802680c       0x44 C:/ST/STM32CubeCLT_1.21.0/GNU-tools-for-STM32/bin/../lib/gcc/arm-none-eabi/14.3.1/../../../../arm-none-eabi/lib/thumb/v7e-m+dp/hard\libc.a(libc_a-sprintf.o)
                0x0802680c                sprintf
 .text.__sread  0x08026850       0x24 C:/ST/STM32CubeCLT_1.21.0/GNU-tools-for-STM32/bin/../lib/gcc/arm-none-eabi/14.3.1/../../../../arm-none-eabi/lib/thumb/v7e-m+dp/hard\libc.a(libc_a-stdio.o)
                0x08026850                __sread
 .text.__swrite
                0x08026874       0x40 C:/ST/STM32CubeCLT_1.21.0/GNU-tools-for-STM32/bin/../lib/gcc/arm-none-eabi/14.3.1/../../../../arm-none-eabi/lib/thumb/v7e-m+dp/hard\libc.a(libc_a-stdio.o)
                0x08026874                __swrite
 .text.__sseek  0x080268b4       0x24 C:/ST/STM32CubeCLT_1.21.0/GNU-tools-for-STM32/bin/../lib/gcc/arm-none-eabi/14.3.1/../../../../arm-none-eabi/lib/thumb/v7e-m+dp/hard\libc.a(libc_a-stdio.o)
                0x080268b4                __sseek
 .text.__sclose
                0x080268d8        0x8 C:/ST/STM32CubeCLT_1.21.0/GNU-tools-for-STM32/bin/../lib/gcc/arm-none-eabi/14.3.1/../../../../arm-none-eabi/lib/thumb/v7e-m+dp/hard\libc.a(libc_a-stdio.o)
                0x080268d8                __sclose
 .text.memset   0x080268e0       0x9c C:/ST/STM32CubeCLT_1.21.0/GNU-tools-for-STM32/bin/../lib/gcc/arm-none-eabi/14.3.1/../../../../arm-none-eabi/lib/thumb/v7e-m+dp/hard\libc.a(libc_a-memset.o)
                0x080268e0                memset
 .text._close_r
                0x0802697c       0x24 C:/ST/STM32CubeCLT_1.21.0/GNU-tools-for-STM32/bin/../lib/gcc/arm-none-eabi/14.3.1/../../../../arm-none-eabi/lib/thumb/v7e-m+dp/hard\libc.a(libc_a-closer.o)
                0x0802697c                _close_r
 .text._lseek_r
                0x080269a0       0x2c C:/ST/STM32CubeCLT_1.21.0/GNU-tools-for-STM32/bin/../lib/gcc/arm-none-eabi/14.3.1/../../../../arm-none-eabi/lib/thumb/v7e-m+dp/hard\libc.a(libc_a-lseekr.o)
                0x080269a0                _lseek_r
 .text._read_r  0x080269cc       0x2c C:/ST/STM32CubeCLT_1.21.0/GNU-tools-for-STM32/bin/../lib/gcc/arm-none-eabi/14.3.1/../../../../arm-none-eabi/lib/thumb/v7e-m+dp/hard\libc.a(libc_a-readr.o)
                0x080269cc                _read_r
 .text._write_r
                0x080269f8       0x2c C:/ST/STM32CubeCLT_1.21.0/GNU-tools-for-STM32/bin/../lib/gcc/arm-none-eabi/14.3.1/../../../../arm-none-eabi/lib/thumb/v7e-m+dp/hard\libc.a(libc_a-writer.o)
                0x080269f8                _write_r
 .text.__errno  0x08026a24        0xc C:/ST/STM32CubeCLT_1.21.0/GNU-tools-for-STM32/bin/../lib/gcc/arm-none-eabi/14.3.1/../../../../arm-none-eabi/lib/thumb/v7e-m+dp/hard\libc.a(libc_a-errno.o)
                0x08026a24                __errno
 .text.__retarget_lock_init_recursive
                0x08026a30        0x4 C:/ST/STM32CubeCLT_1.21.0/GNU-tools-for-STM32/bin/../lib/gcc/arm-none-eabi/14.3.1/../../../../arm-none-eabi/lib/thumb/v7e-m+dp/hard\libc.a(libc_a-lock.o)
                0x08026a30                __retarget_lock_init_recursive
 .text.__retarget_lock_close_recursive
                0x08026a34        0x4 C:/ST/STM32CubeCLT_1.21.0/GNU-tools-for-STM32/bin/../lib/gcc/arm-none-eabi/14.3.1/../../../../arm-none-eabi/lib/thumb/v7e-m+dp/hard\libc.a(libc_a-lock.o)
                0x08026a34                __retarget_lock_close_recursive
 .text.__retarget_lock_acquire_recursive
                0x08026a38        0x4 C:/ST/STM32CubeCLT_1.21.0/GNU-tools-for-STM32/bin/../lib/gcc/arm-none-eabi/14.3.1/../../../../arm-none-eabi/lib/thumb/v7e-m+dp/hard\libc.a(libc_a-lock.o)
                0x08026a38                __retarget_lock_acquire_recursive
 .text.__retarget_lock_release_recursive
                0x08026a3c        0x4 C:/ST/STM32CubeCLT_1.21.0/GNU-tools-for-STM32/bin/../lib/gcc/arm-none-eabi/14.3.1/../../../../arm-none-eabi/lib/thumb/v7e-m+dp/hard\libc.a(libc_a-lock.o)
                0x08026a3c                __retarget_lock_release_recursive
 .text._malloc_trim_r
                0x08026a40       0xb8 C:/ST/STM32CubeCLT_1.21.0/GNU-tools-for-STM32/bin/../lib/gcc/arm-none-eabi/14.3.1/../../../../arm-none-eabi/lib/thumb/v7e-m+dp/hard\libc.a(libc_a-freer.o)
                0x08026a40                _malloc_trim_r
 .text._free_r  0x08026af8      0x1f0 C:/ST/STM32CubeCLT_1.21.0/GNU-tools-for-STM32/bin/../lib/gcc/arm-none-eabi/14.3.1/../../../../arm-none-eabi/lib/thumb/v7e-m+dp/hard\libc.a(libc_a-freer.o)
                0x08026af8                _free_r
 .text._malloc_r
                0x08026ce8      0x598 C:/ST/STM32CubeCLT_1.21.0/GNU-tools-for-STM32/bin/../lib/gcc/arm-none-eabi/14.3.1/../../../../arm-none-eabi/lib/thumb/v7e-m+dp/hard\libc.a(libc_a-mallocr.o)
                0x08026ce8                _malloc_r
 .text.__malloc_lock
                0x08027280        0xc C:/ST/STM32CubeCLT_1.21.0/GNU-tools-for-STM32/bin/../lib/gcc/arm-none-eabi/14.3.1/../../../../arm-none-eabi/lib/thumb/v7e-m+dp/hard\libc.a(libc_a-mlock.o)
                0x08027280                __malloc_lock
 .text.__malloc_unlock
                0x0802728c        0xc C:/ST/STM32CubeCLT_1.21.0/GNU-tools-for-STM32/bin/../lib/gcc/arm-none-eabi/14.3.1/../../../../arm-none-eabi/lib/thumb/v7e-m+dp/hard\libc.a(libc_a-mlock.o)
                0x0802728c                __malloc_unlock
 .text._svfprintf_r
                0x08027298     0x1f58 C:/ST/STM32CubeCLT_1.21.0/GNU-tools-for-STM32/bin/../lib/gcc/arm-none-eabi/14.3.1/../../../../arm-none-eabi/lib/thumb/v7e-m+dp/hard\libc.a(libc_a-svfprintf.o)
                0x08027298                _svfprintf_r
 .text.__ssprint_r
                0x080291f0       0x58 C:/ST/STM32CubeCLT_1.21.0/GNU-tools-for-STM32/bin/../lib/gcc/arm-none-eabi/14.3.1/../../../../arm-none-eabi/lib/thumb/v7e-m+dp/hard\libc.a(libc_a-ssprint_r.o)
                0x080291f0                __ssprint_r
 .text._fclose_r
                0x08029248       0xc0 C:/ST/STM32CubeCLT_1.21.0/GNU-tools-for-STM32/bin/../lib/gcc/arm-none-eabi/14.3.1/../../../../arm-none-eabi/lib/thumb/v7e-m+dp/hard\libc.a(libc_a-fclose.o)
                0x08029248                _fclose_r
 .text.__sflush_r
                0x08029308      0x138 C:/ST/STM32CubeCLT_1.21.0/GNU-tools-for-STM32/bin/../lib/gcc/arm-none-eabi/14.3.1/../../../../arm-none-eabi/lib/thumb/v7e-m+dp/hard\libc.a(libc_a-fflush.o)
                0x08029308                __sflush_r
 .text._fflush_r
                0x08029440       0x54 C:/ST/STM32CubeCLT_1.21.0/GNU-tools-for-STM32/bin/../lib/gcc/arm-none-eabi/14.3.1/../../../../arm-none-eabi/lib/thumb/v7e-m+dp/hard\libc.a(libc_a-fflush.o)
                0x08029440                _fflush_r
 .text.strncpy  0x08029494       0x68 C:/ST/STM32CubeCLT_1.21.0/GNU-tools-for-STM32/bin/../lib/gcc/arm-none-eabi/14.3.1/../../../../arm-none-eabi/lib/thumb/v7e-m+dp/hard\libc.a(libc_a-strncpy.o)
                0x08029494                strncpy
 .text._localeconv_r
                0x080294fc        0x8 C:/ST/STM32CubeCLT_1.21.0/GNU-tools-for-STM32/bin/../lib/gcc/arm-none-eabi/14.3.1/../../../../arm-none-eabi/lib/thumb/v7e-m+dp/hard\libc.a(libc_a-localeconv.o)
                0x080294fc                _localeconv_r
 .text._sbrk_r  0x08029504       0x24 C:/ST/STM32CubeCLT_1.21.0/GNU-tools-for-STM32/bin/../lib/gcc/arm-none-eabi/14.3.1/../../../../arm-none-eabi/lib/thumb/v7e-m+dp/hard\libc.a(libc_a-sbrkr.o)
                0x08029504                _sbrk_r
 .text.sysconf  0x08029528       0x1c C:/ST/STM32CubeCLT_1.21.0/GNU-tools-for-STM32/bin/../lib/gcc/arm-none-eabi/14.3.1/../../../../arm-none-eabi/lib/thumb/v7e-m+dp/hard\libc.a(libc_a-sysconf.o)
                0x08029528                sysconf
 *fill*         0x08029544        0xc 
 .text          0x08029550       0xa0 C:/ST/STM32CubeCLT_1.21.0/GNU-tools-for-STM32/bin/../lib/gcc/arm-none-eabi/14.3.1/../../../../arm-none-eabi/lib/thumb/v7e-m+dp/hard\libc.a(libc_a-memchr.o)
                0x08029550                memchr
 .text.frexp    0x080295f0       0x78 C:/ST/STM32CubeCLT_1.21.0/GNU-tools-for-STM32/bin/../lib/gcc/arm-none-eabi/14.3.1/../../../../arm-none-eabi/lib/thumb/v7e-m+dp/hard\libc.a(libm_a-s_frexp.o)
                0x080295f0                frexp
 .text.quorem   0x08029668      0x12c C:/ST/STM32CubeCLT_1.21.0/GNU-tools-for-STM32/bin/../lib/gcc/arm-none-eabi/14.3.1/../../../../arm-none-eabi/lib/thumb/v7e-m+dp/hard\libc.a(libc_a-dtoa.o)
 *fill*         0x08029794        0x4 
 .text._dtoa_r  0x08029798      0xe1c C:/ST/STM32CubeCLT_1.21.0/GNU-tools-for-STM32/bin/../lib/gcc/arm-none-eabi/14.3.1/../../../../arm-none-eabi/lib/thumb/v7e-m+dp/hard\libc.a(libc_a-dtoa.o)
                0x08029798                _dtoa_r
 .text._Balloc  0x0802a5b4       0x4c C:/ST/STM32CubeCLT_1.21.0/GNU-tools-for-STM32/bin/../lib/gcc/arm-none-eabi/14.3.1/../../../../arm-none-eabi/lib/thumb/v7e-m+dp/hard\libc.a(libc_a-mprec.o)
                0x0802a5b4                _Balloc
 .text._Bfree   0x0802a600       0x14 C:/ST/STM32CubeCLT_1.21.0/GNU-tools-for-STM32/bin/../lib/gcc/arm-none-eabi/14.3.1/../../../../arm-none-eabi/lib/thumb/v7e-m+dp/hard\libc.a(libc_a-mprec.o)
                0x0802a600                _Bfree
 .text.__multadd
                0x0802a614       0xa0 C:/ST/STM32CubeCLT_1.21.0/GNU-tools-for-STM32/bin/../lib/gcc/arm-none-eabi/14.3.1/../../../../arm-none-eabi/lib/thumb/v7e-m+dp/hard\libc.a(libc_a-mprec.o)
                0x0802a614                __multadd
 .text.__hi0bits
                0x0802a6b4       0x54 C:/ST/STM32CubeCLT_1.21.0/GNU-tools-for-STM32/bin/../lib/gcc/arm-none-eabi/14.3.1/../../../../arm-none-eabi/lib/thumb/v7e-m+dp/hard\libc.a(libc_a-mprec.o)
                0x0802a6b4                __hi0bits
 .text.__lo0bits
                0x0802a708       0x80 C:/ST/STM32CubeCLT_1.21.0/GNU-tools-for-STM32/bin/../lib/gcc/arm-none-eabi/14.3.1/../../../../arm-none-eabi/lib/thumb/v7e-m+dp/hard\libc.a(libc_a-mprec.o)
                0x0802a708                __lo0bits
 .text.__i2b    0x0802a788       0x5c C:/ST/STM32CubeCLT_1.21.0/GNU-tools-for-STM32/bin/../lib/gcc/arm-none-eabi/14.3.1/../../../../arm-none-eabi/lib/thumb/v7e-m+dp/hard\libc.a(libc_a-mprec.o)
                0x0802a788                __i2b
 .text.__multiply
                0x0802a7e4      0x16c C:/ST/STM32CubeCLT_1.21.0/GNU-tools-for-STM32/bin/../lib/gcc/arm-none-eabi/14.3.1/../../../../arm-none-eabi/lib/thumb/v7e-m+dp/hard\libc.a(libc_a-mprec.o)
                0x0802a7e4                __multiply
 .text.__pow5mult
                0x0802a950       0xc0 C:/ST/STM32CubeCLT_1.21.0/GNU-tools-for-STM32/bin/../lib/gcc/arm-none-eabi/14.3.1/../../../../arm-none-eabi/lib/thumb/v7e-m+dp/hard\libc.a(libc_a-mprec.o)
                0x0802a950                __pow5mult
 .text.__lshift
                0x0802aa10       0xe8 C:/ST/STM32CubeCLT_1.21.0/GNU-tools-for-STM32/bin/../lib/gcc/arm-none-eabi/14.3.1/../../../../arm-none-eabi/lib/thumb/v7e-m+dp/hard\libc.a(libc_a-mprec.o)
                0x0802aa10                __lshift
 .text.__mcmp   0x0802aaf8       0x44 C:/ST/STM32CubeCLT_1.21.0/GNU-tools-for-STM32/bin/../lib/gcc/arm-none-eabi/14.3.1/../../../../arm-none-eabi/lib/thumb/v7e-m+dp/hard\libc.a(libc_a-mprec.o)
                0x0802aaf8                __mcmp
 .text.__mdiff  0x0802ab3c      0x174 C:/ST/STM32CubeCLT_1.21.0/GNU-tools-for-STM32/bin/../lib/gcc/arm-none-eabi/14.3.1/../../../../arm-none-eabi/lib/thumb/v7e-m+dp/hard\libc.a(libc_a-mprec.o)
                0x0802ab3c                __mdiff
 .text.__d2b    0x0802acb0       0xbc C:/ST/STM32CubeCLT_1.21.0/GNU-tools-for-STM32/bin/../lib/gcc/arm-none-eabi/14.3.1/../../../../arm-none-eabi/lib/thumb/v7e-m+dp/hard\libc.a(libc_a-mprec.o)
                0x0802acb0                __d2b
 .text.__ssputs_r
                0x0802ad6c       0xc0 C:/ST/STM32CubeCLT_1.21.0/GNU-tools-for-STM32/bin/../lib/gcc/arm-none-eabi/14.3.1/../../../../arm-none-eabi/lib/thumb/v7e-m+dp/hard\libc.a(libc_a-ssputs_r.o)
                0x0802ad6c                __ssputs_r
 .text.memmove  0x0802ae2c      0x130 C:/ST/STM32CubeCLT_1.21.0/GNU-tools-for-STM32/bin/../lib/gcc/arm-none-eabi/14.3.1/../../../../arm-none-eabi/lib/thumb/v7e-m+dp/hard\libc.a(libc_a-memmove.o)
                0x0802ae2c                memmove
 .text.__assert_func
                0x0802af5c       0x40 C:/ST/STM32CubeCLT_1.21.0/GNU-tools-for-STM32/bin/../lib/gcc/arm-none-eabi/14.3.1/../../../../arm-none-eabi/lib/thumb/v7e-m+dp/hard\libc.a(libc_a-assert.o)
                0x0802af5c                __assert_func
 .text._calloc_r
                0x0802af9c       0x6c C:/ST/STM32CubeCLT_1.21.0/GNU-tools-for-STM32/bin/../lib/gcc/arm-none-eabi/14.3.1/../../../../arm-none-eabi/lib/thumb/v7e-m+dp/hard\libc.a(libc_a-callocr.o)
                0x0802af9c                _calloc_r
 .text.__ascii_mbtowc
                0x0802b008       0x2c C:/ST/STM32CubeCLT_1.21.0/GNU-tools-for-STM32/bin/../lib/gcc/arm-none-eabi/14.3.1/../../../../arm-none-eabi/lib/thumb/v7e-m+dp/hard\libc.a(libc_a-mbtowc_r.o)
                0x0802b008                __ascii_mbtowc
 .text._realloc_r
                0x0802b034      0x348 C:/ST/STM32CubeCLT_1.21.0/GNU-tools-for-STM32/bin/../lib/gcc/arm-none-eabi/14.3.1/../../../../arm-none-eabi/lib/thumb/v7e-m+dp/hard\libc.a(libc_a-reallocr.o)
                0x0802b034                _realloc_r
 .text.__ascii_wctomb
                0x0802b37c       0x1c C:/ST/STM32CubeCLT_1.21.0/GNU-tools-for-STM32/bin/../lib/gcc/arm-none-eabi/14.3.1/../../../../arm-none-eabi/lib/thumb/v7e-m+dp/hard\libc.a(libc_a-wctomb_r.o)
                0x0802b37c                __ascii_wctomb
 .text.fiprintf
                0x0802b398       0x28 C:/ST/STM32CubeCLT_1.21.0/GNU-tools-for-STM32/bin/../lib/gcc/arm-none-eabi/14.3.1/../../../../arm-none-eabi/lib/thumb/v7e-m+dp/hard\libc.a(libc_a-fiprintf.o)
                0x0802b398                fiprintf
 .text._vfiprintf_r
                0x0802b3c0      0xff4 C:/ST/STM32CubeCLT_1.21.0/GNU-tools-for-STM32/bin/../lib/gcc/arm-none-eabi/14.3.1/../../../../arm-none-eabi/lib/thumb/v7e-m+dp/hard\libc.a(libc_a-vfiprintf.o)
                0x0802b3c0                _vfiprintf_r
 .text.__sbprintf
                0x0802c3b4       0x84 C:/ST/STM32CubeCLT_1.21.0/GNU-tools-for-STM32/bin/../lib/gcc/arm-none-eabi/14.3.1/../../../../arm-none-eabi/lib/thumb/v7e-m+dp/hard\libc.a(libc_a-vfiprintf.o)
 .text.__sprint_r
                0x0802c438       0x20 C:/ST/STM32CubeCLT_1.21.0/GNU-tools-for-STM32/bin/../lib/gcc/arm-none-eabi/14.3.1/../../../../arm-none-eabi/lib/thumb/v7e-m+dp/hard\libc.a(libc_a-sprint_r.o)
                0x0802c438                __sprint_r
 .text.__sfvwrite_r
                0x0802c458      0x2ec C:/ST/STM32CubeCLT_1.21.0/GNU-tools-for-STM32/bin/../lib/gcc/arm-none-eabi/14.3.1/../../../../arm-none-eabi/lib/thumb/v7e-m+dp/hard\libc.a(libc_a-fvwrite.o)
                0x0802c458                __sfvwrite_r
 .text.__swsetup_r
                0x0802c744       0xfc C:/ST/STM32CubeCLT_1.21.0/GNU-tools-for-STM32/bin/../lib/gcc/arm-none-eabi/14.3.1/../../../../arm-none-eabi/lib/thumb/v7e-m+dp/hard\libc.a(libc_a-wsetup.o)
                0x0802c744                __swsetup_r
 .text.abort    0x0802c840       0x10 C:/ST/STM32CubeCLT_1.21.0/GNU-tools-for-STM32/bin/../lib/gcc/arm-none-eabi/14.3.1/../../../../arm-none-eabi/lib/thumb/v7e-m+dp/hard\libc.a(libc_a-abort.o)
                0x0802c840                abort
 .text.__smakebuf_r
                0x0802c850       0xd0 C:/ST/STM32CubeCLT_1.21.0/GNU-tools-for-STM32/bin/../lib/gcc/arm-none-eabi/14.3.1/../../../../arm-none-eabi/lib/thumb/v7e-m+dp/hard\libc.a(libc_a-makebuf.o)
                0x0802c850                __smakebuf_r
 .text.raise    0x0802c920       0x58 C:/ST/STM32CubeCLT_1.21.0/GNU-tools-for-STM32/bin/../lib/gcc/arm-none-eabi/14.3.1/../../../../arm-none-eabi/lib/thumb/v7e-m+dp/hard\libc.a(libc_a-signal.o)
                0x0802c920                raise
 .text._fstat_r
                0x0802c978       0x2c C:/ST/STM32CubeCLT_1.21.0/GNU-tools-for-STM32/bin/../lib/gcc/arm-none-eabi/14.3.1/../../../../arm-none-eabi/lib/thumb/v7e-m+dp/hard\libc.a(libc_a-fstatr.o)
                0x0802c978                _fstat_r
 .text._isatty_r
                0x0802c9a4       0x24 C:/ST/STM32CubeCLT_1.21.0/GNU-tools-for-STM32/bin/../lib/gcc/arm-none-eabi/14.3.1/../../../../arm-none-eabi/lib/thumb/v7e-m+dp/hard\libc.a(libc_a-isattyr.o)
                0x0802c9a4                _isatty_r
 .text._kill_r  0x0802c9c8       0x2c C:/ST/STM32CubeCLT_1.21.0/GNU-tools-for-STM32/bin/../lib/gcc/arm-none-eabi/14.3.1/../../../../arm-none-eabi/lib/thumb/v7e-m+dp/hard\libc.a(libc_a-signalr.o)
                0x0802c9c8                _kill_r
 .text._getpid_r
                0x0802c9f4        0x4 C:/ST/STM32CubeCLT_1.21.0/GNU-tools-for-STM32/bin/../lib/gcc/arm-none-eabi/14.3.1/../../../../arm-none-eabi/lib/thumb/v7e-m+dp/hard\libc.a(libc_a-signalr.o)
                0x0802c9f4                _getpid_r
 .text          0x0802c9f8       0x30 C:/ST/STM32CubeCLT_1.21.0/GNU-tools-for-STM32/bin/../lib/gcc/arm-none-eabi/14.3.1/thumb/v7e-m+dp/hard\libgcc.a(_aeabi_uldivmod.o)
                0x0802c9f8                __aeabi_uldivmod
 .text          0x0802ca28      0x2f8 C:/ST/STM32CubeCLT_1.21.0/GNU-tools-for-STM32/bin/../lib/gcc/arm-none-eabi/14.3.1/thumb/v7e-m+dp/hard\libgcc.a(_udivmoddi4.o)
                0x0802ca28                __udivmoddi4
 .text          0x0802cd20        0x4 C:/ST/STM32CubeCLT_1.21.0/GNU-tools-for-STM32/bin/../lib/gcc/arm-none-eabi/14.3.1/thumb/v7e-m+dp/hard\libgcc.a(_dvmd_tls.o)
                0x0802cd20                __aeabi_idiv0
                0x0802cd20                __aeabi_ldiv0
 .text._close   0x0802cd24       0x10 C:/ST/STM32CubeCLT_1.21.0/GNU-tools-for-STM32/bin/../lib/gcc/arm-none-eabi/14.3.1/../../../../arm-none-eabi/lib/thumb/v7e-m+dp/hard\libnosys.a(close.o)
                0x0802cd24                _close
 .text._fstat   0x0802cd34       0x10 C:/ST/STM32CubeCLT_1.21.0/GNU-tools-for-STM32/bin/../lib/gcc/arm-none-eabi/14.3.1/../../../../arm-none-eabi/lib/thumb/v7e-m+dp/hard\libnosys.a(fstat.o)
                0x0802cd34                _fstat
 .text._getpid  0x0802cd44       0x10 C:/ST/STM32CubeCLT_1.21.0/GNU-tools-for-STM32/bin/../lib/gcc/arm-none-eabi/14.3.1/../../../../arm-none-eabi/lib/thumb/v7e-m+dp/hard\libnosys.a(getpid.o)
                0x0802cd44                _getpid
 .text._isatty  0x0802cd54       0x10 C:/ST/STM32CubeCLT_1.21.0/GNU-tools-for-STM32/bin/../lib/gcc/arm-none-eabi/14.3.1/../../../../arm-none-eabi/lib/thumb/v7e-m+dp/hard\libnosys.a(isatty.o)
                0x0802cd54                _isatty
 .text._kill    0x0802cd64       0x10 C:/ST/STM32CubeCLT_1.21.0/GNU-tools-for-STM32/bin/../lib/gcc/arm-none-eabi/14.3.1/../../../../arm-none-eabi/lib/thumb/v7e-m+dp/hard\libnosys.a(kill.o)
                0x0802cd64                _kill
 .text._lseek   0x0802cd74       0x10 C:/ST/STM32CubeCLT_1.21.0/GNU-tools-for-STM32/bin/../lib/gcc/arm-none-eabi/14.3.1/../../../../arm-none-eabi/lib/thumb/v7e-m+dp/hard\libnosys.a(lseek.o)
                0x0802cd74                _lseek
 .text._read    0x0802cd84       0x10 C:/ST/STM32CubeCLT_1.21.0/GNU-tools-for-STM32/bin/../lib/gcc/arm-none-eabi/14.3.1/../../../../arm-none-eabi/lib/thumb/v7e-m+dp/hard\libnosys.a(read.o)
                0x0802cd84                _read
 .text._sbrk    0x0802cd94       0x1c C:/ST/STM32CubeCLT_1.21.0/GNU-tools-for-STM32/bin/../lib/gcc/arm-none-eabi/14.3.1/../../../../arm-none-eabi/lib/thumb/v7e-m+dp/hard\libnosys.a(sbrk.o)
                0x0802cd94                _sbrk
 .text._write   0x0802cdb0       0x10 C:/ST/STM32CubeCLT_1.21.0/GNU-tools-for-STM32/bin/../lib/gcc/arm-none-eabi/14.3.1/../../../../arm-none-eabi/lib/thumb/v7e-m+dp/hard\libnosys.a(write.o)
                0x0802cdb0                _write
 .text._exit    0x0802cdc0        0x4 C:/ST/STM32CubeCLT_1.21.0/GNU-tools-for-STM32/bin/../lib/gcc/arm-none-eabi/14.3.1/../../../../arm-none-eabi/lib/thumb/v7e-m+dp/hard\libnosys.a(_exit.o)
                0x0802cdc0                _exit
 *(.rodata)
 .rodata        0x0802cdc4       0x10 ../../arm_cortex/system_stm32h7xx_dualcore_boot_cm4_cm7.o
                0x0802cdc4                D1CorePrescTable
 .rodata        0x0802cdd4        0x9 ../../FreeRTOS-Kernel/tasks.o
 *fill*         0x0802cddd        0x3 
 .rodata        0x0802cde0       0xef ../../application/source/Bluetooth_Console.o
 *fill*         0x0802cecf        0x1 
 .rodata        0x0802ced0       0x28 ../../application/source/FreeRTOS_task.o
 .rodata        0x0802cef8       0x40 ../../application/source/IMU_Control.o
 .rodata        0x0802cf38       0x6f ../../application/source/Ultrasonic_Sensor.o
 *fill*         0x0802cfa7        0x1 
 .rodata        0x0802cfa8        0x8 ../../STM32H7xx_HAL_Driver/Src/stm32h7xx_hal_dma.o
 .rodata        0x0802cfb0       0x18 ../../STM32H7xx_HAL_Driver/Src/stm32h7xx_hal_uart.o
                0x0802cfb0                UARTPrescTable
 .rodata        0x0802cfc8       0x10 ../../STM32H7xx_HAL_Driver/Src/stm32h7xx_hal_uart_ex.o
 .rodata        0x0802cfd8       0x14 ../../STM32H7xx_HAL_Driver/Src/stm32h7xx_nucleo.o
 .rodata        0x0802cfec       0x5e ../port/main.o
 *(.rodata*)
 *fill*         0x0802d04a        0x2 
 .rodata.CSWTCH.9
                0x0802d04c        0xc C:/ST/STM32CubeCLT_1.21.0/GNU-tools-for-STM32/bin/../lib/gcc/arm-none-eabi/14.3.1/../../../../arm-none-eabi/lib/thumb/v7e-m+dp/hard\libm.a(libm_a-ef_atan2.o)
 .rodata.CSWTCH.8
                0x0802d058        0xc C:/ST/STM32CubeCLT_1.21.0/GNU-tools-for-STM32/bin/../lib/gcc/arm-none-eabi/14.3.1/../../../../arm-none-eabi/lib/thumb/v7e-m+dp/hard\libm.a(libm_a-ef_atan2.o)
 .rodata.atanlo
                0x0802d064       0x10 C:/ST/STM32CubeCLT_1.21.0/GNU-tools-for-STM32/bin/../lib/gcc/arm-none-eabi/14.3.1/../../../../arm-none-eabi/lib/thumb/v7e-m+dp/hard\libm.a(libm_a-sf_atan.o)
 .rodata.atanhi
                0x0802d074       0x10 C:/ST/STM32CubeCLT_1.21.0/GNU-tools-for-STM32/bin/../lib/gcc/arm-none-eabi/14.3.1/../../../../arm-none-eabi/lib/thumb/v7e-m+dp/hard\libm.a(libm_a-sf_atan.o)
 .rodata._svfprintf_r.str1.4
                0x0802d084      0x16b C:/ST/STM32CubeCLT_1.21.0/GNU-tools-for-STM32/bin/../lib/gcc/arm-none-eabi/14.3.1/../../../../arm-none-eabi/lib/thumb/v7e-m+dp/hard\libc.a(libc_a-svfprintf.o)
                                 0x42 (size before relaxing)
 *fill*         0x0802d1ef        0x1 
 .rodata.zeroes.0
                0x0802d1f0       0x10 C:/ST/STM32CubeCLT_1.21.0/GNU-tools-for-STM32/bin/../lib/gcc/arm-none-eabi/14.3.1/../../../../arm-none-eabi/lib/thumb/v7e-m+dp/hard\libc.a(libc_a-svfprintf.o)
 .rodata.blanks.1
                0x0802d200       0x10 C:/ST/STM32CubeCLT_1.21.0/GNU-tools-for-STM32/bin/../lib/gcc/arm-none-eabi/14.3.1/../../../../arm-none-eabi/lib/thumb/v7e-m+dp/hard\libc.a(libc_a-svfprintf.o)
 .rodata._dtoa_r.str1.4
                0x0802d210       0x80 C:/ST/STM32CubeCLT_1.21.0/GNU-tools-for-STM32/bin/../lib/gcc/arm-none-eabi/14.3.1/../../../../arm-none-eabi/lib/thumb/v7e-m+dp/hard\libc.a(libc_a-dtoa.o)
 .rodata.__multadd.str1.4
                0x0802d210       0x6d C:/ST/STM32CubeCLT_1.21.0/GNU-tools-for-STM32/bin/../lib/gcc/arm-none-eabi/14.3.1/../../../../arm-none-eabi/lib/thumb/v7e-m+dp/hard\libc.a(libc_a-mprec.o)
 .rodata.p05.0  0x0802d210        0xc C:/ST/STM32CubeCLT_1.21.0/GNU-tools-for-STM32/bin/../lib/gcc/arm-none-eabi/14.3.1/../../../../arm-none-eabi/lib/thumb/v7e-m+dp/hard\libc.a(libc_a-mprec.o)
 *fill*         0x0802d21c        0x4 
 .rodata.__mprec_bigtens
                0x0802d220       0x28 C:/ST/STM32CubeCLT_1.21.0/GNU-tools-for-STM32/bin/../lib/gcc/arm-none-eabi/14.3.1/../../../../arm-none-eabi/lib/thumb/v7e-m+dp/hard\libc.a(libc_a-mprec.o)
                0x0802d220                __mprec_bigtens
 .rodata.__mprec_tens
                0x0802d248       0xc8 C:/ST/STM32CubeCLT_1.21.0/GNU-tools-for-STM32/bin/../lib/gcc/arm-none-eabi/14.3.1/../../../../arm-none-eabi/lib/thumb/v7e-m+dp/hard\libc.a(libc_a-mprec.o)
                0x0802d248                __mprec_tens
 .rodata._setlocale_r.str1.4
                0x0802d310        0xd C:/ST/STM32CubeCLT_1.21.0/GNU-tools-for-STM32/bin/../lib/gcc/arm-none-eabi/14.3.1/../../../../arm-none-eabi/lib/thumb/v7e-m+dp/hard\libc.a(libc_a-locale.o)
 .rodata.str1.4
                0x0802d310        0x2 C:/ST/STM32CubeCLT_1.21.0/GNU-tools-for-STM32/bin/../lib/gcc/arm-none-eabi/14.3.1/../../../../arm-none-eabi/lib/thumb/v7e-m+dp/hard\libc.a(libc_a-locale.o)
 .rodata.__assert_func.str1.4
                0x0802d310       0x43 C:/ST/STM32CubeCLT_1.21.0/GNU-tools-for-STM32/bin/../lib/gcc/arm-none-eabi/14.3.1/../../../../arm-none-eabi/lib/thumb/v7e-m+dp/hard\libc.a(libc_a-assert.o)
 .rodata._ctype_
                0x0802d310      0x101 C:/ST/STM32CubeCLT_1.21.0/GNU-tools-for-STM32/bin/../lib/gcc/arm-none-eabi/14.3.1/../../../../arm-none-eabi/lib/thumb/v7e-m+dp/hard\libc.a(libc_a-ctype_.o)
                0x0802d310                _ctype_
 .rodata._vfiprintf_r.str1.4
                0x0802d411       0x2f C:/ST/STM32CubeCLT_1.21.0/GNU-tools-for-STM32/bin/../lib/gcc/arm-none-eabi/14.3.1/../../../../arm-none-eabi/lib/thumb/v7e-m+dp/hard\libc.a(libc_a-vfiprintf.o)
 *fill*         0x0802d411        0x3 
 .rodata.zeroes.0
                0x0802d414       0x10 C:/ST/STM32CubeCLT_1.21.0/GNU-tools-for-STM32/bin/../lib/gcc/arm-none-eabi/14.3.1/../../../../arm-none-eabi/lib/thumb/v7e-m+dp/hard\libc.a(libc_a-vfiprintf.o)
 .rodata.blanks.1
                0x0802d424       0x10 C:/ST/STM32CubeCLT_1.21.0/GNU-tools-for-STM32/bin/../lib/gcc/arm-none-eabi/14.3.1/../../../../arm-none-eabi/lib/thumb/v7e-m+dp/hard\libc.a(libc_a-vfiprintf.o)
                0x0802d434                        _etext = .

.glue_7         0x0802d434        0x0
 .glue_7        0x0802d434        0x0 linker stubs

.glue_7t        0x0802d434        0x0
 .glue_7t       0x0802d434        0x0 linker stubs

.vfp11_veneer   0x0802d434        0x0
 .vfp11_veneer  0x0802d434        0x0 linker stubs

.v4_bx          0x0802d434        0x0
 .v4_bx         0x0802d434        0x0 linker stubs

.init           0x0802d434        0x4
 .init          0x0802d434        0x4 C:/ST/STM32CubeCLT_1.21.0/GNU-tools-for-STM32/bin/../lib/gcc/arm-none-eabi/14.3.1/thumb/v7e-m+dp/hard/crti.o
                0x0802d434                _init

.fini           0x0802d438        0x4
 .fini          0x0802d438        0x4 C:/ST/STM32CubeCLT_1.21.0/GNU-tools-for-STM32/bin/../lib/gcc/arm-none-eabi/14.3.1/thumb/v7e-m+dp/hard/crti.o
                0x0802d438                _fini

.iplt           0x0802d43c        0x0
 .iplt          0x0802d43c        0x0 ../port/boot.o

.rel.dyn        0x0802d43c        0x0
 .rel.iplt      0x0802d43c        0x0 ../port/boot.o

.ARM.exidx      0x0802d43c        0x8
 .ARM.exidx     0x0802d43c        0x8 C:/ST/STM32CubeCLT_1.21.0/GNU-tools-for-STM32/bin/../lib/gcc/arm-none-eabi/14.3.1/../../../../arm-none-eabi/lib/thumb/v7e-m+dp/hard\libc.a(libc_a-memchr.o)
 .ARM.exidx     0x0802d444        0x0 C:/ST/STM32CubeCLT_1.21.0/GNU-tools-for-STM32/bin/../lib/gcc/arm-none-eabi/14.3.1/thumb/v7e-m+dp/hard\libgcc.a(_udivmoddi4.o)
                                  0x8 (size before relaxing)

.data           0x20000000      0x6dc load address 0x0802d444
                0x20000000                        _sdata = .
                0x0802d444                        _sidata = LOADADDR (.data)
 *(.data*)
 .data          0x20000000        0x8 ../../arm_cortex/system_stm32h7xx_dualcore_boot_cm4_cm7.o
                0x20000000                SystemCoreClock
                0x20000004                SystemD2Clock
 .data          0x20000008        0x4 ../../FreeRTOS-Kernel/portable/GCC/ARM_CM7/r0p1/port.o
 .data          0x2000000c        0x5 ../../STM32H7xx_HAL_Driver/Src/stm32h7xx_hal.o
                0x2000000c                uwTickPrio
                0x20000010                uwTickFreq
 *fill*         0x20000011        0x3 
 .data          0x20000014       0x1c ../../STM32H7xx_HAL_Driver/Src/stm32h7xx_nucleo.o
                0x20000014                COM_USART
 .data.__sglue  0x20000030        0xc C:/ST/STM32CubeCLT_1.21.0/GNU-tools-for-STM32/bin/../lib/gcc/arm-none-eabi/14.3.1/../../../../arm-none-eabi/lib/thumb/v7e-m+dp/hard\libc.a(libc_a-findfp.o)
                0x20000030                __sglue
 .data._impure_ptr
                0x2000003c        0x4 C:/ST/STM32CubeCLT_1.21.0/GNU-tools-for-STM32/bin/../lib/gcc/arm-none-eabi/14.3.1/../../../../arm-none-eabi/lib/thumb/v7e-m+dp/hard\libc.a(libc_a-impure.o)
                0x2000003c                _impure_ptr
 .data._impure_data
                0x20000040      0x120 C:/ST/STM32CubeCLT_1.21.0/GNU-tools-for-STM32/bin/../lib/gcc/arm-none-eabi/14.3.1/../../../../arm-none-eabi/lib/thumb/v7e-m+dp/hard\libc.a(libc_a-impure.o)
                0x20000040                _impure_data
 .data.__malloc_sbrk_base
                0x20000160        0x4 C:/ST/STM32CubeCLT_1.21.0/GNU-tools-for-STM32/bin/../lib/gcc/arm-none-eabi/14.3.1/../../../../arm-none-eabi/lib/thumb/v7e-m+dp/hard\libc.a(libc_a-mallocr.o)
                0x20000160                __malloc_sbrk_base
 .data.__malloc_trim_threshold
                0x20000164        0x4 C:/ST/STM32CubeCLT_1.21.0/GNU-tools-for-STM32/bin/../lib/gcc/arm-none-eabi/14.3.1/../../../../arm-none-eabi/lib/thumb/v7e-m+dp/hard\libc.a(libc_a-mallocr.o)
                0x20000164                __malloc_trim_threshold
 .data.__malloc_av_
                0x20000168      0x408 C:/ST/STM32CubeCLT_1.21.0/GNU-tools-for-STM32/bin/../lib/gcc/arm-none-eabi/14.3.1/../../../../arm-none-eabi/lib/thumb/v7e-m+dp/hard\libc.a(libc_a-mallocr.o)
                0x20000168                __malloc_av_
 .data.__global_locale
                0x20000570      0x16c C:/ST/STM32CubeCLT_1.21.0/GNU-tools-for-STM32/bin/../lib/gcc/arm-none-eabi/14.3.1/../../../../arm-none-eabi/lib/thumb/v7e-m+dp/hard\libc.a(libc_a-locale.o)
                0x20000570                __global_locale
                0x200006dc                        . = ALIGN (0x4)
                0x200006dc                        _edata = .

.igot.plt       0x200006dc        0x0 load address 0x0802db20
 .igot.plt      0x200006dc        0x0 ../port/boot.o

.bss            0x200006dc     0x172c load address 0x0802db20
                0x200006dc                        _sbss = .
 *(.bss*)
 .bss           0x200006dc       0xec ../../FreeRTOS-Kernel/tasks.o
                0x200006dc                pxCurrentTCB
 .bss           0x200007c8       0x50 ../../FreeRTOS-Kernel/queue.o
                0x200007c8                xQueueRegistry
 .bss           0x20000818     0x101c ../../FreeRTOS-Kernel/portable/MemMang/heap_4.o
 .bss           0x20001834        0x8 ../../FreeRTOS-Kernel/portable/GCC/ARM_CM7/r0p1/port.o
 .bss           0x2000183c      0x186 ../../application/source/Bluetooth_Console.o
                0x2000183c                BspCOMInit
                0x2000184c                BT_UART
                0x200018e0                Terminal_UART
                0x20001974                BT_COMInit
                0x20001998                BT_gpio_init_structure
                0x200019ac                Terminal_gpio_init_structure
                0x200019c0                received_char
 *fill*         0x200019c2        0x2 
 .bss           0x200019c4       0x15 ../../application/source/FreeRTOS_task.o
                0x200019c4                xMutex_m7
                0x200019c8                xSemaphore_m7
                0x200019cc                xMutex_m4
                0x200019d0                xSemaphore_m4
                0x200019d4                xUartQueue
                0x200019d8                traffic_signal
 *fill*         0x200019d9        0x3 
 .bss           0x200019dc       0x74 ../../application/source/IMU_Control.o
                0x200019dc                hi2c1
                0x20001a3e                pitch
                0x20001a40                roll
                0x20001a42                yaw
 .bss           0x20001a50      0x13d ../../application/source/Ultrasonic_Sensor.o
                0x20001a50                htim3
                0x20001a9c                htim31
                0x20001ae8                htim32
                0x20001b34                htim4
                0x20001b80                first_capture
                0x20001b84                second_capture
                0x20001b88                timer3_capture
                0x20001b8c                capture_done
 *fill*         0x20001b8d        0x3 
 .bss           0x20001b90        0x4 ../../STM32H7xx_HAL_Driver/Src/stm32h7xx_hal.o
                0x20001b90                uwTick
 .bss           0x20001b94       0x9d ../../STM32H7xx_HAL_Driver/Src/stm32h7xx_nucleo.o
                0x20001b94                hpb_exti
                0x20001b9c                hcom_uart
 *fill*         0x20001c31        0x3 
 .bss           0x20001c34       0x50 ../port/exception_handlers.o
                0x20001c34                g_exception_frame
                0x20001c54                g_hardFaultInfo
 .bss           0x20001c84        0x4 ../port/main.o
 .bss.__sf      0x20001c88      0x138 C:/ST/STM32CubeCLT_1.21.0/GNU-tools-for-STM32/bin/../lib/gcc/arm-none-eabi/14.3.1/../../../../arm-none-eabi/lib/thumb/v7e-m+dp/hard\libc.a(libc_a-findfp.o)
                0x20001c88                __sf
 .bss.__stdio_exit_handler
                0x20001dc0        0x4 C:/ST/STM32CubeCLT_1.21.0/GNU-tools-for-STM32/bin/../lib/gcc/arm-none-eabi/14.3.1/../../../../arm-none-eabi/lib/thumb/v7e-m+dp/hard\libc.a(libc_a-findfp.o)