Archive member included to satisfy reference by file (symbol)

C:/ST/STM32CubeCLT_1.21.0/GNU-tools-for-STM32/bin/../lib/gcc/arm-none-eabi/14.3.1/../../../../arm-none-eabi/lib/thumb/v7e-m+fp/hard\libm.a(libm_a-wf_atan2.o)
                              ../../application/source/IMU_Control.o (atan2f)
C:/ST/STM32CubeCLT_1.21.0/GNU-tools-for-STM32/bin/../lib/gcc/arm-none-eabi/14.3.1/../../../../arm-none-eabi/lib/thumb/v7e-m+fp/hard\libm.a(libm_a-wf_sqrt.o)
                              ../../application/source/IMU_Control.o (sqrtf)
C:/ST/STM32CubeCLT_1.21.0/GNU-tools-for-STM32/bin/../lib/gcc/arm-none-eabi/14.3.1/../../../../arm-none-eabi/lib/thumb/v7e-m+fp/hard\libm.a(libm_a-ef_sqrt.o)
                              C:/ST/STM32CubeCLT_1.21.0/GNU-tools-for-STM32/bin/../lib/gcc/arm-none-eabi/14.3.1/../../../../arm-none-eabi/lib/thumb/v7e-m+fp/hard\libm.a(libm_a-wf_sqrt.o) (__ieee754_sqrtf)
C:/ST/STM32CubeCLT_1.21.0/GNU-tools-for-STM32/bin/../lib/gcc/arm-none-eabi/14.3.1/../../../../arm-none-eabi/lib/thumb/v7e-m+fp/hard\libm.a(libm_a-ef_atan2.o)
                              C:/ST/STM32CubeCLT_1.21.0/GNU-tools-for-STM32/bin/../lib/gcc/arm-none-eabi/14.3.1/../../../../arm-none-eabi/lib/thumb/v7e-m+fp/hard\libm.a(libm_a-wf_atan2.o) (__ieee754_atan2f)
C:/ST/STM32CubeCLT_1.21.0/GNU-tools-for-STM32/bin/../lib/gcc/arm-none-eabi/14.3.1/../../../../arm-none-eabi/lib/thumb/v7e-m+fp/hard\libm.a(libm_a-sf_atan.o)
                              C:/ST/STM32CubeCLT_1.21.0/GNU-tools-for-STM32/bin/../lib/gcc/arm-none-eabi/14.3.1/../../../../arm-none-eabi/lib/thumb/v7e-m+fp/hard\libm.a(libm_a-ef_atan2.o) (atanf)
C:/ST/STM32CubeCLT_1.21.0/GNU-tools-for-STM32/bin/../lib/gcc/arm-none-eabi/14.3.1/../../../../arm-none-eabi/lib/thumb/v7e-m+fp/hard\libm.a(libm_a-sf_fabs.o)
                              C:/ST/STM32CubeCLT_1.21.0/GNU-tools-for-STM32/bin/../lib/gcc/arm-none-eabi/14.3.1/../../../../arm-none-eabi/lib/thumb/v7e-m+fp/hard\libm.a(libm_a-ef_atan2.o) (fabsf)
C:/ST/STM32CubeCLT_1.21.0/GNU-tools-for-STM32/bin/../lib/gcc/arm-none-eabi/14.3.1/../../../../arm-none-eabi/lib/thumb/v7e-m+fp/hard\libc.a(libc_a-exit.o)
                              C:/ST/STM32CubeCLT_1.21.0/GNU-tools-for-STM32/bin/../lib/gcc/arm-none-eabi/14.3.1/../../../../arm-none-eabi/lib/thumb/v7e-m+fp/hard/crt0.o (exit)
C:/ST/STM32CubeCLT_1.21.0/GNU-tools-for-STM32/bin/../lib/gcc/arm-none-eabi/14.3.1/../../../../arm-none-eabi/lib/thumb/v7e-m+fp/hard\libc.a(libc_a-findfp.o)
                              C:/ST/STM32CubeCLT_1.21.0/GNU-tools-for-STM32/bin/../lib/gcc/arm-none-eabi/14.3.1/../../../../arm-none-eabi/lib/thumb/v7e-m+fp/hard\libc.a(libc_a-exit.o) (__stdio_exit_handler)
C:/ST/STM32CubeCLT_1.21.0/GNU-tools-for-STM32/bin/../lib/gcc/arm-none-eabi/14.3.1/../../../../arm-none-eabi/lib/thumb/v7e-m+fp/hard\libc.a(libc_a-fwalk.o)
                              C:/ST/STM32CubeCLT_1.21.0/GNU-tools-for-STM32/bin/../lib/gcc/arm-none-eabi/14.3.1/../../../../arm-none-eabi/lib/thumb/v7e-m+fp/hard\libc.a(libc_a-findfp.o) (_fwalk_sglue)
C:/ST/STM32CubeCLT_1.21.0/GNU-tools-for-STM32/bin/../lib/gcc/arm-none-eabi/14.3.1/../../../../arm-none-eabi/lib/thumb/v7e-m+fp/hard\libc.a(libc_a-sprintf.o)
                              ../../application/source/Bluetooth_Console.o (sprintf)
C:/ST/STM32CubeCLT_1.21.0/GNU-tools-for-STM32/bin/../lib/gcc/arm-none-eabi/14.3.1/../../../../arm-none-eabi/lib/thumb/v7e-m+fp/hard\libc.a(libc_a-stdio.o)
                              C:/ST/STM32CubeCLT_1.21.0/GNU-tools-for-STM32/bin/../lib/gcc/arm-none-eabi/14.3.1/../../../../arm-none-eabi/lib/thumb/v7e-m+fp/hard\libc.a(libc_a-findfp.o) (__sread)
C:/ST/STM32CubeCLT_1.21.0/GNU-tools-for-STM32/bin/../lib/gcc/arm-none-eabi/14.3.1/../../../../arm-none-eabi/lib/thumb/v7e-m+fp/hard\libc.a(libc_a-memset.o)
                              C:/ST/STM32CubeCLT_1.21.0/GNU-tools-for-STM32/bin/../lib/gcc/arm-none-eabi/14.3.1/../../../../arm-none-eabi/lib/thumb/v7e-m+fp/hard/crt0.o (memset)
C:/ST/STM32CubeCLT_1.21.0/GNU-tools-for-STM32/bin/../lib/gcc/arm-none-eabi/14.3.1/../../../../arm-none-eabi/lib/thumb/v7e-m+fp/hard\libc.a(libc_a-closer.o)
                              C:/ST/STM32CubeCLT_1.21.0/GNU-tools-for-STM32/bin/../lib/gcc/arm-none-eabi/14.3.1/../../../../arm-none-eabi/lib/thumb/v7e-m+fp/hard\libc.a(libc_a-stdio.o) (_close_r)
C:/ST/STM32CubeCLT_1.21.0/GNU-tools-for-STM32/bin/../lib/gcc/arm-none-eabi/14.3.1/../../../../arm-none-eabi/lib/thumb/v7e-m+fp/hard\libc.a(libc_a-reent.o)
                              C:/ST/STM32CubeCLT_1.21.0/GNU-tools-for-STM32/bin/../lib/gcc/arm-none-eabi/14.3.1/../../../../arm-none-eabi/lib/thumb/v7e-m+fp/hard\libc.a(libc_a-closer.o) (errno)
C:/ST/STM32CubeCLT_1.21.0/GNU-tools-for-STM32/bin/../lib/gcc/arm-none-eabi/14.3.1/../../../../arm-none-eabi/lib/thumb/v7e-m+fp/hard\libc.a(libc_a-impure.o)
[...]
Memory Configuration

Name             Origin             Length             Attributes
FLASH            0x08100000         0x00100000
RAM              0x30000000         0x00020000
*default*        0x00000000         0xffffffff

Linker script and memory map

LOAD C:/ST/STM32CubeCLT_1.21.0/GNU-tools-for-STM32/bin/../lib/gcc/arm-none-eabi/14.3.1/thumb/v7e-m+fp/hard/crti.o
LOAD C:/ST/STM32CubeCLT_1.21.0/GNU-tools-for-STM32/bin/../lib/gcc/arm-none-eabi/14.3.1/thumb/v7e-m+fp/hard/crtbegin.o
LOAD C:/ST/STM32CubeCLT_1.21.0/GNU-tools-for-STM32/bin/../lib/gcc/arm-none-eabi/14.3.1/../../../../arm-none-eabi/lib/thumb/v7e-m+fp/hard/crt0.o
LOAD ../port/boot.o
LOAD ../../arm_cortex/system_stm32h7xx_dualcore_boot_cm4_cm7.o
LOAD ../../FreeRTOS-Kernel/tasks.o
LOAD ../../FreeRTOS-Kernel/custom_hooks.o
LOAD ../../FreeRTOS-Kernel/list.o
LOAD ../../FreeRTOS-Kernel/queue.o
LOAD ../../FreeRTOS-Kernel/timers.o
LOAD ../../FreeRTOS-Kernel/portable/MemMang/heap_4.o
LOAD ../../FreeRTOS-Kernel/portable/GCC/ARM_CM4F/port.o
LOAD ../../application/source/Bluetooth_Console.o
LOAD ../../application/source/FreeRTOS_task.o
LOAD ../../application/source/IMU_Control.o
LOAD ../../application/source/MotorControl.o
LOAD ../../application/source/Ultrasonic_Sensor.o
LOAD ../../STM32H7xx_HAL_Driver/Src/stm32h7xx_hal.o
LOAD ../../STM32H7xx_HAL_Driver/Src/stm32h7xx_hal_adc.o
LOAD ../../STM32H7xx_HAL_Driver/Src/stm32h7xx_hal_adc_ex.o
LOAD ../../STM32H7xx_HAL_Driver/Src/stm32h7xx_hal_cortex.o
LOAD ../../STM32H7xx_HAL_Driver/Src/stm32h7xx_hal_dma.o
LOAD ../../STM32H7xx_HAL_Driver/Src/stm32h7xx_hal_exti.o
LOAD ../../STM32H7xx_HAL_Driver/Src/stm32h7xx_hal_gpio.o
LOAD ../../STM32H7xx_HAL_Driver/Src/stm32h7xx_hal_hsem.o
LOAD ../../STM32H7xx_HAL_Driver/Src/stm32h7xx_hal_i2c.o
LOAD ../../STM32H7xx_HAL_Driver/Src/stm32h7xx_hal_i2c_ex.o
LOAD ../../STM32H7xx_HAL_Driver/Src/stm32h7xx_hal_pwr.o
LOAD ../../STM32H7xx_HAL_Driver/Src/stm32h7xx_hal_pwr_ex.o
LOAD ../../STM32H7xx_HAL_Driver/Src/stm32h7xx_hal_rcc.o
LOAD ../../STM32H7xx_HAL_Driver/Src/stm32h7xx_hal_rcc_ex.o
LOAD ../../STM32H7xx_HAL_Driver/Src/stm32h7xx_hal_tim.o
LOAD ../../STM32H7xx_HAL_Driver/Src/stm32h7xx_hal_tim_ex.o
LOAD ../../STM32H7xx_HAL_Driver/Src/stm32h7xx_hal_uart.o
LOAD ../../STM32H7xx_HAL_Driver/Src/stm32h7xx_hal_uart_ex.o
LOAD ../../STM32H7xx_HAL_Driver/Src/stm32h7xx_ll_pwr.o
LOAD ../../STM32H7xx_HAL_Driver/Src/stm32h7xx_nucleo.o
LOAD ../port/exception_handlers.o
LOAD ../port/main.o
LOAD ../port/portFunctions.o
LOAD ../port/start.o
LOAD C:/ST/STM32CubeCLT_1.21.0/GNU-tools-for-STM32/bin/../lib/gcc/arm-none-eabi/14.3.1/../../../../arm-none-eabi/lib/thumb/v7e-m+fp/hard\libm.a
LOAD C:/ST/STM32CubeCLT_1.21.0/GNU-tools-for-STM32/bin/../lib/gcc/arm-none-eabi/14.3.1/../../../../arm-none-eabi/lib/thumb/v7e-m+fp/hard\libc.a
START GROUP
LOAD C:/ST/STM32CubeCLT_1.21.0/GNU-tools-for-STM32/bin/../lib/gcc/arm-none-eabi/14.3.1/thumb/v7e-m+fp/hard\libgcc.a
LOAD C:/ST/STM32CubeCLT_1.21.0/GNU-tools-for-STM32/bin/../lib/gcc/arm-none-eabi/14.3.1/../../../../arm-none-eabi/lib/thumb/v7e-m+fp/hard\libc.a
END GROUP
START GROUP
LOAD C:/ST/STM32CubeCLT_1.21.0/GNU-tools-for-STM32/bin/../lib/gcc/arm-none-eabi/14.3.1/thumb/v7e-m+fp/hard\libgcc.a
LOAD C:/ST/STM32CubeCLT_1.21.0/GNU-tools-for-STM32/bin/../lib/gcc/arm-none-eabi/14.3.1/../../../../arm-none-eabi/lib/thumb/v7e-m+fp/hard\libc.a
LOAD C:/ST/STM32CubeCLT_1.21.0/GNU-tools-for-STM32/bin/../lib/gcc/arm-none-eabi/14.3.1/../../../../arm-none-eabi/lib/thumb/v7e-m+fp/hard\libnosys.a
END GROUP
LOAD C:/ST/STM32CubeCLT_1.21.0/GNU-tools-for-STM32/bin/../lib/gcc/arm-none-eabi/14.3.1/thumb/v7e-m+fp/hard/crtend.o
LOAD C:/ST/STM32CubeCLT_1.21.0/GNU-tools-for-STM32/bin/../lib/gcc/arm-none-eabi/14.3.1/thumb/v7e-m+fp/hard/crtn.o
                0x00002000                        STACK_SIZE = 0x2000

.text           0x08100000    0x24edc
                0x08100000                        _stext = .
 *(.vectors*)
 .vectors       0x08100000      0x4f0 ../port/boot.o
 *(.text*)
 .text          0x081004f0       0x10 ../port/boot.o
                0x081004f0                reset_handler
                0x081004fe                TIM8_CC_IRQHandler
                0x081004fe                HRTIM1_Master_IRQHandler
                0x081004fe                UART8_IRQHandler
                0x081004fe                EXTI2_IRQHandler
                0x081004fe                RTC_Alarm_IRQHandler
                0x081004fe                SPI4_IRQHandler
                0x081004fe                TIM1_CC_IRQHandler
                0x081004fe                BDMA_Channel6_IRQHandler
                0x081004fe                DMA2_Stream5_IRQHandler
                0x081004fe                HRTIM1_FLT_IRQHandler
                0x081004fe                JPEG_IRQHandler
                0x081004fe                DMA1_Stream5_IRQHandler
                0x081004fe                BDMA_Channel1_IRQHandler
                0x081004fe                HRTIM1_TIMD_IRQHandler
                0x081004fe                TAMP_STAMP_IRQHandler
                0x081004fe                EXTI3_IRQHandler
                0x081004fe                LPTIM4_IRQHandler
                0x081004fe                TIM8_TRG_COM_TIM14_IRQHandler
                0x081004fe                LPTIM2_IRQHandler
                0x081004fe                DFSDM1_FLT1_IRQHandler
                0x081004fe                DMAMUX2_OVR_IRQHandler
                0x081004fe                TIM8_UP_TIM13_IRQHandler
                0x081004fe                I2C3_ER_IRQHandler
                0x081004fe                DFSDM1_FLT2_IRQHandler
                0x081004fe                MDMA_IRQHandler
                0x081004fe                LPTIM3_IRQHandler
                0x081004fe                HSEM1_IRQHandler
                0x081004fe                EXTI0_IRQHandler
                0x081004fe                I2C2_EV_IRQHandler
                0x081004fe                DMA1_Stream2_IRQHandler
                0x081004fe                FPU_IRQHandler
                0x081004fe                OTG_HS_WKUP_IRQHandler
                0x081004fe                FDCAN1_IT1_IRQHandler
                0x081004fe                LTDC_ER_IRQHandler
                0x081004fe                DMA2_Stream2_IRQHandler
                0x081004fe                HRTIM1_TIME_IRQHandler
                0x081004fe                SPI1_IRQHandler
                0x081004fe                TIM6_DAC_IRQHandler
                0x081004fe                DCMI_IRQHandler
                0x081004fe                HRTIM1_TIMC_IRQHandler
                0x081004fe                DMA2_Stream3_IRQHandler
                0x081004fe                SAI2_IRQHandler
                0x081004fe                DFSDM1_FLT3_IRQHandler
                0x081004fe                USART6_IRQHandler
                0x081004fe                TIM17_IRQHandler
                0x081004fe                USART3_IRQHandler
                0x081004fe                BDMA_Channel7_IRQHandler
                0x081004fe                LPTIM5_IRQHandler
                0x081004fe                UART5_IRQHandler
                0x081004fe                ADC3_IRQHandler
                0x081004fe                DMA2_Stream0_IRQHandler
                0x081004fe                TIM4_IRQHandler
                0x081004fe                BDMA_Channel2_IRQHandler
                0x081004fe                QUADSPI_IRQHandler
                0x081004fe                I2C1_EV_IRQHandler
                0x081004fe                DMA1_Stream6_IRQHandler
                0x081004fe                DMAMUX1_OVR_IRQHandler
                0x081004fe                DMA1_Stream1_IRQHandler
                0x081004fe                TIM16_IRQHandler
                0x081004fe                UART4_IRQHandler
                0x081004fe                BDMA_Channel5_IRQHandler
                0x081004fe                TIM3_IRQHandler
                0x081004fe                RCC_IRQHandler
                0x081004fe                TIM8_BRK_TIM12_IRQHandler
                0x081004fe                TIM1_TRG_COM_IRQHandler
                0x081004fe                ECC_IRQHandler
                0x081004fe                CEC_IRQHandler
                0x081004fe                EXTI15_10_IRQHandler
                0x081004fe                BDMA_Channel0_IRQHandler
                0x081004fe                ADC_IRQHandler
                0x081004fe                DMA1_Stream7_IRQHandler
                0x081004fe                HRTIM1_TIMA_IRQHandler
                0x081004fe                SPI5_IRQHandler
                0x081004fe                TIM7_IRQHandler
                0x081004fe                SDMMC1_IRQHandler
                0x081004fe                TIM5_IRQHandler
                0x081004fe                DMA2_Stream7_IRQHandler
                0x081004fe                TIM15_IRQHandler
                0x081004fe                PVD_AVD_IRQHandler
                0x081004fe                I2C3_EV_IRQHandler
                0x081004fe                EXTI9_5_IRQHandler
                0x081004fe                RTC_WKUP_IRQHandler
                0x081004fe                LTDC_IRQHandler
                0x081004fe                SAI3_IRQHandler
                0x081004fe                ETH_WKUP_IRQHandler
                0x081004fe                SPDIF_RX_IRQHandler
                0x081004fe                SPI2_IRQHandler
                0x081004fe                OTG_HS_EP1_IN_IRQHandler
                0x081004fe                DMA1_Stream0_IRQHandler
                0x081004fe                CRS_IRQHandler
                0x081004fe                CM7_SEV_IRQHandler
                0x081004fe                EXTI4_IRQHandler
                0x081004fe                RNG_IRQHandler
                0x081004fe                CM4_SEV_IRQHandler
                0x081004fe                HRTIM1_TIMB_IRQHandler
                0x081004fe                FDCAN2_IT1_IRQHandler
                0x081004fe                ETH_IRQHandler
                0x081004fe                TIM1_UP_IRQHandler
                0x081004fe                WWDG_RST_IRQHandler
                0x081004fe                BDMA_Channel4_IRQHandler
                0x081004fe                OTG_HS_EP1_OUT_IRQHandler
                0x081004fe                WWDG_IRQHandler
                0x081004fe                SPI6_IRQHandler
                0x081004fe                MDIOS_IRQHandler
                0x081004fe                I2C4_EV_IRQHandler
                0x081004fe                FDCAN2_IT0_IRQHandler
                0x081004fe                LPUART1_IRQHandler
                0x081004fe                FDCAN1_IT0_IRQHandler
                0x081004fe                TIM2_IRQHandler
                0x081004fe                OTG_FS_WKUP_IRQHandler
                0x081004fe                OTG_HS_IRQHandler
                0x081004fe                DMA2D_IRQHandler
                0x081004fe                TIM1_BRK_IRQHandler
                0x081004fe                EXTI1_IRQHandler
                0x081004fe                SDMMC2_IRQHandler
                0x081004fe                OTG_FS_EP1_OUT_IRQHandler
                0x081004fe                BDMA_Channel3_IRQHandler
                0x081004fe                HOLD_CORE_IRQHandler
                0x081004fe                UART7_IRQHandler
                0x081004fe                MDIOS_WKUP_IRQHandler
                0x081004fe                USART2_IRQHandler
                0x081004fe                DFSDM1_FLT0_IRQHandler
                0x081004fe                SAI4_IRQHandler
                0x081004fe                I2C2_ER_IRQHandler
                0x081004fe                DMA2_Stream1_IRQHandler
                0x081004fe                FLASH_IRQHandler
                0x081004fe                DMA2_Stream4_IRQHandler
                0x081004fe                USART1_IRQHandler
                0x081004fe                OTG_FS_IRQHandler
                0x081004fe                SPI3_IRQHandler
                0x081004fe                WAKEUP_PIN_IRQHandler
                0x081004fe                DMA1_Stream4_IRQHandler
                0x081004fe                OTG_FS_EP1_IN_IRQHandler
                0x081004fe                I2C1_ER_IRQHandler
                0x081004fe                FMC_IRQHandler
                0x081004fe                FDCAN_CAL_IRQHandler
                0x081004fe                SWPMI1_IRQHandler
                0x081004fe                COMP1_IRQHandler
                0x081004fe                LPTIM1_IRQHandler
                0x081004fe                I2C4_ER_IRQHandler
                0x081004fe                DMA2_Stream6_IRQHandler
                0x081004fe                SAI1_IRQHandler
                0x081004fe                DMA1_Stream3_IRQHandler
 .text          0x08100500      0x440 ../../arm_cortex/system_stm32h7xx_dualcore_boot_cm4_cm7.o
                0x08100500                SystemInit
                0x0810061c                SystemCoreClockUpdate
                0x08100910                ExitRun0Mode
 .text          0x08100940     0x25c8 ../../FreeRTOS-Kernel/tasks.o
                0x081009b8                xTaskCreate
                0x08100c58                vTaskDelay
                0x08100cc8                eTaskGetState
                0x08100e20                vTaskStartScheduler
                0x08100ea4                vTaskEndScheduler
                0x08100ed4                vTaskSuspendAll
                0x08100ef0                xTaskResumeAll
                0x08101108                xTaskGetTickCount
                0x08101128                xTaskGetTickCountFromISR
                0x0810114c                uxTaskGetNumberOfTasks
                0x08101164                pcTaskGetName
                0x081011b0                uxTaskGetSystemState
                0x08101280                xTaskCatchUpTicks
                0x081012dc                xTaskIncrementTick
                0x08101514                vTaskSwitchContext
                0x081015d4                vTaskPlaceOnEventList
                0x08101624                vTaskPlaceOnUnorderedEventList
                0x081016dc                xTaskRemoveFromEventList
                0x08101890                vTaskRemoveFromUnorderedEventList
                0x08101a20                vTaskSetTimeOutState
                0x08101a74                vTaskInternalSetTimeOutState
                0x08101aa0                xTaskCheckForTimeOut
                0x08101b68                vTaskMissedYield
                0x08101b80                uxTaskGetTaskNumber
                0x08101bac                vTaskSetTaskNumber
                0x08101c5a                vTaskGetInfo
                0x08101e1c                xTaskGetCurrentTaskHandle
                0x08101e3c                xTaskGetCurrentTaskHandleForCore
                0x08101e6c                xTaskGetSchedulerState
                0x08101ea8                xTaskPriorityInherit
                0x08101fcc                xTaskPriorityDisinherit
                0x08102108                vTaskPriorityDisinheritAfterTimeout
                0x0810226c                uxTaskResetEventItemValue
                0x0810229c                pvTaskIncrementMutexHeldCount
                0x081022cc                ulTaskGenericNotifyTake
                0x081023e0                xTaskGenericNotifyWait
                0x08102524                xTaskGenericNotify
                0x08102798                xTaskGenericNotifyFromISR
                0x08102a7c                vTaskGenericNotifyGiveFromISR
                0x08102ca4                xTaskGenericNotifyStateClear
                0x08102d40                ulTaskGenericNotifyValueClear
                0x08102e70                vTaskResetState
 .text          0x08102f08      0x168 ../../FreeRTOS-Kernel/list.o
                0x08102f08                vListInitialise
                0x08102f48                vListInitialiseItem
                0x08102f62                vListInsertEnd
                0x08102faa                vListInsert
                0x0810301c                uxListRemove
 .text          0x08103070     0x1454 ../../FreeRTOS-Kernel/queue.o
                0x08103070                xQueueGenericReset
                0x0810319c                xQueueGenericCreate
                0x081032b8                xQueueCreateMutex
                0x081032e8                xQueueGenericSend
                0x081034e0                xQueueGenericSendFromISR
                0x08103632                xQueueGiveFromISR
                0x08103772                xQueueReceive
                0x08103930                xQueueSemaphoreTake
                0x08103b34                xQueuePeek
                0x08103cd8                xQueueReceiveFromISR
                0x08103e0e                xQueuePeekFromISR
                0x08103ed2                uxQueueMessagesWaiting
                0x08103f14                uxQueueSpacesAvailable
                0x08103f60                uxQueueMessagesWaitingFromISR
                0x08103f9e                vQueueDelete
                0x08103fe0                uxQueueGetQueueNumber
                0x08103ff8                vQueueSetQueueNumber
                0x08104014                ucQueueGetQueueType
                0x0810402e                uxQueueGetQueueItemSize
                0x08104046                uxQueueGetQueueLength
                0x0810427e                xQueueIsQueueEmptyFromISR
                0x081042f8                xQueueIsQueueFullFromISR
                0x08104346                vQueueAddToRegistry
                0x081043e4                pcQueueGetName
                0x08104450                vQueueUnregisterQueue
 .text          0x081044c4      0x6b4 ../../FreeRTOS-Kernel/portable/MemMang/heap_4.o
                0x081044c4                pvPortMalloc
                0x0810472c                vPortFree
                0x0810481c                xPortGetFreeHeapSize
                0x08104834                xPortGetMinimumEverFreeHeapSize
                0x0810484c                xPortResetHeapMinimumEverFreeHeapSize
                0x0810486c                vPortInitialiseBlocks
                0x0810487a                pvPortCalloc
                0x08104a7c                vPortGetHeapStats
                0x08104b38                vPortHeapResetState
 .text          0x08104b78      0x56c ../../FreeRTOS-Kernel/portable/GCC/ARM_CM4F/port.o
                0x08104b78                pxPortInitialiseStack
                0x08104c3c                vPortSVCHandler
                0x08104c86                xPortStartScheduler
                0x08104e7c                vPortEndScheduler
                0x08104eb4                vPortEnterCritical
                0x08104f18                vPortExitCritical
                0x08104f6c                xPortPendSVHandler
                0x08104fca                xPortSysTickHandler
                0x08105010                vPortSetupTimerInterrupt
                0x0810505e                vPortValidateInterruptPriority
 .text          0x081050e4      0x44c ../../application/source/Bluetooth_Console.o
                0x081050e4                BlueTooth_Console_Init
                0x081052a0                BlueTooth_Display
                0x081052d0                HAL_UART_RxCpltCallback
                0x08105340                HAL_UART_ErrorCallback
                0x081053b4                BT_Error_Handler
                0x081053d0                Terminal_Console_Init
                0x081054fc                Terminal_Display
 .text          0x08105530      0x138 ../../application/source/FreeRTOS_task.o
                0x08105530                SM_Task_TerminalPrint
                0x08105568                SM_Task_RedLedBlink
                0x081055fc                SM_Task_YellowLedBlink
 .text          0x08105668      0x5e8 ../../application/source/IMU_Control.o
                0x08105668                Error_Handler_IMU
                0x0810567c                MX_I2C4_Init
                0x08105850                IMU_Raw_Read
                0x08105990                Display_IMU_Euler_Angles
                0x081059a2                calculate_angles_complementary
                0x08105c28                HAL_GPIO_EXTI_Callback
 .text          0x08105c50      0xd40 ../../STM32H7xx_HAL_Driver/Src/stm32h7xx_hal.o
                0x08105c50                HAL_Init
                0x08105d0c                HAL_DeInit
                0x08105dc8                HAL_MspInit
                0x08105dd6                HAL_MspDeInit
                0x08105de4                HAL_InitTick
                0x08105e50                HAL_IncTick
                0x08105e78                HAL_GetTick
                0x08105e90                HAL_GetTickPrio
                0x08105ea8                HAL_SetTickFreq
                0x08105ef8                HAL_GetTickFreq
                0x08105f10                HAL_Delay
                0x08105f58                HAL_SuspendTick
                0x08105f78                HAL_ResumeTick
                0x08105f98                HAL_GetHalVersion
                0x08105fac                HAL_GetREVID
                0x08105fc4                HAL_GetDEVID
                0x08105fe0                HAL_GetUIDw0
                0x08105ff8                HAL_GetUIDw1
                0x08106010                HAL_GetUIDw2
                0x08106028                HAL_SYSCFG_VREFBUF_VoltageScalingConfig
                0x08106050                HAL_SYSCFG_VREFBUF_HighImpedanceConfig
                0x08106078                HAL_SYSCFG_VREFBUF_TrimmingConfig
                0x081060a0                HAL_SYSCFG_EnableVREFBUF
                0x081060e8                HAL_SYSCFG_DisableVREFBUF
                0x08106108                HAL_SYSCFG_ETHInterfaceSelect
                0x08106130                HAL_SYSCFG_AnalogSwitchConfig
                0x0810615c                HAL_SYSCFG_EnableBOOST
                0x0810617c                HAL_SYSCFG_DisableBOOST
                0x0810619c                HAL_SYSCFG_CM7BootAddConfig
                0x081061ec                HAL_SYSCFG_CM4BootAddConfig
                0x0810623c                HAL_SYSCFG_EnableCM7BOOT
                0x08106260                HAL_SYSCFG_DisableCM7BOOT
                0x08106284                HAL_SYSCFG_EnableCM4BOOT
                0x081062a8                HAL_SYSCFG_DisableCM4BOOT
                0x081062cc                HAL_EnableCompensationCell
                0x081062ec                HAL_DisableCompensationCell
                0x0810630c                HAL_SYSCFG_EnableIOSpeedOptimize
                0x0810632c                HAL_SYSCFG_DisableIOSpeedOptimize
                0x0810634c                HAL_SYSCFG_CompensationCodeSelect
                0x08106374                HAL_SYSCFG_CompensationCodeConfig
                0x081063a4                HAL_DBGMCU_EnableDBGSleepMode
                0x081063c4                HAL_DBGMCU_DisableDBGSleepMode
                0x081063e4                HAL_DBGMCU_EnableDBGStopMode
                0x08106404                HAL_DBGMCU_DisableDBGStopMode
                0x08106424                HAL_DBGMCU_EnableDBGStandbyMode
                0x08106444                HAL_DBGMCU_DisableDBGStandbyMode
                0x08106464                HAL_EnableDomain2DBGSleepMode
                0x08106484                HAL_DisableDomain2DBGSleepMode
                0x081064a4                HAL_EnableDomain2DBGStopMode
                0x081064c4                HAL_DisableDomain2DBGStopMode
                0x081064e4                HAL_EnableDomain2DBGStandbyMode
                0x08106504                HAL_DisableDomain2DBGStandbyMode
                0x08106524                HAL_SetFMCMemorySwappingConfig
                0x0810654c                HAL_GetFMCMemorySwappingConfig
                0x08106568                HAL_EXTI_EdgeConfig
                0x0810663c                HAL_EXTI_GenerateSWInterrupt
                0x0810667c                HAL_EXTI_D1_ClearFlag
                0x081066aa                HAL_EXTI_D2_ClearFlag
                0x081066d8                HAL_EXTI_D1_EventInputConfig
                0x081067cc                HAL_EXTI_D2_EventInputConfig
                0x081068c0                HAL_EXTI_D3_EventInputConfig
 .text          0x08106990      0x6e0 ../../STM32H7xx_HAL_Driver/Src/stm32h7xx_hal_cortex.o
                0x08106d60                HAL_NVIC_SetPriorityGrouping
                0x08106d76                HAL_NVIC_SetPriority
                0x08106daa                HAL_NVIC_EnableIRQ
                0x08106dc6                HAL_NVIC_DisableIRQ
                0x08106de2                HAL_NVIC_SystemReset
                0x08106dea                HAL_SYSTICK_Config
                0x08106e02                HAL_MPU_Disable
                0x08106e30                HAL_MPU_Enable
                0x08106e70                HAL_MPU_EnableRegion
                0x08106e9c                HAL_MPU_DisableRegion
                0x08106ec8                HAL_MPU_ConfigRegion
                0x08106f48                HAL_NVIC_GetPriorityGrouping
                0x08106f56                HAL_NVIC_GetPriority
                0x08106f82                HAL_NVIC_SetPendingIRQ
                0x08106f9e                HAL_NVIC_GetPendingIRQ
                0x08106fbc                HAL_NVIC_ClearPendingIRQ
                0x08106fd8                HAL_NVIC_GetActive
                0x08106ff6                HAL_SYSTICK_CLKSourceConfig
                0x08107030                HAL_SYSTICK_IRQHandler
                0x0810703c                HAL_SYSTICK_Callback
                0x0810704a                HAL_GetCurrentCPUID
 .text          0x08107070     0x3b34 ../../STM32H7xx_HAL_Driver/Src/stm32h7xx_hal_dma.o
                0x08107070                HAL_DMA_Init
                0x08107724                HAL_DMA_DeInit
                0x08107a90                HAL_DMA_Start
                0x08107cd0                HAL_DMA_Start_IT
                0x081081a4                HAL_DMA_Abort
                0x081087e0                HAL_DMA_Abort_IT
                0x08108c6a                HAL_DMA_PollForTransfer
                0x081093bc                HAL_DMA_IRQHandler
                0x0810a210                HAL_DMA_RegisterCallback
                0x0810a2c4                HAL_DMA_UnRegisterCallback
                0x0810a39e                HAL_DMA_GetState
                0x0810a3ba                HAL_DMA_GetError
 .text          0x0810aba4      0x868 ../../STM32H7xx_HAL_Driver/Src/stm32h7xx_hal_exti.o
                0x0810aba4                HAL_EXTI_SetConfigLine
                0x0810ae60                HAL_EXTI_GetConfigLine
                0x0810b06c                HAL_EXTI_ClearConfigLine
                0x0810b230                HAL_EXTI_RegisterCallback
                0x0810b26e                HAL_EXTI_GetHandle
                0x0810b296                HAL_EXTI_IRQHandler
                0x0810b30a                HAL_EXTI_GetPending
                0x0810b372                HAL_EXTI_ClearPending
                0x0810b3ca                HAL_EXTI_GenerateSWI
 .text          0x0810b40c      0x6a4 ../../STM32H7xx_HAL_Driver/Src/stm32h7xx_hal_gpio.o
                0x0810b40c                HAL_GPIO_Init
                0x0810b76c                HAL_GPIO_DeInit
                0x0810b980                HAL_GPIO_ReadPin
                0x0810b9b0                HAL_GPIO_WritePin
                0x0810b9e2                HAL_GPIO_TogglePin
                0x0810ba16                HAL_GPIO_LockPin
                0x0810ba66                HAL_GPIO_EXTI_IRQHandler
 .text          0x0810bab0      0x1d8 ../../STM32H7xx_HAL_Driver/Src/stm32h7xx_hal_hsem.o
                0x0810bab0                HAL_HSEM_Take
                0x0810baf8                HAL_HSEM_FastTake
                0x0810bb2c                HAL_HSEM_IsSemTaken
                0x0810bb58                HAL_HSEM_Release
                0x0810bb80                HAL_HSEM_ReleaseAll
                0x0810bbac                HAL_HSEM_SetClearKey
                0x0810bbd8                HAL_HSEM_GetClearKey
                0x0810bbf4                HAL_HSEM_ActivateNotification
                0x0810bc18                HAL_HSEM_DeactivateNotification
                0x0810bc40                HAL_HSEM_IRQHandler
                0x0810bc74                HAL_HSEM_FreeCallback
 .text          0x0810bc88     0x5c50 ../../STM32H7xx_HAL_Driver/Src/stm32h7xx_hal_i2c.o
                0x0810bc88                HAL_I2C_Init
                0x0810bdbe                HAL_I2C_DeInit
                0x0810be1c                HAL_I2C_MspInit
                0x0810be30                HAL_I2C_MspDeInit
                0x0810be44                HAL_I2C_Master_Transmit
                0x0810c074                HAL_I2C_Master_Receive
                0x0810c260                HAL_I2C_Slave_Transmit
                0x0810c4fa                HAL_I2C_Slave_Receive
                0x0810c71a                HAL_I2C_Master_Transmit_IT
                0x0810c84c                HAL_I2C_Master_Receive_IT
                0x0810c92c                HAL_I2C_Slave_Transmit_IT
                0x0810ca08                HAL_I2C_Slave_Receive_IT
                0x0810caa8                HAL_I2C_Master_Transmit_DMA
                0x0810ccd0                HAL_I2C_Master_Receive_DMA
                0x0810ceb0                HAL_I2C_Slave_Transmit_DMA
                0x0810d088                HAL_I2C_Slave_Receive_DMA
                0x0810d1f4                HAL_I2C_Mem_Write
                0x0810d41c                HAL_I2C_Mem_Read
                0x0810d650                HAL_I2C_Mem_Write_IT
                0x0810d764                HAL_I2C_Mem_Read_IT
                0x0810d870                HAL_I2C_Mem_Write_DMA
                0x0810da3c                HAL_I2C_Mem_Read_DMA
                0x0810dc08                HAL_I2C_IsDeviceReady
                0x0810de12                HAL_I2C_Master_Seq_Transmit_IT
                0x0810df8c                HAL_I2C_Master_Seq_Transmit_DMA
                0x0810e22a                HAL_I2C_Master_Seq_Receive_IT
                0x0810e330                HAL_I2C_Master_Seq_Receive_DMA
                0x0810e538                HAL_I2C_Slave_Seq_Transmit_IT
                0x0810e69c                HAL_I2C_Slave_Seq_Transmit_DMA
                0x0810e928                HAL_I2C_Slave_Seq_Receive_IT
                0x0810ea8c                HAL_I2C_Slave_Seq_Receive_DMA
                0x0810ed18                HAL_I2C_EnableListen_IT
                0x0810ed58                HAL_I2C_DisableListen_IT
                0x0810edba                HAL_I2C_Master_Abort_IT
                0x0810ee64                HAL_I2C_EV_IRQHandler
                0x0810ee98                HAL_I2C_ER_IRQHandler
                0x0810ef5a                HAL_I2C_MasterTxCpltCallback
                0x0810ef6e                HAL_I2C_MasterRxCpltCallback
                0x0810ef82                HAL_I2C_SlaveTxCpltCallback
                0x0810ef96                HAL_I2C_SlaveRxCpltCallback
                0x0810efaa                HAL_I2C_AddrCallback
                0x0810efc6                HAL_I2C_ListenCpltCallback
                0x0810efda                HAL_I2C_MemTxCpltCallback
                0x0810efee                HAL_I2C_MemRxCpltCallback
                0x0810f002                HAL_I2C_ErrorCallback
                0x0810f016                HAL_I2C_AbortCpltCallback
                0x0810f02a                HAL_I2C_GetState
                0x0810f046                HAL_I2C_GetMode
                0x0810f062                HAL_I2C_GetError
 .text          0x081118d8      0x2c4 ../../STM32H7xx_HAL_Driver/Src/stm32h7xx_hal_i2c_ex.o
                0x081118d8                HAL_I2CEx_ConfigAnalogFilter
                0x0811196e                HAL_I2CEx_ConfigDigitalFilter
                0x08111a06                HAL_I2CEx_EnableWakeUp
                0x08111a8a                HAL_I2CEx_DisableWakeUp
                0x08111b0e                HAL_I2CEx_EnableFastModePlus
                0x08111b54                HAL_I2CEx_DisableFastModePlus
 .text          0x08111b9c      0x37c ../../STM32H7xx_HAL_Driver/Src/stm32h7xx_hal_pwr.o
                0x08111b9c                HAL_PWR_DeInit
                0x08111baa                HAL_PWR_EnableBkUpAccess
                0x08111bc8                HAL_PWR_DisableBkUpAccess
                0x08111be8                HAL_PWR_ConfigPVD
                0x08111c74                HAL_PWR_EnablePVD
                0x08111c94                HAL_PWR_DisablePVD
                0x08111cb4                HAL_PWR_EnableWakeUpPin
                0x08111ce0                HAL_PWR_DisableWakeUpPin
                0x08111d0c                HAL_PWR_EnterSLEEPMode
                0x08111d40                HAL_PWR_EnterSTOPMode
                0x08111dc0                HAL_PWR_EnterSTANDBYMode
                0x08111e28                HAL_PWR_EnableSleepOnExit
                0x08111e48                HAL_PWR_DisableSleepOnExit
                0x08111e68                HAL_PWR_EnableSEVOnPend
                0x08111e88                HAL_PWR_DisableSEVOnPend
                0x08111ea8                HAL_PWR_PVD_IRQHandler
                0x08111f08                HAL_PWR_PVDCallback
 .text          0x08111f18      0xc58 ../../STM32H7xx_HAL_Driver/Src/stm32h7xx_hal_pwr_ex.o
                0x08111f18                HAL_PWREx_ConfigSupply
                0x08111fcc                HAL_PWREx_GetSupplyConfig
                0x08111fe8                HAL_PWREx_ControlVoltageScaling
                0x081120f8                HAL_PWREx_GetVoltageRange
                0x08112114                HAL_PWREx_ControlStopModeVoltageScaling
                0x08112140                HAL_PWREx_GetStopModeVoltageRange
                0x0811215c                HAL_PWREx_EnterSTOPMode
                0x08112250                HAL_PWREx_ClearPendingEvent
                0x0811226a                HAL_PWREx_EnterSTANDBYMode
                0x08112310                HAL_PWREx_ConfigD3Domain
                0x08112338                HAL_PWREx_ClearDomainFlags
                0x08112390                HAL_PWREx_HoldCore
                0x081123f8                HAL_PWREx_ReleaseCore
                0x08112430                HAL_PWREx_EnableFlashPowerDown
                0x08112450                HAL_PWREx_DisableFlashPowerDown
                0x08112470                HAL_PWREx_EnableWakeUpPin
                0x0811257c                HAL_PWREx_DisableWakeUpPin
                0x081125a4                HAL_PWREx_GetWakeupFlag
                0x081125c4                HAL_PWREx_ClearWakeupFlag
                0x081125fc                HAL_PWREx_WAKEUP_PIN_IRQHandler
                0x081126b0                HAL_PWREx_WKUP1_Callback
                0x081126be                HAL_PWREx_WKUP2_Callback
                0x081126cc                HAL_PWREx_WKUP3_Callback
                0x081126da                HAL_PWREx_WKUP4_Callback
                0x081126e8                HAL_PWREx_WKUP5_Callback
                0x081126f6                HAL_PWREx_WKUP6_Callback
                0x08112704                HAL_PWREx_EnableBkUpReg
                0x08112750                HAL_PWREx_DisableBkUpReg
                0x0811279c                HAL_PWREx_EnableUSBReg
                0x081127e8                HAL_PWREx_DisableUSBReg
                0x08112834                HAL_PWREx_EnableUSBVoltageDetector
                0x08112854                HAL_PWREx_DisableUSBVoltageDetector
                0x08112874                HAL_PWREx_EnableBatteryCharging
                0x081128a8                HAL_PWREx_DisableBatteryCharging
                0x081128c8                HAL_PWREx_EnableMonitoring
                0x081128e8                HAL_PWREx_DisableMonitoring
                0x08112908                HAL_PWREx_GetTemperatureLevel
                0x08112950                HAL_PWREx_GetVBATLevel
                0x08112998                HAL_PWREx_ConfigAVD
                0x08112a1c                HAL_PWREx_EnableAVD
                0x08112a3c                HAL_PWREx_DisableAVD
                0x08112a5c                HAL_PWREx_PVD_AVD_IRQHandler
                0x08112b60                HAL_PWREx_AVDCallback
 .text          0x08112b70     0x15d0 ../../STM32H7xx_HAL_Driver/Src/stm32h7xx_hal_rcc.o
                0x08112b70                HAL_RCC_DeInit
                0x08112dc4                HAL_RCC_OscConfig
                0x08113678                HAL_RCC_ClockConfig
                0x081139e4                HAL_RCC_MCOConfig
                0x08113ab8                HAL_RCC_EnableCSS
                0x08113ad8                HAL_RCC_DisableCSS
                0x08113af8                HAL_RCC_GetSysClockFreq
                0x08113dec                HAL_RCC_GetHCLKFreq
                0x08113e50                HAL_RCC_GetPCLK1Freq
                0x08113e7c                HAL_RCC_GetPCLK2Freq
                0x08113ea8                HAL_RCC_GetOscConfig
                0x08114084                HAL_RCC_GetClockConfig
                0x08114108                HAL_RCC_NMI_IRQHandler
                0x08114130                HAL_RCC_CSSCallback
 .text          0x08114140     0x3230 ../../STM32H7xx_HAL_Driver/Src/stm32h7xx_hal_rcc_ex.o
                0x08114140                HAL_RCCEx_PeriphCLKConfig
                0x08115554                HAL_RCCEx_GetPeriphCLKConfig
                0x08115878                HAL_RCCEx_GetPeriphCLKFreq
                0x08116378                HAL_RCCEx_GetD1PCLK1Freq
                0x081163a4                HAL_RCCEx_GetD3PCLK1Freq
                0x081163d0                HAL_RCCEx_GetPLL2ClockFreq
                0x08116678                HAL_RCCEx_GetPLL3ClockFreq
                0x08116920                HAL_RCCEx_GetPLL1ClockFreq
                0x08116bc4                HAL_RCCEx_GetD1SysClockFreq
                0x08116c24                HAL_RCCEx_EnableLSECSS
                0x08116c44                HAL_RCCEx_DisableLSECSS
                0x08116c70                HAL_RCCEx_EnableLSECSS_IT
                0x08116cc0                HAL_RCCEx_WakeUpStopCLKConfig
                0x08116ce8                HAL_RCCEx_KerWakeUpStopCLKConfig
                0x08116d10                HAL_RCCEx_EnableBootCore
                0x08116d38                HAL_RCCEx_WWDGxSysResetConfig
                0x08116d60                HAL_RCCEx_CRSConfig
                0x08116e0c                HAL_RCCEx_CRSSoftwareSynchronizationGenerate
                0x08116e2c                HAL_RCCEx_CRSGetSynchronizationInfo
                0x08116e74                HAL_RCCEx_CRSWaitSynchronization
                0x08116f58                HAL_RCCEx_CRS_IRQHandler
                0x08117034                HAL_RCCEx_CRS_SyncOkCallback
                0x08117042                HAL_RCCEx_CRS_SyncWarnCallback
                0x08117050                HAL_RCCEx_CRS_ExpectedSyncCallback
                0x0811705e                HAL_RCCEx_CRS_ErrorCallback
                0x08117338                HAL_RCCEx_LSECSS_IRQHandler
                0x08117360                HAL_RCCEx_LSECSS_Callback
 .text          0x08117370     0x48c0 ../../STM32H7xx_HAL_Driver/Src/stm32h7xx_hal_uart.o
                0x08117370                HAL_UART_Init
                0x08117410                HAL_HalfDuplex_Init
                0x081174c0                HAL_LIN_Init
                0x081175a0                HAL_MultiProcessor_Init
                0x08117678                HAL_UART_DeInit
                0x081176f6                HAL_UART_MspInit
                0x0811770a                HAL_UART_MspDeInit
                0x0811771e                HAL_UART_Transmit
                0x0811783a                HAL_UART_Receive
                0x081179ca                HAL_UART_Transmit_IT
                0x08117af4                HAL_UART_Receive_IT
                0x08117b8c                HAL_UART_Transmit_DMA
                0x08117c8c                HAL_UART_Receive_DMA
                0x08117d24                HAL_UART_DMAPause
                0x08117e40                HAL_UART_DMAResume
                0x08117f48                HAL_UART_DMAStop
                0x08118074                HAL_UART_Abort
                0x0811828e                HAL_UART_AbortTransmit
                0x081183ae                HAL_UART_AbortReceive
                0x08118518                HAL_UART_Abort_IT
                0x08118790                HAL_UART_AbortTransmit_IT
                0x081188d4                HAL_UART_AbortReceive_IT
                0x08118a70                HAL_UART_IRQHandler
                0x0811921c                HAL_UART_TxCpltCallback
                0x08119230                HAL_UART_TxHalfCpltCallback
                0x08119258                HAL_UART_RxHalfCpltCallback
                0x08119280                HAL_UART_AbortCpltCallback
                0x08119294                HAL_UART_AbortTransmitCpltCallback
                0x081192a8                HAL_UART_AbortReceiveCpltCallback
                0x081192bc                HAL_UARTEx_RxEventCallback
                0x081192d4                HAL_UART_ReceiverTimeout_Config
                0x0811930c                HAL_UART_EnableReceiverTimeout
                0x08119380                HAL_UART_DisableReceiverTimeout
                0x081193f4                HAL_MultiProcessor_EnableMuteMode
                0x08119464                HAL_MultiProcessor_DisableMuteMode
                0x081194d4                HAL_MultiProcessor_EnterMuteMode
                0x081194f8                HAL_HalfDuplex_EnableTransmitter
                0x081195a0                HAL_HalfDuplex_EnableReceiver
                0x08119648                HAL_LIN_SendBreak
                0x0811969c                HAL_UART_GetState
                0x081196c6                HAL_UART_GetError
                0x081196e0                UART_SetConfig
                0x0811a1b0                UART_AdvFeatureConfig
                0x0811a2f4                UART_CheckIdleState
                0x0811a448                UART_WaitOnFlagUntilTimeout
                0x0811a522                UART_Start_Receive_IT
                0x0811a764                UART_Start_Receive_DMA
 .text          0x0811bc30      0x914 ../../STM32H7xx_HAL_Driver/Src/stm32h7xx_hal_uart_ex.o
                0x0811bc30                HAL_RS485Ex_Init
                0x0811bd02                HAL_UARTEx_WakeupCallback
                0x0811bd16                HAL_UARTEx_RxFifoFullCallback
                0x0811bd2a                HAL_UARTEx_TxFifoEmptyCallback
                0x0811bd3e                HAL_MultiProcessorEx_AddressLength_Set
                0x0811bd9e                HAL_UARTEx_StopModeWakeUpSourceConfig
                0x0811be54                HAL_UARTEx_EnableStopMode
                0x0811beba                HAL_UARTEx_DisableStopMode
                0x0811bf20                HAL_UARTEx_EnableFifoMode
                0x0811bf96                HAL_UARTEx_DisableFifoMode
                0x0811c008                HAL_UARTEx_SetTxFifoThreshold
                0x0811c084                HAL_UARTEx_SetRxFifoThreshold
                0x0811c100                HAL_UARTEx_ReceiveToIdle
                0x0811c304                HAL_UARTEx_ReceiveToIdle_IT
                0x0811c3a4                HAL_UARTEx_ReceiveToIdle_DMA
                0x0811c44c                HAL_UARTEx_GetRxEventType
 .text          0x0811c544      0x6e0 ../../STM32H7xx_HAL_Driver/Src/stm32h7xx_nucleo.o
                0x0811c544                BSP_GetVersion
                0x0811c558                BSP_LED_Init
                0x0811c644                BSP_LED_DeInit
                0x0811c6b4                BSP_LED_On
                0x0811c708                BSP_LED_Off
                0x0811c75c                BSP_LED_Toggle
                0x0811c7b0                BSP_LED_GetState
                0x0811c804                BSP_PB_Init
                0x0811c8e8                BSP_PB_DeInit
                0x0811c920                BSP_PB_GetState
                0x0811c94c                BSP_PB_IRQHandler
                0x0811c970                BSP_PB_Callback
                0x0811c986                BSP_COM_Init
                0x0811c9e4                BSP_COM_DeInit
                0x0811ca58                MX_USART3_Init
                0x0811cabc                BSP_COM_SelectLogPort
                0x0811cae8                __io_putchar
 .text          0x0811cc24      0x1a8 ../port/exception_handlers.o
                0x0811cc24                NMI_Handler
                0x0811cc30                HardFault_Handler
                0x0811cd5c                MemManage_Handler
                0x0811cd80                BusFault_Handler
                0x0811cda4                UsageFault_Handler
                0x0811cdbc                DebugMon_Handler
                0x0811cdc4                Default_Handler
 .text          0x0811cdcc      0x1c0 ../port/main.o
                0x0811cdcc                configureTimerForRunTimeStats
                0x0811cde4                getRunTimeCounterValue
                0x0811cdf2                Error_Handler
                0x0811ce08                BoardStartUp
                0x0811ce40                main
 .text          0x0811cf8c      0x130 ../port/portFunctions.o
                0x0811cf8c                memcpy
                0x0811cfcc                strcpy
                0x0811d008                strlen
                0x0811d038                HSEM2_IRQHandler
                0x0811d044                SysTick_Handler
                0x0811d05e                snprintf
 .text          0x0811d0bc       0x60 ../port/start.o
                0x0811d0bc                start
 .text.atan2f   0x0811d11c        0x4 C:/ST/STM32CubeCLT_1.21.0/GNU-tools-for-STM32/bin/../lib/gcc/arm-none-eabi/14.3.1/../../../../arm-none-eabi/lib/thumb/v7e-m+fp/hard\libm.a(libm_a-wf_atan2.o)
                0x0811d11c                atan2f
 .text.sqrtf    0x0811d120       0x44 C:/ST/STM32CubeCLT_1.21.0/GNU-tools-for-STM32/bin/../lib/gcc/arm-none-eabi/14.3.1/../../../../arm-none-eabi/lib/thumb/v7e-m+fp/hard\libm.a(libm_a-wf_sqrt.o)
                0x0811d120                sqrtf
 .text.__ieee754_sqrtf
                0x0811d164        0x8 C:/ST/STM32CubeCLT_1.21.0/GNU-tools-for-STM32/bin/../lib/gcc/arm-none-eabi/14.3.1/../../../../arm-none-eabi/lib/thumb/v7e-m+fp/hard\libm.a(libm_a-ef_sqrt.o)
                0x0811d164                __ieee754_sqrtf
 .text.__ieee754_atan2f
                0x0811d16c      0x14c C:/ST/STM32CubeCLT_1.21.0/GNU-tools-for-STM32/bin/../lib/gcc/arm-none-eabi/14.3.1/../../../../arm-none-eabi/lib/thumb/v7e-m+fp/hard\libm.a(libm_a-ef_atan2.o)
                0x0811d16c                __ieee754_atan2f
 .text.atanf    0x0811d2b8      0x1a4 C:/ST/STM32CubeCLT_1.21.0/GNU-tools-for-STM32/bin/../lib/gcc/arm-none-eabi/14.3.1/../../../../arm-none-eabi/lib/thumb/v7e-m+fp/hard\libm.a(libm_a-sf_atan.o)
                0x0811d2b8                atanf
 .text.fabsf    0x0811d45c       0x10 C:/ST/STM32CubeCLT_1.21.0/GNU-tools-for-STM32/bin/../lib/gcc/arm-none-eabi/14.3.1/../../../../arm-none-eabi/lib/thumb/v7e-m+fp/hard\libm.a(libm_a-sf_fabs.o)
                0x0811d45c                fabsf
 .text.stdio_exit_handler
                0x0811d46c       0x18 C:/ST/STM32CubeCLT_1.21.0/GNU-tools-for-STM32/bin/../lib/gcc/arm-none-eabi/14.3.1/../../../../arm-none-eabi/lib/thumb/v7e-m+fp/hard\libc.a(libc_a-findfp.o)
 .text.cleanup_stdio
                0x0811d484       0x40 C:/ST/STM32CubeCLT_1.21.0/GNU-tools-for-STM32/bin/../lib/gcc/arm-none-eabi/14.3.1/../../../../arm-none-eabi/lib/thumb/v7e-m+fp/hard\libc.a(libc_a-findfp.o)
 .text.global_stdio_init.part.0
                0x0811d4c4       0xf0 C:/ST/STM32CubeCLT_1.21.0/GNU-tools-for-STM32/bin/../lib/gcc/arm-none-eabi/14.3.1/../../../../arm-none-eabi/lib/thumb/v7e-m+fp/hard\libc.a(libc_a-findfp.o)
 .text.__sinit  0x0811d5b4       0x3c C:/ST/STM32CubeCLT_1.21.0/GNU-tools-for-STM32/bin/../lib/gcc/arm-none-eabi/14.3.1/../../../../arm-none-eabi/lib/thumb/v7e-m+fp/hard\libc.a(libc_a-findfp.o)
                0x0811d5b4                __sinit
 .text.__sfp_lock_acquire
                0x0811d5f0        0xc C:/ST/STM32CubeCLT_1.21.0/GNU-tools-for-STM32/bin/../lib/gcc/arm-none-eabi/14.3.1/../../../../arm-none-eabi/lib/thumb/v7e-m+fp/hard\libc.a(libc_a-findfp.o)
                0x0811d5f0                __sfp_lock_acquire
 .text.__sfp_lock_release
                0x0811d5fc        0xc C:/ST/STM32CubeCLT_1.21.0/GNU-tools-for-STM32/bin/../lib/gcc/arm-none-eabi/14.3.1/../../../../arm-none-eabi/lib/thumb/v7e-m+fp/hard\libc.a(libc_a-findfp.o)
                0x0811d5fc                __sfp_lock_release
 .text._fwalk_sglue
                0x0811d608       0x44 C:/ST/STM32CubeCLT_1.21.0/GNU-tools-for-STM32/bin/../lib/gcc/arm-none-eabi/14.3.1/../../../../arm-none-eabi/lib/thumb/v7e-m+fp/hard\libc.a(libc_a-fwalk.o)
                0x0811d608                _fwalk_sglue
 .text.sprintf  0x0811d64c       0x44 C:/ST/STM32CubeCLT_1.21.0/GNU-tools-for-STM32/bin/../lib/gcc/arm-none-eabi/14.3.1/../../../../arm-none-eabi/lib/thumb/v7e-m+fp/hard\libc.a(libc_a-sprintf.o)
                0x0811d64c                sprintf
 .text.__sread  0x0811d690       0x24 C:/ST/STM32CubeCLT_1.21.0/GNU-tools-for-STM32/bin/../lib/gcc/arm-none-eabi/14.3.1/../../../../arm-none-eabi/lib/thumb/v7e-m+fp/hard\libc.a(libc_a-stdio.o)
                0x0811d690                __sread
 .text.__swrite
                0x0811d6b4       0x40 C:/ST/STM32CubeCLT_1.21.0/GNU-tools-for-STM32/bin/../lib/gcc/arm-none-eabi/14.3.1/../../../../arm-none-eabi/lib/thumb/v7e-m+fp/hard\libc.a(libc_a-stdio.o)
                0x0811d6b4                __swrite
 .text.__sseek  0x0811d6f4       0x24 C:/ST/STM32CubeCLT_1.21.0/GNU-tools-for-STM32/bin/../lib/gcc/arm-none-eabi/14.3.1/../../../../arm-none-eabi/lib/thumb/v7e-m+fp/hard\libc.a(libc_a-stdio.o)
                0x0811d6f4                __sseek
 .text.__sclose
                0x0811d718        0x8 C:/ST/STM32CubeCLT_1.21.0/GNU-tools-for-STM32/bin/../lib/gcc/arm-none-eabi/14.3.1/../../../../arm-none-eabi/lib/thumb/v7e-m+fp/hard\libc.a(libc_a-stdio.o)
                0x0811d718                __sclose
 .text.memset   0x0811d720       0x9c C:/ST/STM32CubeCLT_1.21.0/GNU-tools-for-STM32/bin/../lib/gcc/arm-none-eabi/14.3.1/../../../../arm-none-eabi/lib/thumb/v7e-m+fp/hard\libc.a(libc_a-memset.o)
                0x0811d720                memset
 .text._close_r
                0x0811d7bc       0x24 C:/ST/STM32CubeCLT_1.21.0/GNU-tools-for-STM32/bin/../lib/gcc/arm-none-eabi/14.3.1/../../../../arm-none-eabi/lib/thumb/v7e-m+fp/hard\libc.a(libc_a-closer.o)
                0x0811d7bc                _close_r
 .text._lseek_r
                0x0811d7e0       0x2c C:/ST/STM32CubeCLT_1.21.0/GNU-tools-for-STM32/bin/../lib/gcc/arm-none-eabi/14.3.1/../../../../arm-none-eabi/lib/thumb/v7e-m+fp/hard\libc.a(libc_a-lseekr.o)
                0x0811d7e0                _lseek_r
 .text._read_r  0x0811d80c       0x2c C:/ST/STM32CubeCLT_1.21.0/GNU-tools-for-STM32/bin/../lib/gcc/arm-none-eabi/14.3.1/../../../../arm-none-eabi/lib/thumb/v7e-m+fp/hard\libc.a(libc_a-readr.o)
                0x0811d80c                _read_r
 .text._write_r
                0x0811d838       0x2c C:/ST/STM32CubeCLT_1.21.0/GNU-tools-for-STM32/bin/../lib/gcc/arm-none-eabi/14.3.1/../../../../arm-none-eabi/lib/thumb/v7e-m+fp/hard\libc.a(libc_a-writer.o)
                0x0811d838                _write_r
 .text.__errno  0x0811d864        0xc C:/ST/STM32CubeCLT_1.21.0/GNU-tools-for-STM32/bin/../lib/gcc/arm-none-eabi/14.3.1/../../../../arm-none-eabi/lib/thumb/v7e-m+fp/hard\libc.a(libc_a-errno.o)
                0x0811d864                __errno
 .text.__retarget_lock_init_recursive
                0x0811d870        0x4 C:/ST/STM32CubeCLT_1.21.0/GNU-tools-for-STM32/bin/../lib/gcc/arm-none-eabi/14.3.1/../../../../arm-none-eabi/lib/thumb/v7e-m+fp/hard\libc.a(libc_a-lock.o)
                0x0811d870                __retarget_lock_init_recursive
 .text.__retarget_lock_close_recursive
                0x0811d874        0x4 C:/ST/STM32CubeCLT_1.21.0/GNU-tools-for-STM32/bin/../lib/gcc/arm-none-eabi/14.3.1/../../../../arm-none-eabi/lib/thumb/v7e-m+fp/hard\libc.a(libc_a-lock.o)
                0x0811d874                __retarget_lock_close_recursive
 .text.__retarget_lock_acquire_recursive
                0x0811d878        0x4 C:/ST/STM32CubeCLT_1.21.0/GNU-tools-for-STM32/bin/../lib/gcc/arm-none-eabi/14.3.1/../../../../arm-none-eabi/lib/thumb/v7e-m+fp/hard\libc.a(libc_a-lock.o)
                0x0811d878                __retarget_lock_acquire_recursive
 .text.__retarget_lock_release_recursive
                0x0811d87c        0x4 C:/ST/STM32CubeCLT_1.21.0/GNU-tools-for-STM32/bin/../lib/gcc/arm-none-eabi/14.3.1/../../../../arm-none-eabi/lib/thumb/v7e-m+fp/hard\libc.a(libc_a-lock.o)
                0x0811d87c                __retarget_lock_release_recursive
 .text._malloc_trim_r
                0x0811d880       0xb8 C:/ST/STM32CubeCLT_1.21.0/GNU-tools-for-STM32/bin/../lib/gcc/arm-none-eabi/14.3.1/../../../../arm-none-eabi/lib/thumb/v7e-m+fp/hard\libc.a(libc_a-freer.o)
                0x0811d880                _malloc_trim_r
 .text._free_r  0x0811d938      0x1f0 C:/ST/STM32CubeCLT_1.21.0/GNU-tools-for-STM32/bin/../lib/gcc/arm-none-eabi/14.3.1/../../../../arm-none-eabi/lib/thumb/v7e-m+fp/hard\libc.a(libc_a-freer.o)
                0x0811d938                _free_r
 .text._malloc_r
                0x0811db28      0x598 C:/ST/STM32CubeCLT_1.21.0/GNU-tools-for-STM32/bin/../lib/gcc/arm-none-eabi/14.3.1/../../../../arm-none-eabi/lib/thumb/v7e-m+fp/hard\libc.a(libc_a-mallocr.o)
                0x0811db28                _malloc_r
 .text.__malloc_lock
                0x0811e0c0        0xc C:/ST/STM32CubeCLT_1.21.0/GNU-tools-for-STM32/bin/../lib/gcc/arm-none-eabi/14.3.1/../../../../arm-none-eabi/lib/thumb/v7e-m+fp/hard\libc.a(libc_a-mlock.o)
                0x0811e0c0                __malloc_lock
 .text.__malloc_unlock
                0x0811e0cc        0xc C:/ST/STM32CubeCLT_1.21.0/GNU-tools-for-STM32/bin/../lib/gcc/arm-none-eabi/14.3.1/../../../../arm-none-eabi/lib/thumb/v7e-m+fp/hard\libc.a(libc_a-mlock.o)
                0x0811e0cc                __malloc_unlock
 .text._svfprintf_r
                0x0811e0d8     0x2074 C:/ST/STM32CubeCLT_1.21.0/GNU-tools-for-STM32/bin/../lib/gcc/arm-none-eabi/14.3.1/../../../../arm-none-eabi/lib/thumb/v7e-m+fp/hard\libc.a(libc_a-svfprintf.o)
                0x0811e0d8                _svfprintf_r
 .text.__ssprint_r
                0x0812014c       0x58 C:/ST/STM32CubeCLT_1.21.0/GNU-tools-for-STM32/bin/../lib/gcc/arm-none-eabi/14.3.1/../../../../arm-none-eabi/lib/thumb/v7e-m+fp/hard\libc.a(libc_a-ssprint_r.o)
                0x0812014c                __ssprint_r
 .text._fclose_r
                0x081201a4       0xc0 C:/ST/STM32CubeCLT_1.21.0/GNU-tools-for-STM32/bin/../lib/gcc/arm-none-eabi/14.3.1/../../../../arm-none-eabi/lib/thumb/v7e-m+fp/hard\libc.a(libc_a-fclose.o)
                0x081201a4                _fclose_r
 .text.__sflush_r
                0x08120264      0x138 C:/ST/STM32CubeCLT_1.21.0/GNU-tools-for-STM32/bin/../lib/gcc/arm-none-eabi/14.3.1/../../../../arm-none-eabi/lib/thumb/v7e-m+fp/hard\libc.a(libc_a-fflush.o)
                0x08120264                __sflush_r
 .text._fflush_r
                0x0812039c       0x54 C:/ST/STM32CubeCLT_1.21.0/GNU-tools-for-STM32/bin/../lib/gcc/arm-none-eabi/14.3.1/../../../../arm-none-eabi/lib/thumb/v7e-m+fp/hard\libc.a(libc_a-fflush.o)
                0x0812039c                _fflush_r
 .text.strncpy  0x081203f0       0x68 C:/ST/STM32CubeCLT_1.21.0/GNU-tools-for-STM32/bin/../lib/gcc/arm-none-eabi/14.3.1/../../../../arm-none-eabi/lib/thumb/v7e-m+fp/hard\libc.a(libc_a-strncpy.o)
                0x081203f0                strncpy
 .text._localeconv_r
                0x08120458        0x8 C:/ST/STM32CubeCLT_1.21.0/GNU-tools-for-STM32/bin/../lib/gcc/arm-none-eabi/14.3.1/../../../../arm-none-eabi/lib/thumb/v7e-m+fp/hard\libc.a(libc_a-localeconv.o)
                0x08120458                _localeconv_r
 .text._sbrk_r  0x08120460       0x24 C:/ST/STM32CubeCLT_1.21.0/GNU-tools-for-STM32/bin/../lib/gcc/arm-none-eabi/14.3.1/../../../../arm-none-eabi/lib/thumb/v7e-m+fp/hard\libc.a(libc_a-sbrkr.o)
                0x08120460                _sbrk_r
 .text.sysconf  0x08120484       0x1c C:/ST/STM32CubeCLT_1.21.0/GNU-tools-for-STM32/bin/../lib/gcc/arm-none-eabi/14.3.1/../../../../arm-none-eabi/lib/thumb/v7e-m+fp/hard\libc.a(libc_a-sysconf.o)
                0x08120484                sysconf
 .text          0x081204a0       0xa0 C:/ST/STM32CubeCLT_1.21.0/GNU-tools-for-STM32/bin/../lib/gcc/arm-none-eabi/14.3.1/../../../../arm-none-eabi/lib/thumb/v7e-m+fp/hard\libc.a(libc_a-memchr.o)
                0x081204a0                memchr
 .text.frexp    0x08120540       0x64 C:/ST/STM32CubeCLT_1.21.0/GNU-tools-for-STM32/bin/../lib/gcc/arm-none-eabi/14.3.1/../../../../arm-none-eabi/lib/thumb/v7e-m+fp/hard\libc.a(libm_a-s_frexp.o)
                0x08120540                frexp
 .text.quorem   0x081205a4      0x12c C:/ST/STM32CubeCLT_1.21.0/GNU-tools-for-STM32/bin/../lib/gcc/arm-none-eabi/14.3.1/../../../../arm-none-eabi/lib/thumb/v7e-m+fp/hard\libc.a(libc_a-dtoa.o)
 .text._dtoa_r  0x081206d0     0x1030 C:/ST/STM32CubeCLT_1.21.0/GNU-tools-for-STM32/bin/../lib/gcc/arm-none-eabi/14.3.1/../../../../arm-none-eabi/lib/thumb/v7e-m+fp/hard\libc.a(libc_a-dtoa.o)
                0x081206d0                _dtoa_r
 .text._Balloc  0x08121700       0x4c C:/ST/STM32CubeCLT_1.21.0/GNU-tools-for-STM32/bin/../lib/gcc/arm-none-eabi/14.3.1/../../../../arm-none-eabi/lib/thumb/v7e-m+fp/hard\libc.a(libc_a-mprec.o)
                0x08121700                _Balloc
 .text._Bfree   0x0812174c       0x14 C:/ST/STM32CubeCLT_1.21.0/GNU-tools-for-STM32/bin/../lib/gcc/arm-none-eabi/14.3.1/../../../../arm-none-eabi/lib/thumb/v7e-m+fp/hard\libc.a(libc_a-mprec.o)
                0x0812174c                _Bfree
 .text.__multadd
                0x08121760       0xa0 C:/ST/STM32CubeCLT_1.21.0/GNU-tools-for-STM32/bin/../lib/gcc/arm-none-eabi/14.3.1/../../../../arm-none-eabi/lib/thumb/v7e-m+fp/hard\libc.a(libc_a-mprec.o)
                0x08121760                __multadd
 .text.__hi0bits
                0x08121800       0x54 C:/ST/STM32CubeCLT_1.21.0/GNU-tools-for-STM32/bin/../lib/gcc/arm-none-eabi/14.3.1/../../../../arm-none-eabi/lib/thumb/v7e-m+fp/hard\libc.a(libc_a-mprec.o)
                0x08121800                __hi0bits
 .text.__lo0bits
                0x08121854       0x80 C:/ST/STM32CubeCLT_1.21.0/GNU-tools-for-STM32/bin/../lib/gcc/arm-none-eabi/14.3.1/../../../../arm-none-eabi/lib/thumb/v7e-m+fp/hard\libc.a(libc_a-mprec.o)
                0x08121854                __lo0bits
 .text.__i2b    0x081218d4       0x5c C:/ST/STM32CubeCLT_1.21.0/GNU-tools-for-STM32/bin/../lib/gcc/arm-none-eabi/14.3.1/../../../../arm-none-eabi/lib/thumb/v7e-m+fp/hard\libc.a(libc_a-mprec.o)
                0x081218d4                __i2b
 .text.__multiply
                0x08121930      0x16c C:/ST/STM32CubeCLT_1.21.0/GNU-tools-for-STM32/bin/../lib/gcc/arm-none-eabi/14.3.1/../../../../arm-none-eabi/lib/thumb/v7e-m+fp/hard\libc.a(libc_a-mprec.o)
                0x08121930                __multiply
 .text.__pow5mult
                0x08121a9c       0xc0 C:/ST/STM32CubeCLT_1.21.0/GNU-tools-for-STM32/bin/../lib/gcc/arm-none-eabi/14.3.1/../../../../arm-none-eabi/lib/thumb/v7e-m+fp/hard\libc.a(libc_a-mprec.o)
                0x08121a9c                __pow5mult
 .text.__lshift
                0x08121b5c       0xe8 C:/ST/STM32CubeCLT_1.21.0/GNU-tools-for-STM32/bin/../lib/gcc/arm-none-eabi/14.3.1/../../../../arm-none-eabi/lib/thumb/v7e-m+fp/hard\libc.a(libc_a-mprec.o)
                0x08121b5c                __lshift
 .text.__mcmp   0x08121c44       0x44 C:/ST/STM32CubeCLT_1.21.0/GNU-tools-for-STM32/bin/../lib/gcc/arm-none-eabi/14.3.1/../../../../arm-none-eabi/lib/thumb/v7e-m+fp/hard\libc.a(libc_a-mprec.o)
                0x08121c44                __mcmp
 .text.__mdiff  0x08121c88      0x174 C:/ST/STM32CubeCLT_1.21.0/GNU-tools-for-STM32/bin/../lib/gcc/arm-none-eabi/14.3.1/../../../../arm-none-eabi/lib/thumb/v7e-m+fp/hard\libc.a(libc_a-mprec.o)
                0x08121c88                __mdiff
 .text.__d2b    0x08121dfc       0xbc C:/ST/STM32CubeCLT_1.21.0/GNU-tools-for-STM32/bin/../lib/gcc/arm-none-eabi/14.3.1/../../../../arm-none-eabi/lib/thumb/v7e-m+fp/hard\libc.a(libc_a-mprec.o)
                0x08121dfc                __d2b
 .text.__ssputs_r
                0x08121eb8       0xc0 C:/ST/STM32CubeCLT_1.21.0/GNU-tools-for-STM32/bin/../lib/gcc/arm-none-eabi/14.3.1/../../../../arm-none-eabi/lib/thumb/v7e-m+fp/hard\libc.a(libc_a-ssputs_r.o)
                0x08121eb8                __ssputs_r
 .text.memmove  0x08121f78      0x130 C:/ST/STM32CubeCLT_1.21.0/GNU-tools-for-STM32/bin/../lib/gcc/arm-none-eabi/14.3.1/../../../../arm-none-eabi/lib/thumb/v7e-m+fp/hard\libc.a(libc_a-memmove.o)
                0x08121f78                memmove
 .text.__assert_func
                0x081220a8       0x40 C:/ST/STM32CubeCLT_1.21.0/GNU-tools-for-STM32/bin/../lib/gcc/arm-none-eabi/14.3.1/../../../../arm-none-eabi/lib/thumb/v7e-m+fp/hard\libc.a(libc_a-assert.o)
                0x081220a8                __assert_func
 .text._calloc_r
                0x081220e8       0x6c C:/ST/STM32CubeCLT_1.21.0/GNU-tools-for-STM32/bin/../lib/gcc/arm-none-eabi/14.3.1/../../../../arm-none-eabi/lib/thumb/v7e-m+fp/hard\libc.a(libc_a-callocr.o)
                0x081220e8                _calloc_r
 .text.__ascii_mbtowc
                0x08122154       0x2c C:/ST/STM32CubeCLT_1.21.0/GNU-tools-for-STM32/bin/../lib/gcc/arm-none-eabi/14.3.1/../../../../arm-none-eabi/lib/thumb/v7e-m+fp/hard\libc.a(libc_a-mbtowc_r.o)
                0x08122154                __ascii_mbtowc
 .text._realloc_r
                0x08122180      0x348 C:/ST/STM32CubeCLT_1.21.0/GNU-tools-for-STM32/bin/../lib/gcc/arm-none-eabi/14.3.1/../../../../arm-none-eabi/lib/thumb/v7e-m+fp/hard\libc.a(libc_a-reallocr.o)
                0x08122180                _realloc_r
 .text.__ascii_wctomb
                0x081224c8       0x1c C:/ST/STM32CubeCLT_1.21.0/GNU-tools-for-STM32/bin/../lib/gcc/arm-none-eabi/14.3.1/../../../../arm-none-eabi/lib/thumb/v7e-m+fp/hard\libc.a(libc_a-wctomb_r.o)
                0x081224c8                __ascii_wctomb
 .text.fiprintf
                0x081224e4       0x28 C:/ST/STM32CubeCLT_1.21.0/GNU-tools-for-STM32/bin/../lib/gcc/arm-none-eabi/14.3.1/../../../../arm-none-eabi/lib/thumb/v7e-m+fp/hard\libc.a(libc_a-fiprintf.o)
                0x081224e4                fiprintf
 .text._vfiprintf_r
                0x0812250c      0xff4 C:/ST/STM32CubeCLT_1.21.0/GNU-tools-for-STM32/bin/../lib/gcc/arm-none-eabi/14.3.1/../../../../arm-none-eabi/lib/thumb/v7e-m+fp/hard\libc.a(libc_a-vfiprintf.o)
                0x0812250c                _vfiprintf_r
 .text.__sbprintf
                0x08123500       0x84 C:/ST/STM32CubeCLT_1.21.0/GNU-tools-for-STM32/bin/../lib/gcc/arm-none-eabi/14.3.1/../../../../arm-none-eabi/lib/thumb/v7e-m+fp/hard\libc.a(libc_a-vfiprintf.o)
 .text.__sprint_r
                0x08123584       0x20 C:/ST/STM32CubeCLT_1.21.0/GNU-tools-for-STM32/bin/../lib/gcc/arm-none-eabi/14.3.1/../../../../arm-none-eabi/lib/thumb/v7e-m+fp/hard\libc.a(libc_a-sprint_r.o)
                0x08123584                __sprint_r
 .text.__sfvwrite_r
                0x081235a4      0x2ec C:/ST/STM32CubeCLT_1.21.0/GNU-tools-for-STM32/bin/../lib/gcc/arm-none-eabi/14.3.1/../../../../arm-none-eabi/lib/thumb/v7e-m+fp/hard\libc.a(libc_a-fvwrite.o)
                0x081235a4                __sfvwrite_r
 .text.__swsetup_r
                0x08123890       0xfc C:/ST/STM32CubeCLT_1.21.0/GNU-tools-for-STM32/bin/../lib/gcc/arm-none-eabi/14.3.1/../../../../arm-none-eabi/lib/thumb/v7e-m+fp/hard\libc.a(libc_a-wsetup.o)
                0x08123890                __swsetup_r
 .text.abort    0x0812398c       0x10 C:/ST/STM32CubeCLT_1.21.0/GNU-tools-for-STM32/bin/../lib/gcc/arm-none-eabi/14.3.1/../../../../arm-none-eabi/lib/thumb/v7e-m+fp/hard\libc.a(libc_a-abort.o)
                0x0812398c                abort
 .text.__smakebuf_r
                0x0812399c       0xd0 C:/ST/STM32CubeCLT_1.21.0/GNU-tools-for-STM32/bin/../lib/gcc/arm-none-eabi/14.3.1/../../../../arm-none-eabi/lib/thumb/v7e-m+fp/hard\libc.a(libc_a-makebuf.o)
                0x0812399c                __smakebuf_r
 .text.raise    0x08123a6c       0x58 C:/ST/STM32CubeCLT_1.21.0/GNU-tools-for-STM32/bin/../lib/gcc/arm-none-eabi/14.3.1/../../../../arm-none-eabi/lib/thumb/v7e-m+fp/hard\libc.a(libc_a-signal.o)
                0x08123a6c                raise
 .text._fstat_r
                0x08123ac4       0x2c C:/ST/STM32CubeCLT_1.21.0/GNU-tools-for-STM32/bin/../lib/gcc/arm-none-eabi/14.3.1/../../../../arm-none-eabi/lib/thumb/v7e-m+fp/hard\libc.a(libc_a-fstatr.o)
                0x08123ac4                _fstat_r
 .text._isatty_r
                0x08123af0       0x24 C:/ST/STM32CubeCLT_1.21.0/GNU-tools-for-STM32/bin/../lib/gcc/arm-none-eabi/14.3.1/../../../../arm-none-eabi/lib/thumb/v7e-m+fp/hard\libc.a(libc_a-isattyr.o)
                0x08123af0                _isatty_r
 .text._kill_r  0x08123b14       0x2c C:/ST/STM32CubeCLT_1.21.0/GNU-tools-for-STM32/bin/../lib/gcc/arm-none-eabi/14.3.1/../../../../arm-none-eabi/lib/thumb/v7e-m+fp/hard\libc.a(libc_a-signalr.o)
                0x08123b14                _kill_r
 .text._getpid_r
                0x08123b40        0x4 C:/ST/STM32CubeCLT_1.21.0/GNU-tools-for-STM32/bin/../lib/gcc/arm-none-eabi/14.3.1/../../../../arm-none-eabi/lib/thumb/v7e-m+fp/hard\libc.a(libc_a-signalr.o)
                0x08123b40                _getpid_r
 .text          0x08123b44      0x378 C:/ST/STM32CubeCLT_1.21.0/GNU-tools-for-STM32/bin/../lib/gcc/arm-none-eabi/14.3.1/thumb/v7e-m+fp/hard\libgcc.a(_arm_addsubdf3.o)
                0x08123b44                __aeabi_drsub
                0x08123b4c                __aeabi_dsub
                0x08123b4c                __subdf3
                0x08123b50                __aeabi_dadd
                0x08123b50                __adddf3
                0x08123dc8                __floatunsidf
                0x08123dc8                __aeabi_ui2d
                0x08123de8                __floatsidf
                0x08123de8                __aeabi_i2d
                0x08123e0c                __aeabi_f2d
                0x08123e0c                __extendsfdf2
                0x08123e50                __floatundidf
                0x08123e50                __aeabi_ul2d
                0x08123e60                __floatdidf
                0x08123e60                __aeabi_l2d
 .text          0x08123ebc      0x424 C:/ST/STM32CubeCLT_1.21.0/GNU-tools-for-STM32/bin/../lib/gcc/arm-none-eabi/14.3.1/thumb/v7e-m+fp/hard\libgcc.a(_arm_muldivdf3.o)
                0x08123ebc                __aeabi_dmul
                0x08123ebc                __muldf3
                0x08124110                __divdf3
                0x08124110                __aeabi_ddiv
 .text          0x081242e0      0x110 C:/ST/STM32CubeCLT_1.21.0/GNU-tools-for-STM32/bin/../lib/gcc/arm-none-eabi/14.3.1/thumb/v7e-m+fp/hard\libgcc.a(_arm_cmpdf2.o)
                0x081242e0                __gtdf2
                0x081242e0                __gedf2
                0x081242e8                __ltdf2
                0x081242e8                __ledf2
                0x081242f0                __nedf2
                0x081242f0                __eqdf2
                0x081242f0                __cmpdf2
                0x0812436c                __aeabi_cdrcmple
                0x0812437c                __aeabi_cdcmpeq
                0x0812437c                __aeabi_cdcmple
                0x0812438c                __aeabi_dcmpeq
                0x081243a0                __aeabi_dcmplt
                0x081243b4                __aeabi_dcmple
                0x081243c8                __aeabi_dcmpge
                0x081243dc                __aeabi_dcmpgt
 .text          0x081243f0       0x2c C:/ST/STM32CubeCLT_1.21.0/GNU-tools-for-STM32/bin/../lib/gcc/arm-none-eabi/14.3.1/thumb/v7e-m+fp/hard\libgcc.a(_arm_unorddf2.o)
                0x081243f0                __unorddf2
                0x081243f0                __aeabi_dcmpun
 .text          0x0812441c       0x50 C:/ST/STM32CubeCLT_1.21.0/GNU-tools-for-STM32/bin/../lib/gcc/arm-none-eabi/14.3.1/thumb/v7e-m+fp/hard\libgcc.a(_arm_fixdfsi.o)
                0x0812441c                __aeabi_d2iz
                0x0812441c                __fixdfsi
 .text          0x0812446c       0xa0 C:/ST/STM32CubeCLT_1.21.0/GNU-tools-for-STM32/bin/../lib/gcc/arm-none-eabi/14.3.1/thumb/v7e-m+fp/hard\libgcc.a(_arm_truncdfsf2.o)
                0x0812446c                __truncdfsf2
                0x0812446c                __aeabi_d2f
 .text          0x0812450c       0x30 C:/ST/STM32CubeCLT_1.21.0/GNU-tools-for-STM32/bin/../lib/gcc/arm-none-eabi/14.3.1/thumb/v7e-m+fp/hard\libgcc.a(_aeabi_uldivmod.o)
                0x0812450c                __aeabi_uldivmod
 .text          0x0812453c      0x2f8 C:/ST/STM32CubeCLT_1.21.0/GNU-tools-for-STM32/bin/../lib/gcc/arm-none-eabi/14.3.1/thumb/v7e-m+fp/hard\libgcc.a(_udivmoddi4.o)
                0x0812453c                __udivmoddi4
 .text          0x08124834        0x4 C:/ST/STM32CubeCLT_1.21.0/GNU-tools-for-STM32/bin/../lib/gcc/arm-none-eabi/14.3.1/thumb/v7e-m+fp/hard\libgcc.a(_dvmd_tls.o)
                0x08124834                __aeabi_idiv0
                0x08124834                __aeabi_ldiv0
 .text._close   0x08124838       0x10 C:/ST/STM32CubeCLT_1.21.0/GNU-tools-for-STM32/bin/../lib/gcc/arm-none-eabi/14.3.1/../../../../arm-none-eabi/lib/thumb/v7e-m+fp/hard\libnosys.a(close.o)
                0x08124838                _close
 .text._fstat   0x08124848       0x10 C:/ST/STM32CubeCLT_1.21.0/GNU-tools-for-STM32/bin/../lib/gcc/arm-none-eabi/14.3.1/../../../../arm-none-eabi/lib/thumb/v7e-m+fp/hard\libnosys.a(fstat.o)
                0x08124848                _fstat
 .text._getpid  0x08124858       0x10 C:/ST/STM32CubeCLT_1.21.0/GNU-tools-for-STM32/bin/../lib/gcc/arm-none-eabi/14.3.1/../../../../arm-none-eabi/lib/thumb/v7e-m+fp/hard\libnosys.a(getpid.o)
                0x08124858                _getpid
 .text._isatty  0x08124868       0x10 C:/ST/STM32CubeCLT_1.21.0/GNU-tools-for-STM32/bin/../lib/gcc/arm-none-eabi/14.3.1/../../../../arm-none-eabi/lib/thumb/v7e-m+fp/hard\libnosys.a(isatty.o)
                0x08124868                _isatty
 .text._kill    0x08124878       0x10 C:/ST/STM32CubeCLT_1.21.0/GNU-tools-for-STM32/bin/../lib/gcc/arm-none-eabi/14.3.1/../../../../arm-none-eabi/lib/thumb/v7e-m+fp/hard\libnosys.a(kill.o)
                0x08124878                _kill
 .text._lseek   0x08124888       0x10 C:/ST/STM32CubeCLT_1.21.0/GNU-tools-for-STM32/bin/../lib/gcc/arm-none-eabi/14.3.1/../../../../arm-none-eabi/lib/thumb/v7e-m+fp/hard\libnosys.a(lseek.o)
                0x08124888                _lseek
 .text._read    0x08124898       0x10 C:/ST/STM32CubeCLT_1.21.0/GNU-tools-for-STM32/bin/../lib/gcc/arm-none-eabi/14.3.1/../../../../arm-none-eabi/lib/thumb/v7e-m+fp/hard\libnosys.a(read.o)
                0x08124898                _read
 .text._sbrk    0x081248a8       0x1c C:/ST/STM32CubeCLT_1.21.0/GNU-tools-for-STM32/bin/../lib/gcc/arm-none-eabi/14.3.1/../../../../arm-none-eabi/lib/thumb/v7e-m+fp/hard\libnosys.a(sbrk.o)
                0x081248a8                _sbrk
 .text._write   0x081248c4       0x10 C:/ST/STM32CubeCLT_1.21.0/GNU-tools-for-STM32/bin/../lib/gcc/arm-none-eabi/14.3.1/../../../../arm-none-eabi/lib/thumb/v7e-m+fp/hard\libnosys.a(write.o)
                0x081248c4                _write
 .text._exit    0x081248d4        0x4 C:/ST/STM32CubeCLT_1.21.0/GNU-tools-for-STM32/bin/../lib/gcc/arm-none-eabi/14.3.1/../../../../arm-none-eabi/lib/thumb/v7e-m+fp/hard\libnosys.a(_exit.o)
                0x081248d4                _exit
 *(.rodata)
 .rodata        0x081248d8       0x10 ../../arm_cortex/system_stm32h7xx_dualcore_boot_cm4_cm7.o
                0x081248d8                D1CorePrescTable
 .rodata        0x081248e8        0x9 ../../FreeRTOS-Kernel/tasks.o
 *fill*         0x081248f1        0x3 
 .rodata        0x081248f4       0xef ../../application/source/Bluetooth_Console.o
 *fill*         0x081249e3        0x1 
 .rodata        0x081249e4       0x28 ../../application/source/FreeRTOS_task.o
 .rodata        0x08124a0c       0x40 ../../application/source/IMU_Control.o
 .rodata        0x08124a4c        0x8 ../../STM32H7xx_HAL_Driver/Src/stm32h7xx_hal_dma.o
 .rodata        0x08124a54       0x18 ../../STM32H7xx_HAL_Driver/Src/stm32h7xx_hal_uart.o
                0x08124a54                UARTPrescTable
 .rodata        0x08124a6c       0x10 ../../STM32H7xx_HAL_Driver/Src/stm32h7xx_hal_uart_ex.o
 .rodata        0x08124a7c       0x14 ../../STM32H7xx_HAL_Driver/Src/stm32h7xx_nucleo.o
 .rodata        0x08124a90       0x62 ../port/main.o
 *(.rodata*)
 *fill*         0x08124af2        0x2 
 .rodata.CSWTCH.9
                0x08124af4        0xc C:/ST/STM32CubeCLT_1.21.0/GNU-tools-for-STM32/bin/../lib/gcc/arm-none-eabi/14.3.1/../../../../arm-none-eabi/lib/thumb/v7e-m+fp/hard\libm.a(libm_a-ef_atan2.o)
 .rodata.CSWTCH.8
                0x08124b00        0xc C:/ST/STM32CubeCLT_1.21.0/GNU-tools-for-STM32/bin/../lib/gcc/arm-none-eabi/14.3.1/../../../../arm-none-eabi/lib/thumb/v7e-m+fp/hard\libm.a(libm_a-ef_atan2.o)
 .rodata.atanlo
                0x08124b0c       0x10 C:/ST/STM32CubeCLT_1.21.0/GNU-tools-for-STM32/bin/../lib/gcc/arm-none-eabi/14.3.1/../../../../arm-none-eabi/lib/thumb/v7e-m+fp/hard\libm.a(libm_a-sf_atan.o)
 .rodata.atanhi
                0x08124b1c       0x10 C:/ST/STM32CubeCLT_1.21.0/GNU-tools-for-STM32/bin/../lib/gcc/arm-none-eabi/14.3.1/../../../../arm-none-eabi/lib/thumb/v7e-m+fp/hard\libm.a(libm_a-sf_atan.o)
 .rodata._svfprintf_r.str1.4
                0x08124b2c      0x16b C:/ST/STM32CubeCLT_1.21.0/GNU-tools-for-STM32/bin/../lib/gcc/arm-none-eabi/14.3.1/../../../../arm-none-eabi/lib/thumb/v7e-m+fp/hard\libc.a(libc_a-svfprintf.o)
                                 0x42 (size before relaxing)
 *fill*         0x08124c97        0x1 
 .rodata.zeroes.0
                0x08124c98       0x10 C:/ST/STM32CubeCLT_1.21.0/GNU-tools-for-STM32/bin/../lib/gcc/arm-none-eabi/14.3.1/../../../../arm-none-eabi/lib/thumb/v7e-m+fp/hard\libc.a(libc_a-svfprintf.o)
 .rodata.blanks.1
                0x08124ca8       0x10 C:/ST/STM32CubeCLT_1.21.0/GNU-tools-for-STM32/bin/../lib/gcc/arm-none-eabi/14.3.1/../../../../arm-none-eabi/lib/thumb/v7e-m+fp/hard\libc.a(libc_a-svfprintf.o)
 .rodata._dtoa_r.str1.4
                0x08124cb8       0x80 C:/ST/STM32CubeCLT_1.21.0/GNU-tools-for-STM32/bin/../lib/gcc/arm-none-eabi/14.3.1/../../../../arm-none-eabi/lib/thumb/v7e-m+fp/hard\libc.a(libc_a-dtoa.o)
 .rodata.__multadd.str1.4
                0x08124cb8       0x6d C:/ST/STM32CubeCLT_1.21.0/GNU-tools-for-STM32/bin/../lib/gcc/arm-none-eabi/14.3.1/../../../../arm-none-eabi/lib/thumb/v7e-m+fp/hard\libc.a(libc_a-mprec.o)
 .rodata.p05.0  0x08124cb8        0xc C:/ST/STM32CubeCLT_1.21.0/GNU-tools-for-STM32/bin/../lib/gcc/arm-none-eabi/14.3.1/../../../../arm-none-eabi/lib/thumb/v7e-m+fp/hard\libc.a(libc_a-mprec.o)
 *fill*         0x08124cc4        0x4 
 .rodata.__mprec_bigtens
                0x08124cc8       0x28 C:/ST/STM32CubeCLT_1.21.0/GNU-tools-for-STM32/bin/../lib/gcc/arm-none-eabi/14.3.1/../../../../arm-none-eabi/lib/thumb/v7e-m+fp/hard\libc.a(libc_a-mprec.o)
                0x08124cc8                __mprec_bigtens
 .rodata.__mprec_tens
                0x08124cf0       0xc8 C:/ST/STM32CubeCLT_1.21.0/GNU-tools-for-STM32/bin/../lib/gcc/arm-none-eabi/14.3.1/../../../../arm-none-eabi/lib/thumb/v7e-m+fp/hard\libc.a(libc_a-mprec.o)
                0x08124cf0                __mprec_tens
 .rodata._setlocale_r.str1.4
                0x08124db8        0xd C:/ST/STM32CubeCLT_1.21.0/GNU-tools-for-STM32/bin/../lib/gcc/arm-none-eabi/14.3.1/../../../../arm-none-eabi/lib/thumb/v7e-m+fp/hard\libc.a(libc_a-locale.o)
 .rodata.str1.4
                0x08124db8        0x2 C:/ST/STM32CubeCLT_1.21.0/GNU-tools-for-STM32/bin/../lib/gcc/arm-none-eabi/14.3.1/../../../../arm-none-eabi/lib/thumb/v7e-m+fp/hard\libc.a(libc_a-locale.o)
 .rodata.__assert_func.str1.4
                0x08124db8       0x43 C:/ST/STM32CubeCLT_1.21.0/GNU-tools-for-STM32/bin/../lib/gcc/arm-none-eabi/14.3.1/../../../../arm-none-eabi/lib/thumb/v7e-m+fp/hard\libc.a(libc_a-assert.o)
 .rodata._ctype_
                0x08124db8      0x101 C:/ST/STM32CubeCLT_1.21.0/GNU-tools-for-STM32/bin/../lib/gcc/arm-none-eabi/14.3.1/../../../../arm-none-eabi/lib/thumb/v7e-m+fp/hard\libc.a(libc_a-ctype_.o)
                0x08124db8                _ctype_
 .rodata._vfiprintf_r.str1.4
                0x08124eb9       0x2f C:/ST/STM32CubeCLT_1.21.0/GNU-tools-for-STM32/bin/../lib/gcc/arm-none-eabi/14.3.1/../../../../arm-none-eabi/lib/thumb/v7e-m+fp/hard\libc.a(libc_a-vfiprintf.o)
 *fill*         0x08124eb9        0x3 
 .rodata.zeroes.0
                0x08124ebc       0x10 C:/ST/STM32CubeCLT_1.21.0/GNU-tools-for-STM32/bin/../lib/gcc/arm-none-eabi/14.3.1/../../../../arm-none-eabi/lib/thumb/v7e-m+fp/hard\libc.a(libc_a-vfiprintf.o)
 .rodata.blanks.1
                0x08124ecc       0x10 C:/ST/STM32CubeCLT_1.21.0/GNU-tools-for-STM32/bin/../lib/gcc/arm-none-eabi/14.3.1/../../../../arm-none-eabi/lib/thumb/v7e-m+fp/hard\libc.a(libc_a-vfiprintf.o)
                0x08124edc                        _etext = .

.glue_7         0x08124edc        0x0
 .glue_7        0x08124edc        0x0 linker stubs

.glue_7t        0x08124edc        0x0
 .glue_7t       0x08124edc        0x0 linker stubs

.vfp11_veneer   0x08124edc        0x0
 .vfp11_veneer  0x08124edc        0x0 linker stubs

.v4_bx          0x08124edc        0x0
 .v4_bx         0x08124edc        0x0 linker stubs

.init           0x08124edc        0x4
 .init          0x08124edc        0x4 C:/ST/STM32CubeCLT_1.21.0/GNU-tools-for-STM32/bin/../lib/gcc/arm-none-eabi/14.3.1/thumb/v7e-m+fp/hard/crti.o
                0x08124edc                _init

.fini           0x08124ee0        0x4
 .fini          0x08124ee0        0x4 C:/ST/STM32CubeCLT_1.21.0/GNU-tools-for-STM32/bin/../lib/gcc/arm-none-eabi/14.3.1/thumb/v7e-m+fp/hard/crti.o
                0x08124ee0                _fini

.iplt           0x08124ee4        0x0
 .iplt          0x08124ee4        0x0 ../port/boot.o

.rel.dyn        0x08124ee4        0x0
 .rel.iplt      0x08124ee4        0x0 ../port/boot.o

.ARM.exidx      0x08124ee4        0x8
 .ARM.exidx     0x08124ee4        0x8 C:/ST/STM32CubeCLT_1.21.0/GNU-tools-for-STM32/bin/../lib/gcc/arm-none-eabi/14.3.1/../../../../arm-none-eabi/lib/thumb/v7e-m+fp/hard\libc.a(libc_a-memchr.o)
 .ARM.exidx     0x08124eec        0x0 C:/ST/STM32CubeCLT_1.21.0/GNU-tools-for-STM32/bin/../lib/gcc/arm-none-eabi/14.3.1/thumb/v7e-m+fp/hard\libgcc.a(_udivmoddi4.o)
                                  0x8 (size before relaxing)

.data           0x30000000      0x6dc load address 0x08124eec
                0x30000000                        _sdata = .
                0x08124eec                        _sidata = LOADADDR (.data)
 *(.data*)
 .data          0x30000000        0x8 ../../arm_cortex/system_stm32h7xx_dualcore_boot_cm4_cm7.o
                0x30000000                SystemCoreClock
                0x30000004                SystemD2Clock
 .data          0x30000008        0x4 ../../FreeRTOS-Kernel/portable/GCC/ARM_CM4F/port.o
 .data          0x3000000c        0x5 ../../STM32H7xx_HAL_Driver/Src/stm32h7xx_hal.o
                0x3000000c                uwTickPrio
                0x30000010                uwTickFreq
 *fill*         0x30000011        0x3 
 .data          0x30000014       0x1c ../../STM32H7xx_HAL_Driver/Src/stm32h7xx_nucleo.o
                0x30000014                COM_USART
 .data.__sglue  0x30000030        0xc C:/ST/STM32CubeCLT_1.21.0/GNU-tools-for-STM32/bin/../lib/gcc/arm-none-eabi/14.3.1/../../../../arm-none-eabi/lib/thumb/v7e-m+fp/hard\libc.a(libc_a-findfp.o)
                0x30000030                __sglue
 .data._impure_ptr
                0x3000003c        0x4 C:/ST/STM32CubeCLT_1.21.0/GNU-tools-for-STM32/bin/../lib/gcc/arm-none-eabi/14.3.1/../../../../arm-none-eabi/lib/thumb/v7e-m+fp/hard\libc.a(libc_a-impure.o)
                0x3000003c                _impure_ptr
 .data._impure_data
                0x30000040      0x120 C:/ST/STM32CubeCLT_1.21.0/GNU-tools-for-STM32/bin/../lib/gcc/arm-none-eabi/14.3.1/../../../../arm-none-eabi/lib/thumb/v7e-m+fp/hard\libc.a(libc_a-impure.o)
                0x30000040                _impure_data
 .data.__malloc_sbrk_base
                0x30000160        0x4 C:/ST/STM32CubeCLT_1.21.0/GNU-tools-for-STM32/bin/../lib/gcc/arm-none-eabi/14.3.1/../../../../arm-none-eabi/lib/thumb/v7e-m+fp/hard\libc.a(libc_a-mallocr.o)
                0x30000160                __malloc_sbrk_base
 .data.__malloc_trim_threshold
                0x30000164        0x4 C:/ST/STM32CubeCLT_1.21.0/GNU-tools-for-STM32/bin/../lib/gcc/arm-none-eabi/14.3.1/../../../../arm-none-eabi/lib/thumb/v7e-m+fp/hard\libc.a(libc_a-mallocr.o)
                0x30000164                __malloc_trim_threshold
 .data.__malloc_av_
                0x30000168      0x408 C:/ST/STM32CubeCLT_1.21.0/GNU-tools-for-STM32/bin/../lib/gcc/arm-none-eabi/14.3.1/../../../../arm-none-eabi/lib/thumb/v7e-m+fp/hard\libc.a(libc_a-mallocr.o)
                0x30000168                __malloc_av_
 .data.__global_locale
                0x30000570      0x16c C:/ST/STM32CubeCLT_1.21.0/GNU-tools-for-STM32/bin/../lib/gcc/arm-none-eabi/14.3.1/../../../../arm-none-eabi/lib/thumb/v7e-m+fp/hard\libc.a(libc_a-locale.o)
                0x30000570                __global_locale
                0x300006dc                        . = ALIGN (0x4)
                0x300006dc                        _edata = .

.igot.plt       0x300006dc        0x0 load address 0x081255c8
 .igot.plt      0x300006dc        0x0 ../port/boot.o

.bss            0x300006dc     0x15ec load address 0x081255c8
                0x300006dc                        _sbss = .
 *(.bss*)
 .bss           0x300006dc       0xec ../../FreeRTOS-Kernel/tasks.o
                0x300006dc                pxCurrentTCB
 .bss           0x300007c8       0x50 ../../FreeRTOS-Kernel/queue.o
                0x300007c8                xQueueRegistry
 .bss           0x30000818     0x101c ../../FreeRTOS-Kernel/portable/MemMang/heap_4.o
 .bss           0x30001834        0x8 ../../FreeRTOS-Kernel/portable/GCC/ARM_CM4F/port.o
 .bss           0x3000183c      0x186 ../../application/source/Bluetooth_Console.o
                0x3000183c                BspCOMInit
                0x3000184c                BT_UART
                0x300018e0                Terminal_UART
                0x30001974                BT_COMInit
                0x30001998                BT_gpio_init_structure
                0x300019ac                Terminal_gpio_init_structure
                0x300019c0                received_char
 *fill*         0x300019c2        0x2 
 .bss           0x300019c4       0x15 ../../application/source/FreeRTOS_task.o
                0x300019c4                xMutex_m7
                0x300019c8                xSemaphore_m7
                0x300019cc                xMutex_m4
                0x300019d0                xSemaphore_m4
                0x300019d4                xUartQueue
                0x300019d8                traffic_signal
 *fill*         0x300019d9        0x3 
 .bss           0x300019dc       0x74 ../../application/source/IMU_Control.o
                0x300019dc                hi2c1
                0x30001a3e                pitch
                0x30001a40                roll
                0x30001a42                yaw
 .bss           0x30001a50        0x4 ../../STM32H7xx_HAL_Driver/Src/stm32h7xx_hal.o
                0x30001a50                uwTick
 .bss           0x30001a54       0x9d ../../STM32H7xx_HAL_Driver/Src/stm32h7xx_nucleo.o
                0x30001a54                hpb_exti
                0x30001a5c                hcom_uart
 *fill*         0x30001af1        0x3 
 .bss           0x30001af4       0x50 ../port/exception_handlers.o
                0x30001af4                g_exception_frame
                0x30001b14                g_hardFaultInfo
 .bss           0x30001b44        0x4 ../port/main.o
 .bss.__sf      0x30001b48      0x138 C:/ST/STM32CubeCLT_1.21.0/GNU-tools-for-STM32/bin/../lib/gcc/arm-none-eabi/14.3.1/../../../../arm-none-eabi/lib/thumb/v7e-m+fp/hard\libc.a(libc_a-findfp.o)
                0x30001b48                __sf
 .bss.__stdio_exit_handler
                0x30001c80        0x4 C:/ST/STM32CubeCLT_1.21.0/GNU-tools-for-STM32/bin/../lib/gcc/arm-none-eabi/14.3.1/../../../../arm-none-eabi/lib/thumb/v7e-m+fp/hard\libc.a(libc_a-findfp.o)
                0x30001c80                __stdio_exit_handler
 .bss.errno     0x30001c84        0x4 C:/ST/STM32CubeCLT_1.21.0/GNU-tools-for-STM32/bin/../lib/gcc/arm-none-eabi/14.3.1/../../../../arm-none-eabi/lib/thumb/v7e-m+fp/hard\libc.a(libc_a-reent.o)
                0x30001c84                errno
 .bss.__lock___malloc_recursive_mutex
                0x30001c88        0x1 C:/ST/STM32CubeCLT_1.21.0/GNU-tools-for-STM32/bin/../lib/gcc/arm-none-eabi/14.3.1/../../../../arm-none-eabi/lib/thumb/v7e-m+fp/hard\libc.a(libc_a-lock.o)
                0x30001c88                __lock___malloc_recursive_mutex
 *fill*         0x30001c89        0x3 
 .bss.__lock___sfp_recursive_mutex
                0x30001c8c        0x1 C:/ST/STM32CubeCLT_1.21.0/GNU-tools-for-STM32/bin/../lib/gcc/arm-none-eabi/14.3.1/../../../../arm-none-eabi/lib/thumb/v7e-m+fp/hard\libc.a(libc_a-lock.o)
                0x30001c8c                __lock___sfp_recursive_mutex
 *fill*         0x30001c8d        0x3 
 .bss.__malloc_current_mallinfo
                0x30001c90       0x28 C:/ST/STM32CubeCLT_1.21.0/GNU-tools-for-STM32/bin/../lib/gcc/arm-none-eabi/14.3.1/../../../../arm-none-eabi/lib/thumb/v7e-m+fp/hard\libc.a(libc_a-mallocr.o)
                0x30001c90                __malloc_current_mallinfo
 .bss.__malloc_max_total_mem
                0x30001cb8        0x4 C:/ST/STM32CubeCLT_1.21.0/GNU-tools-for-STM32/bin/../lib/gcc/arm-none-eabi/14.3.1/../../../../arm-none-eabi/lib/thumb/v7e-m+fp/hard\libc.a(libc_a-mallocr.o)
                0x30001cb8                __malloc_max_total_mem
 .bss.__malloc_max_sbrked_mem
                0x30001cbc        0x4 C:/ST/STM32CubeCLT_1.21.0/GNU-tools-for-STM32/bin/../lib/gcc/arm-none-eabi/14.3.1/../../../../arm-none-eabi/lib/thumb/v7e-m+fp/hard\libc.a(libc_a-mallocr.o)
                0x30001cbc                __malloc_max_sbrked_mem
 .bss.__malloc_top_pad
                0x30001cc0        0x4 C:/ST/STM32CubeCLT_1.21.0/GNU-tools-for-STM32/bin/../lib/gcc/arm-none-eabi/14.3.1/../../../../arm-none-eabi/lib/thumb/v7e-m+fp/hard\libc.a(libc_a-mallocr.o)
                0x30001cc0                __malloc_top_pad
 .bss.heap_end.0
                0x30001cc4        0x4 C:/ST/STM32CubeCLT_1.21.0/GNU-tools-for-STM32/bin/../lib/gcc/arm-none-eabi/14.3.1/../../../../arm-none-eabi/lib/thumb/v7e-m+fp/hard\libnosys.a(sbrk.o)
 *(COMMON)
                0x30001cc8                        . = ALIGN (0x4)
                0x30001cc8                        _ebss = .
                0x30001cc8                        end = .
                0x30001cc8                        _end = .
                0x30020000                        __StackTop = (ORIGIN (RAM) + LENGTH (RAM))
                0x3001fffc                        PROVIDE (__stack = (__StackTop - 0x4))
OUTPUT(SmartRcCar_M4.elf elf32-littlearm)
LOAD linker stubs

.ARM.attributes
                0x00000000       0x30
 .ARM.attributes
                0x00000000       0x22 C:/ST/STM32CubeCLT_1.21.0/GNU-tools-for-STM32/bin/../lib/gcc/arm-none-eabi/14.3.1/thumb/v7e-m+fp/hard/crti.o
 .ARM.attributes
                0x00000022       0x21 ../port/boot.o
 .ARM.attributes
                0x00000043       0x34 ../../arm_cortex/system_stm32h7xx_dualcore_boot_cm4_cm7.o
 .ARM.attributes
                0x00000077       0x34 ../../FreeRTOS-Kernel/tasks.o
 .ARM.attributes
                0x000000ab       0x34 ../../FreeRTOS-Kernel/list.o
 .ARM.attributes
                0x000000df       0x34 ../../FreeRTOS-Kernel/queue.o
 .ARM.attributes
                0x00000113       0x34 ../../FreeRTOS-Kernel/portable/MemMang/heap_4.o
 .ARM.attributes
                0x00000147       0x34 ../../FreeRTOS-Kernel/portable/GCC/ARM_CM4F/port.o
 .ARM.attributes
                0x0000017b       0x34 ../../application/source/Bluetooth_Console.o
 .ARM.attributes
                0x000001af       0x34 ../../application/source/FreeRTOS_task.o
 .ARM.attributes
                0x000001e3       0x34 ../../application/source/IMU_Control.o
 .ARM.attributes
                0x00000217       0x34 ../../STM32H7xx_HAL_Driver/Src/stm32h7xx_hal.o
 .ARM.attributes
                0x0000024b       0x34 ../../STM32H7xx_HAL_Driver/Src/stm32h7xx_hal_cortex.o
 .ARM.attributes
                0x0000027f       0x34 ../../STM32H7xx_HAL_Driver/Src/stm32h7xx_hal_dma.o
 .ARM.attributes
                0x000002b3       0x34 ../../STM32H7xx_HAL_Driver/Src/stm32h7xx_hal_exti.o
 .ARM.attributes
                0x000002e7       0x34 ../../STM32H7xx_HAL_Driver/Src/stm32h7xx_hal_gpio.o
 .ARM.attributes
                0x0000031b       0x34 ../../STM32H7xx_HAL_Driver/Src/stm32h7xx_hal_hsem.o
 .ARM.attributes
                0x0000034f       0x34 ../../STM32H7xx_HAL_Driver/Src/stm32h7xx_hal_i2c.o
 .ARM.attributes
                0x00000383       0x34 ../../STM32H7xx_HAL_Driver/Src/stm32h7xx_hal_i2c_ex.o
 .ARM.attributes
                0x000003b7       0x34 ../../STM32H7xx_HAL_Driver/Src/stm32h7xx_hal_pwr.o
 .ARM.attributes
                0x000003eb       0x34 ../../STM32H7xx_HAL_Driver/Src/stm32h7xx_hal_pwr_ex.o
 .ARM.attributes
                0x0000041f       0x34 ../../STM32H7xx_HAL_Driver/Src/stm32h7xx_hal_rcc.o
 .ARM.attributes
                0x00000453       0x34 ../../STM32H7xx_HAL_Driver/Src/stm32h7xx_hal_rcc_ex.o
 .ARM.attributes
                0x00000487       0x34 ../../STM32H7xx_HAL_Driver/Src/stm32h7xx_hal_uart.o
 .ARM.attributes
                0x000004bb       0x34 ../../STM32H7xx_HAL_Driver/Src/stm32h7xx_hal_uart_ex.o
 .ARM.attributes
                0x000004ef       0x34 ../../STM32H7xx_HAL_Driver/Src/stm32h7xx_nucleo.o
 .ARM.attributes
                0x00000523       0x34 ../port/exception_handlers.o
 .ARM.attributes
                0x00000557       0x34 ../port/main.o
 .ARM.attributes
                0x0000058b       0x34 ../port/portFunctions.o
 .ARM.attributes
                0x000005bf       0x34 ../port/start.o
 .ARM.attributes
                0x000005f3       0x34 C:/ST/STM32CubeCLT_1.21.0/GNU-tools-for-STM32/bin/../lib/gcc/arm-none-eabi/14.3.1/../../../../arm-none-eabi/lib/thumb/v7e-m+fp/hard\libm.a(libm_a-wf_atan2.o)
 .ARM.attributes
                0x00000627       0x34 C:/ST/STM32CubeCLT_1.21.0/GNU-tools-for-STM32/bin/../lib/gcc/arm-none-eabi/14.3.1/../../../../arm-none-eabi/lib/thumb/v7e-m+fp/hard\libm.a(libm_a-wf_sqrt.o)
 .ARM.attributes
                0x0000065b       0x34 C:/ST/STM32CubeCLT_1.21.0/GNU-tools-for-STM32/bin/../lib/gcc/arm-none-eabi/14.3.1/../../../../arm-none-eabi/lib/thumb/v7e-m+fp/hard\libm.a(libm_a-ef_sqrt.o)
 .ARM.attributes
                0x0000068f       0x34 C:/ST/STM32CubeCLT_1.21.0/GNU-tools-for-STM32/bin/../lib/gcc/arm-none-eabi/14.3.1/../../../../arm-none-eabi/lib/thumb/v7e-m+fp/hard\libm.a(libm_a-ef_atan2.o)
 .ARM.attributes
                0x000006c3       0x34 C:/ST/STM32CubeCLT_1.21.0/GNU-tools-for-STM32/bin/../lib/gcc/arm-none-eabi/14.3.1/../../../../arm-none-eabi/lib/thumb/v7e-m+fp/hard\libm.a(libm_a-sf_atan.o)
 .ARM.attributes
                0x000006f7       0x34 C:/ST/STM32CubeCLT_1.21.0/GNU-tools-for-STM32/bin/../lib/gcc/arm-none-eabi/14.3.1/../../../../arm-none-eabi/lib/thumb/v7e-m+fp/hard\libm.a(libm_a-sf_fabs.o)
 .ARM.attributes
                0x0000072b       0x34 C:/ST/STM32CubeCLT_1.21.0/GNU-tools-for-STM32/bin/../lib/gcc/arm-none-eabi/14.3.1/../../../../arm-none-eabi/lib/thumb/v7e-m+fp/hard\libc.a(libc_a-findfp.o)
 .ARM.attributes
                0x0000075f       0x34 C:/ST/STM32CubeCLT_1.21.0/GNU-tools-for-STM32/bin/../lib/gcc/arm-none-eabi/14.3.1/../../../../arm-none-eabi/lib/thumb/v7e-m+fp/hard\libc.a(libc_a-fwalk.o)
 .ARM.attributes